******************************************************************************
                  TI ARM Linker PC v15.12.3                    
******************************************************************************
>> Linked Fri Jan 06 12:03:57 2017

OUTPUT FILE NAME:   <uart0.out>
ENTRY POINT SYMBOL: "_c_int00"  address: 0000186d


MEMORY CONFIGURATION

         name            origin    length      used     unused   attr    fill
----------------------  --------  ---------  --------  --------  ----  --------
  FLASH                 00000000   00040000  00001de6  0003e21a  R  X
  SRAM                  20000000   00008000  00000484  00007b7c  RW X


SEGMENT ALLOCATION MAP

run origin  load origin   length   init length attrs members
----------  ----------- ---------- ----------- ----- -------
00000000    00000000    00001dec   00001dec    r-x
  00000000    00000000    0000026c   0000026c    r-- .intvecs
  0000026c    0000026c    000017c2   000017c2    r-x .text
  00001a30    00001a30    0000037c   0000037c    r-- .const
  00001db0    00001db0    0000003c   0000003c    r-- .cinit
20000000    20000000    00000484   00000000    rw-
  20000000    20000000    0000026c   00000000    rw- .vtable
  2000026c    2000026c    00000200   00000000    rw- .stack
  2000046c    2000046c    00000018   00000000    rw- .data


SECTION ALLOCATION MAP

 output                                  attributes/
section   page    origin      length       input sections
--------  ----  ----------  ----------   ----------------
.intvecs   0    00000000    0000026c     
                  00000000    0000026c     tm4c123gh6pm_startup_ccs.obj (.intvecs)

.text      0    0000026c    000017c2     
                  0000026c    0000122c     uart0.obj (.text)
                  00001498    00000110     driverlib.lib : sysctl.obj (.text:SysCtlClockGet)
                  000015a8    0000009c     rtsv7M4_T_le_v4SPD16_eabi.lib : memcpy_t2.obj (.text)
                  00001644    0000007a                                   : memset_t2.obj (.text)
                  000016be    00000002     driverlib.lib : interrupt.obj (.text:_IntDefaultHandler)
                  000016c0    00000070     rtsv7M4_T_le_v4SPD16_eabi.lib : autoinit.obj (.text)
                  00001730    0000006a                                   : copy_decompress_rle.obj (.text)
                  0000179a    00000002                                   : mpu_init.obj (.text)
                  0000179c    00000068     driverlib.lib : interrupt.obj (.text:IntDisable)
                  00001804    00000068                   : interrupt.obj (.text:IntEnable)
                  0000186c    00000054     rtsv7M4_T_le_v4SPD16_eabi.lib : boot.obj (.text)
                  000018c0    00000054                                   : exit.obj (.text)
                  00001914    0000004c                                   : cpy_tbl.obj (.text)
                  00001960    00000034     driverlib.lib : interrupt.obj (.text:IntRegister)
                  00001994    00000034                   : sysctl.obj (.text:SysCtlPeripheralEnable)
                  000019c8    00000018     rtsv7M4_T_le_v4SPD16_eabi.lib : args_main.obj (.text)
                  000019e0    00000014     driverlib.lib : interrupt.obj (.text:IntUnregister)
                  000019f4    00000014     rtsv7M4_T_le_v4SPD16_eabi.lib : _lock.obj (.text)
                  00001a08    0000000e                                   : copy_decompress_none.obj (.text:decompress:none)
                  00001a16    0000000c     tm4c123gh6pm_startup_ccs.obj (.text)
                  00001a22    00000006     rtsv7M4_T_le_v4SPD16_eabi.lib : copy_decompress_rle.obj (.text:decompress:rle24)
                  00001a28    00000004                                   : pre_init.obj (.text)
                  00001a2c    00000002                                   : startup.obj (.text)

.const     0    00001a30    0000037c     
                  00001a30    000000c0     uart0.obj (.const:g_ppui32GPIOIntMapBlizzard)
                  00001af0    000000c0     uart0.obj (.const:g_ppui32GPIOIntMapSnowflake)
                  00001bb0    00000090     uart0.obj (.const:g_pui32GPIOBaseAddrs)
                  00001c40    00000070     driverlib.lib : interrupt.obj (.const)
                  00001cb0    0000006c                   : sysctl.obj (.const:g_pui32Xtals)
                  00001d1c    00000040     uart0.obj (.const:g_ppui32UARTIntMap)
                  00001d5c    00000040     uart0.obj (.const:g_ppui32UARTIntMapSnowflake)
                  00001d9c    00000010     uart0.obj (.const)

.cinit     0    00001db0    0000003c     
                  00001db0    00000016     (.cinit..data.load) [load image, compression = rle]
                  00001dc6    00000002     --HOLE-- [fill = 0]
                  00001dc8    0000000b     (.cinit..vtable.load) [load image, compression = rle]
                  00001dd3    00000001     --HOLE-- [fill = 0]
                  00001dd4    00000008     (__TI_handler_table)
                  00001ddc    00000010     (__TI_cinit_table)

.init_array 
*          0    00000000    00000000     UNINITIALIZED

.vtable    0    20000000    0000026c     UNINITIALIZED
                  20000000    0000026c     driverlib.lib : interrupt.obj (.vtable)

.stack     0    2000026c    00000200     UNINITIALIZED
                  2000026c    00000200     --HOLE--

.data      0    2000046c    00000018     UNINITIALIZED
                  2000046c    0000000c     rtsv7M4_T_le_v4SPD16_eabi.lib : exit.obj (.data:$O1$$)
                  20000478    00000008                                   : _lock.obj (.data:$O1$$)
                  20000480    00000004                                   : stkdepth_vars.obj (.data)

MODULE SUMMARY

       Module                         code   ro data   rw data
       ------                         ----   -------   -------
    .\
       uart0.obj                      4652   672       0      
       tm4c123gh6pm_startup_ccs.obj   12     620       0      
    +--+------------------------------+------+---------+---------+
       Total:                         4664   1292      0      
                                                              
    C:/TEXASINSTRUMENTS/TivaWare_C_Series-2.1.3.156/driverlib/ccs/Debug/driverlib.lib
       interrupt.obj                  282    112       620    
       sysctl.obj                     324    108       0      
    +--+------------------------------+------+---------+---------+
       Total:                         606    220       620    
                                                              
    C:\TEXASINSTRUMENTS\ccsv6\tools\compiler\arm_15.12.3.LTS\lib\rtsv7M4_T_le_v4SPD16_eabi.lib
       memcpy_t2.obj                  156    0         0      
       memset_t2.obj                  122    0         0      
       autoinit.obj                   112    0         0      
       copy_decompress_rle.obj        112    0         0      
       exit.obj                       84     0         12     
       boot.obj                       84     0         0      
       cpy_tbl.obj                    76     0         0      
       _lock.obj                      20     0         8      
       args_main.obj                  24     0         0      
       copy_decompress_none.obj       14     0         0      
       pre_init.obj                   4      0         0      
       stkdepth_vars.obj              0      0         4      
       mpu_init.obj                   2      0         0      
       startup.obj                    2      0         0      
    +--+------------------------------+------+---------+---------+
       Total:                         812    0         24     
                                                              
       Stack:                         0      0         512    
       Linker Generated:              0      57        0      
    +--+------------------------------+------+---------+---------+
       Grand Total:                   6082   1569      1156   


LINKER GENERATED COPY TABLES

__TI_cinit_table @ 00001ddc records: 2, size/record: 8, table size: 16
	.data: load addr=00001db0, load size=00000016 bytes, run addr=2000046c, run size=00000018 bytes, compression=rle
	.vtable: load addr=00001dc8, load size=0000000b bytes, run addr=20000000, run size=0000026c bytes, compression=rle


LINKER GENERATED HANDLER TABLE

__TI_handler_table @ 00001dd4 records: 2, size/record: 4, table size: 8
	index: 0, handler: __TI_decompress_rle24
	index: 1, handler: __TI_decompress_none


GLOBAL SYMBOLS: SORTED ALPHABETICALLY BY Name 

address   name                           
-------   ----                           
000018c1  C$$EXIT                        
00000d97  GPIOADCTriggerDisable          
00000d79  GPIOADCTriggerEnable           
00000d5b  GPIODMATriggerDisable          
00000d3d  GPIODMATriggerEnable           
0000032b  GPIODirModeGet                 
000002cf  GPIODirModeSet                 
0000089f  GPIOIntClear                   
00000863  GPIOIntDisable                 
00000849  GPIOIntEnable                  
000008b3  GPIOIntRegister                
0000087d  GPIOIntStatus                  
0000041b  GPIOIntTypeGet                 
00000377  GPIOIntTypeSet                 
000008d1  GPIOIntUnregister              
000006f7  GPIOPadConfigGet               
000004b9  GPIOPadConfigSet               
00000cdf  GPIOPinConfigure               
000008eb  GPIOPinRead                    
00000923  GPIOPinTypeADC                 
00000947  GPIOPinTypeCAN                 
0000096b  GPIOPinTypeComparator          
0000098f  GPIOPinTypeComparatorOutput    
000009b3  GPIOPinTypeDIVSCLK             
000009d7  GPIOPinTypeEPI                 
000009fb  GPIOPinTypeEthernetLED         
00000a1f  GPIOPinTypeEthernetMII         
00000a43  GPIOPinTypeGPIOInput           
00000a67  GPIOPinTypeGPIOOutput          
00000a8b  GPIOPinTypeGPIOOutputOD        
00000aaf  GPIOPinTypeHibernateRTCCLK     
00000ad3  GPIOPinTypeI2C                 
00000af7  GPIOPinTypeI2CSCL              
00000b1b  GPIOPinTypeLCD                 
00000b3f  GPIOPinTypeOneWire             
00000b63  GPIOPinTypePWM                 
00000b87  GPIOPinTypeQEI                 
00000bab  GPIOPinTypeSSI                 
00000bcf  GPIOPinTypeTimer               
00000bf3  GPIOPinTypeTrace               
00000c17  GPIOPinTypeUART                
00000c3b  GPIOPinTypeUSBAnalog           
00000c5f  GPIOPinTypeUSBDigital          
00000c83  GPIOPinTypeWakeHigh            
00000ca9  GPIOPinTypeWakeLow             
00000ccf  GPIOPinWakeStatus              
00000903  GPIOPinWrite                   
0000179d  IntDisable                     
00001805  IntEnable                      
00001961  IntRegister                    
000019e1  IntUnregister                  
00001a17  ResetISR                       
UNDEFED   SHT$$INIT_ARRAY$$Base          
UNDEFED   SHT$$INIT_ARRAY$$Limit         
00001499  SysCtlClockGet                 
00001995  SysCtlPeripheralEnable         
00001397  UART9BitAddrSend               
00001371  UART9BitAddrSet                
0000135b  UART9BitDisable                
00001345  UART9BitEnable                 
000011eb  UARTBreakCtl                   
00001215  UARTBusy                       
00001193  UARTCharGet                    
00001177  UARTCharGetNonBlocking         
000011cd  UARTCharPut                    
000011a9  UARTCharPutNonBlocking         
0000113b  UARTCharsAvail                 
00001335  UARTClockSourceGet             
00001321  UARTClockSourceSet             
00000efb  UARTConfigGetExpClk            
00000e85  UARTConfigSetExpClk            
000012e7  UARTDMADisable                 
000012cf  UARTDMAEnable                  
00000f6b  UARTDisable                    
00000ff7  UARTDisableSIR                 
00000f47  UARTEnable                     
00000fc9  UARTEnableSIR                  
00000fab  UARTFIFODisable                
00000f95  UARTFIFOEnable                 
00000e5d  UARTFIFOLevelGet               
00000e45  UARTFIFOLevelSet               
000010fb  UARTFlowControlGet             
000010df  UARTFlowControlSet             
000012bd  UARTIntClear                   
00001287  UARTIntDisable                 
0000126f  UARTIntEnable                  
00001233  UARTIntRegister                
0000129f  UARTIntStatus                  
00001255  UARTIntUnregister              
000013df  UARTLoopbackEnable             
00001095  UARTModemControlClear          
000010b9  UARTModemControlGet            
00001055  UARTModemControlSet            
000010cb  UARTModemStatusGet             
00000e33  UARTParityModeGet              
00000e17  UARTParityModeSet              
00001311  UARTRxErrorClear               
000012ff  UARTRxErrorGet                 
0000103f  UARTSmartCardDisable           
0000100d  UARTSmartCardEnable            
00001159  UARTSpaceAvail                 
00001129  UARTTxIntModeGet               
0000110d  UARTTxIntModeSet               
2000046c  __STACK_END                    
00000200  __STACK_SIZE                   
2000046c  __STACK_TOP                    
00001ddc  __TI_CINIT_Base                
00001dec  __TI_CINIT_Limit               
00001dd4  __TI_Handler_Table_Base        
00001ddc  __TI_Handler_Table_Limit       
000016c1  __TI_auto_init                 
2000046c  __TI_cleanup_ptr               
00001a09  __TI_decompress_none           
00001a23  __TI_decompress_rle24          
20000470  __TI_dtors_ptr                 
20000474  __TI_enable_exit_profile_output
ffffffff  __TI_pprof_out_hndl            
ffffffff  __TI_prof_data_size            
ffffffff  __TI_prof_data_start           
00000000  __TI_static_base__             
00001645  __aeabi_memclr                 
00001645  __aeabi_memclr4                
00001645  __aeabi_memclr8                
000015a9  __aeabi_memcpy                 
000015a9  __aeabi_memcpy4                
000015a9  __aeabi_memcpy8                
00001647  __aeabi_memset                 
00001647  __aeabi_memset4                
00001647  __aeabi_memset8                
ffffffff  __binit__                      
ffffffff  __c_args__                     
0000179b  __mpu_init                     
2000026c  __stack                        
000019c9  _args_main                     
0000186d  _c_int00                       
20000478  _lock                          
00001a03  _nop                           
000019fb  _register_lock                 
000019f5  _register_unlock               
00001a2d  _system_post_cinit             
00001a29  _system_pre_init               
2000047c  _unlock                        
000018c5  abort                          
ffffffff  binit                          
00001915  copy_in                        
000018cd  exit                           
20000000  g_pfnRAMVectors                
00000000  g_pfnVectors                   
000013f5  main                           
20000480  main_func_sp                   
000015a9  memcpy                         
0000164d  memset                         
00001463  txint                          


GLOBAL SYMBOLS: SORTED BY Symbol Address 

address   name                           
-------   ----                           
00000000  __TI_static_base__             
00000000  g_pfnVectors                   
00000200  __STACK_SIZE                   
000002cf  GPIODirModeSet                 
0000032b  GPIODirModeGet                 
00000377  GPIOIntTypeSet                 
0000041b  GPIOIntTypeGet                 
000004b9  GPIOPadConfigSet               
000006f7  GPIOPadConfigGet               
00000849  GPIOIntEnable                  
00000863  GPIOIntDisable                 
0000087d  GPIOIntStatus                  
0000089f  GPIOIntClear                   
000008b3  GPIOIntRegister                
000008d1  GPIOIntUnregister              
000008eb  GPIOPinRead                    
00000903  GPIOPinWrite                   
00000923  GPIOPinTypeADC                 
00000947  GPIOPinTypeCAN                 
0000096b  GPIOPinTypeComparator          
0000098f  GPIOPinTypeComparatorOutput    
000009b3  GPIOPinTypeDIVSCLK             
000009d7  GPIOPinTypeEPI                 
000009fb  GPIOPinTypeEthernetLED         
00000a1f  GPIOPinTypeEthernetMII         
00000a43  GPIOPinTypeGPIOInput           
00000a67  GPIOPinTypeGPIOOutput          
00000a8b  GPIOPinTypeGPIOOutputOD        
00000aaf  GPIOPinTypeHibernateRTCCLK     
00000ad3  GPIOPinTypeI2C                 
00000af7  GPIOPinTypeI2CSCL              
00000b1b  GPIOPinTypeLCD                 
00000b3f  GPIOPinTypeOneWire             
00000b63  GPIOPinTypePWM                 
00000b87  GPIOPinTypeQEI                 
00000bab  GPIOPinTypeSSI                 
00000bcf  GPIOPinTypeTimer               
00000bf3  GPIOPinTypeTrace               
00000c17  GPIOPinTypeUART                
00000c3b  GPIOPinTypeUSBAnalog           
00000c5f  GPIOPinTypeUSBDigital          
00000c83  GPIOPinTypeWakeHigh            
00000ca9  GPIOPinTypeWakeLow             
00000ccf  GPIOPinWakeStatus              
00000cdf  GPIOPinConfigure               
00000d3d  GPIODMATriggerEnable           
00000d5b  GPIODMATriggerDisable          
00000d79  GPIOADCTriggerEnable           
00000d97  GPIOADCTriggerDisable          
00000e17  UARTParityModeSet              
00000e33  UARTParityModeGet              
00000e45  UARTFIFOLevelSet               
00000e5d  UARTFIFOLevelGet               
00000e85  UARTConfigSetExpClk            
00000efb  UARTConfigGetExpClk            
00000f47  UARTEnable                     
00000f6b  UARTDisable                    
00000f95  UARTFIFOEnable                 
00000fab  UARTFIFODisable                
00000fc9  UARTEnableSIR                  
00000ff7  UARTDisableSIR                 
0000100d  UARTSmartCardEnable            
0000103f  UARTSmartCardDisable           
00001055  UARTModemControlSet            
00001095  UARTModemControlClear          
000010b9  UARTModemControlGet            
000010cb  UARTModemStatusGet             
000010df  UARTFlowControlSet             
000010fb  UARTFlowControlGet             
0000110d  UARTTxIntModeSet               
00001129  UARTTxIntModeGet               
0000113b  UARTCharsAvail                 
00001159  UARTSpaceAvail                 
00001177  UARTCharGetNonBlocking         
00001193  UARTCharGet                    
000011a9  UARTCharPutNonBlocking         
000011cd  UARTCharPut                    
000011eb  UARTBreakCtl                   
00001215  UARTBusy                       
00001233  UARTIntRegister                
00001255  UARTIntUnregister              
0000126f  UARTIntEnable                  
00001287  UARTIntDisable                 
0000129f  UARTIntStatus                  
000012bd  UARTIntClear                   
000012cf  UARTDMAEnable                  
000012e7  UARTDMADisable                 
000012ff  UARTRxErrorGet                 
00001311  UARTRxErrorClear               
00001321  UARTClockSourceSet             
00001335  UARTClockSourceGet             
00001345  UART9BitEnable                 
0000135b  UART9BitDisable                
00001371  UART9BitAddrSet                
00001397  UART9BitAddrSend               
000013df  UARTLoopbackEnable             
000013f5  main                           
00001463  txint                          
00001499  SysCtlClockGet                 
000015a9  __aeabi_memcpy                 
000015a9  __aeabi_memcpy4                
000015a9  __aeabi_memcpy8                
000015a9  memcpy                         
00001645  __aeabi_memclr                 
00001645  __aeabi_memclr4                
00001645  __aeabi_memclr8                
00001647  __aeabi_memset                 
00001647  __aeabi_memset4                
00001647  __aeabi_memset8                
0000164d  memset                         
000016c1  __TI_auto_init                 
0000179b  __mpu_init                     
0000179d  IntDisable                     
00001805  IntEnable                      
0000186d  _c_int00                       
000018c1  C$$EXIT                        
000018c5  abort                          
000018cd  exit                           
00001915  copy_in                        
00001961  IntRegister                    
00001995  SysCtlPeripheralEnable         
000019c9  _args_main                     
000019e1  IntUnregister                  
000019f5  _register_unlock               
000019fb  _register_lock                 
00001a03  _nop                           
00001a09  __TI_decompress_none           
00001a17  ResetISR                       
00001a23  __TI_decompress_rle24          
00001a29  _system_pre_init               
00001a2d  _system_post_cinit             
00001dd4  __TI_Handler_Table_Base        
00001ddc  __TI_CINIT_Base                
00001ddc  __TI_Handler_Table_Limit       
00001dec  __TI_CINIT_Limit               
20000000  g_pfnRAMVectors                
2000026c  __stack                        
2000046c  __STACK_END                    
2000046c  __STACK_TOP                    
2000046c  __TI_cleanup_ptr               
20000470  __TI_dtors_ptr                 
20000474  __TI_enable_exit_profile_output
20000478  _lock                          
2000047c  _unlock                        
20000480  main_func_sp                   
ffffffff  __TI_pprof_out_hndl            
ffffffff  __TI_prof_data_size            
ffffffff  __TI_prof_data_start           
ffffffff  __binit__                      
ffffffff  __c_args__                     
ffffffff  binit                          
UNDEFED   SHT$$INIT_ARRAY$$Base          
UNDEFED   SHT$$INIT_ARRAY$$Limit         

[153 symbols]
