******************************************************************************
                  TI ARM Linker PC v15.12.3                    
******************************************************************************
>> Linked Wed Jan 11 17:06:27 2017

OUTPUT FILE NAME:   <i22SLAVE.out>
ENTRY POINT SYMBOL: "_c_int00"  address: 00001fa5


MEMORY CONFIGURATION

         name            origin    length      used     unused   attr    fill
----------------------  --------  ---------  --------  --------  ----  --------
  FLASH                 00000000   00040000  000025be  0003da42  R  X
  SRAM                  20000000   00008000  00000488  00007b78  RW X


SEGMENT ALLOCATION MAP

run origin  load origin   length   init length attrs members
----------  ----------- ---------- ----------- ----- -------
00000000    00000000    000025c4   000025c4    r-x
  00000000    00000000    0000026c   0000026c    r-- .intvecs
  0000026c    0000026c    00001efa   00001efa    r-x .text
  00002168    00002168    00000404   00000404    r-- .const
  00002570    00002570    00000054   00000054    r-- .cinit
20000000    20000000    00000488   00000000    rw-
  20000000    20000000    0000026c   00000000    rw- .vtable
  2000026c    2000026c    00000200   00000000    rw- .stack
  2000046c    2000046c    00000018   00000000    rw- .data
  20000484    20000484    00000004   00000000    rw- .bss


SECTION ALLOCATION MAP

 output                                  attributes/
section   page    origin      length       input sections
--------  ----  ----------  ----------   ----------------
.intvecs   0    00000000    0000026c     
                  00000000    0000026c     tm4c123gh6pm_startup_ccs.obj (.intvecs)

.text      0    0000026c    00001efa     
                  0000026c    00001964     SLAVE.obj (.text)
                  00001bd0    00000110     driverlib.lib : sysctl.obj (.text:SysCtlClockGet)
                  00001ce0    0000009c     rtsv7M4_T_le_v4SPD16_eabi.lib : memcpy_t2.obj (.text)
                  00001d7c    0000007a                                   : memset_t2.obj (.text)
                  00001df6    00000002     driverlib.lib : interrupt.obj (.text:_IntDefaultHandler)
                  00001df8    00000070     rtsv7M4_T_le_v4SPD16_eabi.lib : autoinit.obj (.text)
                  00001e68    0000006a                                   : copy_decompress_rle.obj (.text)
                  00001ed2    00000002                                   : mpu_init.obj (.text)
                  00001ed4    00000068     driverlib.lib : interrupt.obj (.text:IntDisable)
                  00001f3c    00000068                   : interrupt.obj (.text:IntEnable)
                  00001fa4    00000054     rtsv7M4_T_le_v4SPD16_eabi.lib : boot.obj (.text)
                  00001ff8    00000054                                   : exit.obj (.text)
                  0000204c    0000004c                                   : cpy_tbl.obj (.text)
                  00002098    00000034     driverlib.lib : interrupt.obj (.text:IntRegister)
                  000020cc    00000034                   : sysctl.obj (.text:SysCtlPeripheralEnable)
                  00002100    00000018     rtsv7M4_T_le_v4SPD16_eabi.lib : args_main.obj (.text)
                  00002118    00000014     driverlib.lib : interrupt.obj (.text:IntUnregister)
                  0000212c    00000014     rtsv7M4_T_le_v4SPD16_eabi.lib : _lock.obj (.text)
                  00002140    0000000e                                   : copy_decompress_none.obj (.text:decompress:none)
                  0000214e    0000000c     tm4c123gh6pm_startup_ccs.obj (.text)
                  0000215a    00000006     rtsv7M4_T_le_v4SPD16_eabi.lib : copy_decompress_rle.obj (.text:decompress:rle24)
                  00002160    00000004                                   : pre_init.obj (.text)
                  00002164    00000002                                   : startup.obj (.text)

.const     0    00002168    00000404     
                  00002168    000000c0     SLAVE.obj (.const:g_ppui32GPIOIntMapBlizzard)
                  00002228    000000c0     SLAVE.obj (.const:g_ppui32GPIOIntMapSnowflake)
                  000022e8    00000090     SLAVE.obj (.const:g_pui32GPIOBaseAddrs)
                  00002378    00000070     driverlib.lib : interrupt.obj (.const)
                  000023e8    0000006c                   : sysctl.obj (.const:g_pui32Xtals)
                  00002454    00000050     SLAVE.obj (.const:g_ppui32I2CIntMapSnowflake)
                  000024a4    00000040     SLAVE.obj (.const:g_ppui32UARTIntMap)
                  000024e4    00000040     SLAVE.obj (.const:g_ppui32UARTIntMapSnowflake)
                  00002524    00000030     SLAVE.obj (.const:g_ppui32I2CIntMap)
                  00002554    00000018     SLAVE.obj (.const)

.cinit     0    00002570    00000054     
                  00002570    00000016     (.cinit..data.load) [load image, compression = rle]
                  00002586    00000002     --HOLE-- [fill = 0]
                  00002588    0000000b     (.cinit..vtable.load) [load image, compression = rle]
                  00002593    00000005     --HOLE-- [fill = 0]
                  00002598    00000009     (.cinit..bss.load) [load image, compression = rle]
                  000025a1    00000003     --HOLE-- [fill = 0]
                  000025a4    00000008     (__TI_handler_table)
                  000025ac    00000018     (__TI_cinit_table)

.init_array 
*          0    00000000    00000000     UNINITIALIZED

.vtable    0    20000000    0000026c     UNINITIALIZED
                  20000000    0000026c     driverlib.lib : interrupt.obj (.vtable)

.stack     0    2000026c    00000200     UNINITIALIZED
                  2000026c    00000200     --HOLE--

.data      0    2000046c    00000018     UNINITIALIZED
                  2000046c    0000000c     rtsv7M4_T_le_v4SPD16_eabi.lib : exit.obj (.data:$O1$$)
                  20000478    00000008                                   : _lock.obj (.data:$O1$$)
                  20000480    00000004                                   : stkdepth_vars.obj (.data)

.bss       0    20000484    00000004     UNINITIALIZED
                  20000484    00000004     (.common:buff)

MODULE SUMMARY

       Module                         code   ro data   rw data
       ------                         ----   -------   -------
    .\
       SLAVE.obj                      6500   808       4      
       tm4c123gh6pm_startup_ccs.obj   12     620       0      
    +--+------------------------------+------+---------+---------+
       Total:                         6512   1428      4      
                                                              
    C:/TEXASINSTRUMENTS/TivaWare_C_Series-2.1.3.156/driverlib/ccs/Debug/driverlib.lib
       interrupt.obj                  282    112       620    
       sysctl.obj                     324    108       0      
    +--+------------------------------+------+---------+---------+
       Total:                         606    220       620    
                                                              
    C:\TEXASINSTRUMENTS\ccsv6\tools\compiler\arm_15.12.3.LTS\lib\rtsv7M4_T_le_v4SPD16_eabi.lib
       memcpy_t2.obj                  156    0         0      
       memset_t2.obj                  122    0         0      
       autoinit.obj                   112    0         0      
       copy_decompress_rle.obj        112    0         0      
       exit.obj                       84     0         12     
       boot.obj                       84     0         0      
       cpy_tbl.obj                    76     0         0      
       _lock.obj                      20     0         8      
       args_main.obj                  24     0         0      
       copy_decompress_none.obj       14     0         0      
       pre_init.obj                   4      0         0      
       stkdepth_vars.obj              0      0         4      
       mpu_init.obj                   2      0         0      
       startup.obj                    2      0         0      
    +--+------------------------------+------+---------+---------+
       Total:                         812    0         24     
                                                              
       Stack:                         0      0         512    
       Linker Generated:              0      74        0      
    +--+------------------------------+------+---------+---------+
       Grand Total:                   7930   1722      1160   


LINKER GENERATED COPY TABLES

__TI_cinit_table @ 000025ac records: 3, size/record: 8, table size: 24
	.data: load addr=00002570, load size=00000016 bytes, run addr=2000046c, run size=00000018 bytes, compression=rle
	.vtable: load addr=00002588, load size=0000000b bytes, run addr=20000000, run size=0000026c bytes, compression=rle
	.bss: load addr=00002598, load size=00000009 bytes, run addr=20000484, run size=00000004 bytes, compression=rle


LINKER GENERATED HANDLER TABLE

__TI_handler_table @ 000025a4 records: 2, size/record: 4, table size: 8
	index: 0, handler: __TI_decompress_rle24
	index: 1, handler: __TI_decompress_none


GLOBAL SYMBOLS: SORTED ALPHABETICALLY BY Name 

address   name                           
-------   ----                           
00001ff9  C$$EXIT                        
00000d97  GPIOADCTriggerDisable          
00000d79  GPIOADCTriggerEnable           
00000d5b  GPIODMATriggerDisable          
00000d3d  GPIODMATriggerEnable           
0000032b  GPIODirModeGet                 
000002cf  GPIODirModeSet                 
0000089f  GPIOIntClear                   
00000863  GPIOIntDisable                 
00000849  GPIOIntEnable                  
000008b3  GPIOIntRegister                
0000087d  GPIOIntStatus                  
0000041b  GPIOIntTypeGet                 
00000377  GPIOIntTypeSet                 
000008d1  GPIOIntUnregister              
000006f7  GPIOPadConfigGet               
000004b9  GPIOPadConfigSet               
00000cdf  GPIOPinConfigure               
000008eb  GPIOPinRead                    
00000923  GPIOPinTypeADC                 
00000947  GPIOPinTypeCAN                 
0000096b  GPIOPinTypeComparator          
0000098f  GPIOPinTypeComparatorOutput    
000009b3  GPIOPinTypeDIVSCLK             
000009d7  GPIOPinTypeEPI                 
000009fb  GPIOPinTypeEthernetLED         
00000a1f  GPIOPinTypeEthernetMII         
00000a43  GPIOPinTypeGPIOInput           
00000a67  GPIOPinTypeGPIOOutput          
00000a8b  GPIOPinTypeGPIOOutputOD        
00000aaf  GPIOPinTypeHibernateRTCCLK     
00000ad3  GPIOPinTypeI2C                 
00000af7  GPIOPinTypeI2CSCL              
00000b1b  GPIOPinTypeLCD                 
00000b3f  GPIOPinTypeOneWire             
00000b63  GPIOPinTypePWM                 
00000b87  GPIOPinTypeQEI                 
00000bab  GPIOPinTypeSSI                 
00000bcf  GPIOPinTypeTimer               
00000bf3  GPIOPinTypeTrace               
00000c17  GPIOPinTypeUART                
00000c3b  GPIOPinTypeUSBAnalog           
00000c5f  GPIOPinTypeUSBDigital          
00000c83  GPIOPinTypeWakeHigh            
00000ca9  GPIOPinTypeWakeLow             
00000ccf  GPIOPinWakeStatus              
00000903  GPIOPinWrite                   
000013bb  I2CFIFODataGet                 
000013d5  I2CFIFODataGetNonBlocking      
00001371  I2CFIFODataPut                 
00001393  I2CFIFODataPutNonBlocking      
00001361  I2CFIFOStatus                  
00000f49  I2CIntRegister                 
00000f67  I2CIntUnregister               
00001497  I2CLoopbackEnable              
00001411  I2CMasterBurstCountGet         
000013fb  I2CMasterBurstLengthSet        
000011b9  I2CMasterBusBusy               
000011a1  I2CMasterBusy                  
000011d1  I2CMasterControl               
00001225  I2CMasterDataGet               
0000120f  I2CMasterDataPut               
00000f15  I2CMasterDisable               
00000ee1  I2CMasterEnable                
000011e3  I2CMasterErr                   
0000141f  I2CMasterGlitchFilterConfigSet 
00000e17  I2CMasterInitExpClk            
0000111b  I2CMasterIntClear              
00001139  I2CMasterIntClearEx            
00000fe5  I2CMasterIntDisable            
00000ff5  I2CMasterIntDisableEx          
00000f81  I2CMasterIntEnable             
00000f91  I2CMasterIntEnableEx           
0000103f  I2CMasterIntStatus             
00001095  I2CMasterIntStatusEx           
00001193  I2CMasterLineStateGet          
00001171  I2CMasterSlaveAddrSet          
00001233  I2CMasterTimeoutSet            
00001321  I2CRxFIFOConfigSet             
00001349  I2CRxFIFOFlush                 
00001245  I2CSlaveACKOverride            
00001277  I2CSlaveACKValueSet            
00000ea3  I2CSlaveAddressSet             
000012d1  I2CSlaveDataGet                
000012b9  I2CSlaveDataPut                
00000f2b  I2CSlaveDisable                
00000ef7  I2CSlaveEnable                 
00001485  I2CSlaveFIFODisable            
0000146d  I2CSlaveFIFOEnable             
00000e89  I2CSlaveInit                   
0000114b  I2CSlaveIntClear               
0000115d  I2CSlaveIntClearEx             
0000100d  I2CSlaveIntDisable             
00001025  I2CSlaveIntDisableEx           
00000fa9  I2CSlaveIntEnable              
00000fc5  I2CSlaveIntEnableEx            
000010b3  I2CSlaveIntStatus              
000010f9  I2CSlaveIntStatusEx            
000012a9  I2CSlaveStatus                 
000012e1  I2CTxFIFOConfigSet             
00001309  I2CTxFIFOFlush                 
00001ed5  IntDisable                     
00001f3d  IntEnable                      
00002099  IntRegister                    
00002119  IntUnregister                  
0000214f  ResetISR                       
UNDEFED   SHT$$INIT_ARRAY$$Base          
UNDEFED   SHT$$INIT_ARRAY$$Limit         
00001bd1  SysCtlClockGet                 
000020cd  SysCtlPeripheralEnable         
00001a8b  UART9BitAddrSend               
00001a65  UART9BitAddrSet                
00001a4f  UART9BitDisable                
00001a39  UART9BitEnable                 
000018df  UARTBreakCtl                   
00001909  UARTBusy                       
00001887  UARTCharGet                    
0000186b  UARTCharGetNonBlocking         
000018c1  UARTCharPut                    
0000189d  UARTCharPutNonBlocking         
0000182f  UARTCharsAvail                 
00001a29  UARTClockSourceGet             
00001a15  UARTClockSourceSet             
000015f3  UARTConfigGetExpClk            
0000157d  UARTConfigSetExpClk            
000019db  UARTDMADisable                 
000019c3  UARTDMAEnable                  
00001663  UARTDisable                    
000016e7  UARTDisableSIR                 
0000163f  UARTEnable                     
000016b9  UARTEnableSIR                  
000016a3  UARTFIFODisable                
0000168d  UARTFIFOEnable                 
00001555  UARTFIFOLevelGet               
0000153d  UARTFIFOLevelSet               
000017ef  UARTFlowControlGet             
000017d3  UARTFlowControlSet             
000019b1  UARTIntClear                   
0000197b  UARTIntDisable                 
00001963  UARTIntEnable                  
00001927  UARTIntRegister                
00001993  UARTIntStatus                  
00001949  UARTIntUnregister              
00001ad3  UARTLoopbackEnable             
00001789  UARTModemControlClear          
000017ad  UARTModemControlGet            
00001755  UARTModemControlSet            
000017bf  UARTModemStatusGet             
0000152b  UARTParityModeGet              
0000150f  UARTParityModeSet              
00001a05  UARTRxErrorClear               
000019f3  UARTRxErrorGet                 
0000173f  UARTSmartCardDisable           
0000170d  UARTSmartCardEnable            
0000184d  UARTSpaceAvail                 
0000181d  UARTTxIntModeGet               
00001801  UARTTxIntModeSet               
2000046c  __STACK_END                    
00000200  __STACK_SIZE                   
2000046c  __STACK_TOP                    
000025ac  __TI_CINIT_Base                
000025c4  __TI_CINIT_Limit               
000025a4  __TI_Handler_Table_Base        
000025ac  __TI_Handler_Table_Limit       
00001df9  __TI_auto_init                 
2000046c  __TI_cleanup_ptr               
00002141  __TI_decompress_none           
0000215b  __TI_decompress_rle24          
20000470  __TI_dtors_ptr                 
20000474  __TI_enable_exit_profile_output
ffffffff  __TI_pprof_out_hndl            
ffffffff  __TI_prof_data_size            
ffffffff  __TI_prof_data_start           
00000000  __TI_static_base__             
00001d7d  __aeabi_memclr                 
00001d7d  __aeabi_memclr4                
00001d7d  __aeabi_memclr8                
00001ce1  __aeabi_memcpy                 
00001ce1  __aeabi_memcpy4                
00001ce1  __aeabi_memcpy8                
00001d7f  __aeabi_memset                 
00001d7f  __aeabi_memset4                
00001d7f  __aeabi_memset8                
ffffffff  __binit__                      
ffffffff  __c_args__                     
00001ed3  __mpu_init                     
2000026c  __stack                        
00002101  _args_main                     
00001fa5  _c_int00                       
20000478  _lock                          
0000213b  _nop                           
00002133  _register_lock                 
0000212d  _register_unlock               
00002165  _system_post_cinit             
00002161  _system_pre_init               
2000047c  _unlock                        
00001ffd  abort                          
ffffffff  binit                          
20000484  buff                           
0000204d  copy_in                        
00002005  exit                           
20000000  g_pfnRAMVectors                
00000000  g_pfnVectors                   
00001ae9  main                           
20000480  main_func_sp                   
00001ce1  memcpy                         
00001d85  memset                         


GLOBAL SYMBOLS: SORTED BY Symbol Address 

address   name                           
-------   ----                           
00000000  __TI_static_base__             
00000000  g_pfnVectors                   
00000200  __STACK_SIZE                   
000002cf  GPIODirModeSet                 
0000032b  GPIODirModeGet                 
00000377  GPIOIntTypeSet                 
0000041b  GPIOIntTypeGet                 
000004b9  GPIOPadConfigSet               
000006f7  GPIOPadConfigGet               
00000849  GPIOIntEnable                  
00000863  GPIOIntDisable                 
0000087d  GPIOIntStatus                  
0000089f  GPIOIntClear                   
000008b3  GPIOIntRegister                
000008d1  GPIOIntUnregister              
000008eb  GPIOPinRead                    
00000903  GPIOPinWrite                   
00000923  GPIOPinTypeADC                 
00000947  GPIOPinTypeCAN                 
0000096b  GPIOPinTypeComparator          
0000098f  GPIOPinTypeComparatorOutput    
000009b3  GPIOPinTypeDIVSCLK             
000009d7  GPIOPinTypeEPI                 
000009fb  GPIOPinTypeEthernetLED         
00000a1f  GPIOPinTypeEthernetMII         
00000a43  GPIOPinTypeGPIOInput           
00000a67  GPIOPinTypeGPIOOutput          
00000a8b  GPIOPinTypeGPIOOutputOD        
00000aaf  GPIOPinTypeHibernateRTCCLK     
00000ad3  GPIOPinTypeI2C                 
00000af7  GPIOPinTypeI2CSCL              
00000b1b  GPIOPinTypeLCD                 
00000b3f  GPIOPinTypeOneWire             
00000b63  GPIOPinTypePWM                 
00000b87  GPIOPinTypeQEI                 
00000bab  GPIOPinTypeSSI                 
00000bcf  GPIOPinTypeTimer               
00000bf3  GPIOPinTypeTrace               
00000c17  GPIOPinTypeUART                
00000c3b  GPIOPinTypeUSBAnalog           
00000c5f  GPIOPinTypeUSBDigital          
00000c83  GPIOPinTypeWakeHigh            
00000ca9  GPIOPinTypeWakeLow             
00000ccf  GPIOPinWakeStatus              
00000cdf  GPIOPinConfigure               
00000d3d  GPIODMATriggerEnable           
00000d5b  GPIODMATriggerDisable          
00000d79  GPIOADCTriggerEnable           
00000d97  GPIOADCTriggerDisable          
00000e17  I2CMasterInitExpClk            
00000e89  I2CSlaveInit                   
00000ea3  I2CSlaveAddressSet             
00000ee1  I2CMasterEnable                
00000ef7  I2CSlaveEnable                 
00000f15  I2CMasterDisable               
00000f2b  I2CSlaveDisable                
00000f49  I2CIntRegister                 
00000f67  I2CIntUnregister               
00000f81  I2CMasterIntEnable             
00000f91  I2CMasterIntEnableEx           
00000fa9  I2CSlaveIntEnable              
00000fc5  I2CSlaveIntEnableEx            
00000fe5  I2CMasterIntDisable            
00000ff5  I2CMasterIntDisableEx          
0000100d  I2CSlaveIntDisable             
00001025  I2CSlaveIntDisableEx           
0000103f  I2CMasterIntStatus             
00001095  I2CMasterIntStatusEx           
000010b3  I2CSlaveIntStatus              
000010f9  I2CSlaveIntStatusEx            
0000111b  I2CMasterIntClear              
00001139  I2CMasterIntClearEx            
0000114b  I2CSlaveIntClear               
0000115d  I2CSlaveIntClearEx             
00001171  I2CMasterSlaveAddrSet          
00001193  I2CMasterLineStateGet          
000011a1  I2CMasterBusy                  
000011b9  I2CMasterBusBusy               
000011d1  I2CMasterControl               
000011e3  I2CMasterErr                   
0000120f  I2CMasterDataPut               
00001225  I2CMasterDataGet               
00001233  I2CMasterTimeoutSet            
00001245  I2CSlaveACKOverride            
00001277  I2CSlaveACKValueSet            
000012a9  I2CSlaveStatus                 
000012b9  I2CSlaveDataPut                
000012d1  I2CSlaveDataGet                
000012e1  I2CTxFIFOConfigSet             
00001309  I2CTxFIFOFlush                 
00001321  I2CRxFIFOConfigSet             
00001349  I2CRxFIFOFlush                 
00001361  I2CFIFOStatus                  
00001371  I2CFIFODataPut                 
00001393  I2CFIFODataPutNonBlocking      
000013bb  I2CFIFODataGet                 
000013d5  I2CFIFODataGetNonBlocking      
000013fb  I2CMasterBurstLengthSet        
00001411  I2CMasterBurstCountGet         
0000141f  I2CMasterGlitchFilterConfigSet 
0000146d  I2CSlaveFIFOEnable             
00001485  I2CSlaveFIFODisable            
00001497  I2CLoopbackEnable              
0000150f  UARTParityModeSet              
0000152b  UARTParityModeGet              
0000153d  UARTFIFOLevelSet               
00001555  UARTFIFOLevelGet               
0000157d  UARTConfigSetExpClk            
000015f3  UARTConfigGetExpClk            
0000163f  UARTEnable                     
00001663  UARTDisable                    
0000168d  UARTFIFOEnable                 
000016a3  UARTFIFODisable                
000016b9  UARTEnableSIR                  
000016e7  UARTDisableSIR                 
0000170d  UARTSmartCardEnable            
0000173f  UARTSmartCardDisable           
00001755  UARTModemControlSet            
00001789  UARTModemControlClear          
000017ad  UARTModemControlGet            
000017bf  UARTModemStatusGet             
000017d3  UARTFlowControlSet             
000017ef  UARTFlowControlGet             
00001801  UARTTxIntModeSet               
0000181d  UARTTxIntModeGet               
0000182f  UARTCharsAvail                 
0000184d  UARTSpaceAvail                 
0000186b  UARTCharGetNonBlocking         
00001887  UARTCharGet                    
0000189d  UARTCharPutNonBlocking         
000018c1  UARTCharPut                    
000018df  UARTBreakCtl                   
00001909  UARTBusy                       
00001927  UARTIntRegister                
00001949  UARTIntUnregister              
00001963  UARTIntEnable                  
0000197b  UARTIntDisable                 
00001993  UARTIntStatus                  
000019b1  UARTIntClear                   
000019c3  UARTDMAEnable                  
000019db  UARTDMADisable                 
000019f3  UARTRxErrorGet                 
00001a05  UARTRxErrorClear               
00001a15  UARTClockSourceSet             
00001a29  UARTClockSourceGet             
00001a39  UART9BitEnable                 
00001a4f  UART9BitDisable                
00001a65  UART9BitAddrSet                
00001a8b  UART9BitAddrSend               
00001ad3  UARTLoopbackEnable             
00001ae9  main                           
00001bd1  SysCtlClockGet                 
00001ce1  __aeabi_memcpy                 
00001ce1  __aeabi_memcpy4                
00001ce1  __aeabi_memcpy8                
00001ce1  memcpy                         
00001d7d  __aeabi_memclr                 
00001d7d  __aeabi_memclr4                
00001d7d  __aeabi_memclr8                
00001d7f  __aeabi_memset                 
00001d7f  __aeabi_memset4                
00001d7f  __aeabi_memset8                
00001d85  memset                         
00001df9  __TI_auto_init                 
00001ed3  __mpu_init                     
00001ed5  IntDisable                     
00001f3d  IntEnable                      
00001fa5  _c_int00                       
00001ff9  C$$EXIT                        
00001ffd  abort                          
00002005  exit                           
0000204d  copy_in                        
00002099  IntRegister                    
000020cd  SysCtlPeripheralEnable         
00002101  _args_main                     
00002119  IntUnregister                  
0000212d  _register_unlock               
00002133  _register_lock                 
0000213b  _nop                           
00002141  __TI_decompress_none           
0000214f  ResetISR                       
0000215b  __TI_decompress_rle24          
00002161  _system_pre_init               
00002165  _system_post_cinit             
000025a4  __TI_Handler_Table_Base        
000025ac  __TI_CINIT_Base                
000025ac  __TI_Handler_Table_Limit       
000025c4  __TI_CINIT_Limit               
20000000  g_pfnRAMVectors                
2000026c  __stack                        
2000046c  __STACK_END                    
2000046c  __STACK_TOP                    
2000046c  __TI_cleanup_ptr               
20000470  __TI_dtors_ptr                 
20000474  __TI_enable_exit_profile_output
20000478  _lock                          
2000047c  _unlock                        
20000480  main_func_sp                   
20000484  buff                           
ffffffff  __TI_pprof_out_hndl            
ffffffff  __TI_prof_data_size            
ffffffff  __TI_prof_data_start           
ffffffff  __binit__                      
ffffffff  __c_args__                     
ffffffff  binit                          
UNDEFED   SHT$$INIT_ARRAY$$Base          
UNDEFED   SHT$$INIT_ARRAY$$Limit         

[207 symbols]
