******************************************************************************
                  TI ARM Linker PC v15.12.3                    
******************************************************************************
>> Linked Thu Jan 05 12:06:35 2017

OUTPUT FILE NAME:   <interrupts.out>
ENTRY POINT SYMBOL: "_c_int00"  address: 000006c1


MEMORY CONFIGURATION

         name            origin    length      used     unused   attr    fill
----------------------  --------  ---------  --------  --------  ----  --------
  FLASH                 00000000   00040000  00000b5e  0003f4a2  R  X
  SRAM                  20000000   00008000  00000484  00007b7c  RW X


SEGMENT ALLOCATION MAP

run origin  load origin   length   init length attrs members
----------  ----------- ---------- ----------- ----- -------
00000000    00000000    00000b64   00000b64    r-x
  00000000    00000000    0000026c   0000026c    r-- .intvecs
  0000026c    0000026c    000006c6   000006c6    r-x .text
  00000934    00000934    000001f0   000001f0    r-- .const
  00000b28    00000b28    0000003c   0000003c    r-- .cinit
20000000    20000000    00000484   00000000    rw-
  20000000    20000000    0000026c   00000000    rw- .vtable
  2000026c    2000026c    00000200   00000000    rw- .stack
  2000046c    2000046c    00000018   00000000    rw- .data


SECTION ALLOCATION MAP

 output                                  attributes/
section   page    origin      length       input sections
--------  ----  ----------  ----------   ----------------
.intvecs   0    00000000    0000026c     
                  00000000    0000026c     tm4c123gh6pm_startup_ccs.obj (.intvecs)

.text      0    0000026c    000006c6     
                  0000026c    00000132     driverlib.lib : gpio.obj (.text:GPIOPadConfigSet)
                  0000039e    0000009c     rtsv7M4_T_le_v4SPD16_eabi.lib : memcpy_t2.obj (.text)
                  0000043a    0000007a                                   : memset_t2.obj (.text)
                  000004b4    00000070     interrupts.obj (.text)
                  00000524    00000070     rtsv7M4_T_le_v4SPD16_eabi.lib : autoinit.obj (.text)
                  00000594    0000006a                                   : copy_decompress_rle.obj (.text)
                  000005fe    00000002                                   : mpu_init.obj (.text)
                  00000600    00000068     driverlib.lib : interrupt.obj (.text:IntEnable)
                  00000668    00000056                   : gpio.obj (.text:GPIOIntTypeSet)
                  000006be    00000002     rtsv7M4_T_le_v4SPD16_eabi.lib : startup.obj (.text)
                  000006c0    00000054                                   : boot.obj (.text)
                  00000714    00000054                                   : exit.obj (.text)
                  00000768    0000004c                                   : cpy_tbl.obj (.text)
                  000007b4    00000040     driverlib.lib : gpio.obj (.text:_GPIOIntNumberGet)
                  000007f4    00000034                   : interrupt.obj (.text:IntRegister)
                  00000828    00000034                   : sysctl.obj (.text:SysCtlPeripheralEnable)
                  0000085c    0000002a                   : gpio.obj (.text:GPIODirModeSet)
                  00000886    00000018                   : gpio.obj (.text:GPIOIntRegister)
                  0000089e    00000018                   : gpio.obj (.text:GPIOPinTypeGPIOOutput)
                  000008b6    00000002     --HOLE-- [fill = 0]
                  000008b8    00000018     rtsv7M4_T_le_v4SPD16_eabi.lib : args_main.obj (.text)
                  000008d0    00000014                                   : _lock.obj (.text)
                  000008e4    00000012     driverlib.lib : gpio.obj (.text:GPIOPinTypeGPIOInput)
                  000008f6    0000000e     rtsv7M4_T_le_v4SPD16_eabi.lib : copy_decompress_none.obj (.text:decompress:none)
                  00000904    0000000c     driverlib.lib : gpio.obj (.text:GPIOIntEnable)
                  00000910    0000000c     tm4c123gh6pm_startup_ccs.obj (.text)
                  0000091c    00000006     driverlib.lib : gpio.obj (.text:GPIOIntClear)
                  00000922    00000006                   : gpio.obj (.text:GPIOPinWrite)
                  00000928    00000006     rtsv7M4_T_le_v4SPD16_eabi.lib : copy_decompress_rle.obj (.text:decompress:rle24)
                  0000092e    00000004                                   : pre_init.obj (.text)

.const     0    00000934    000001f0     
                  00000934    000000c0     driverlib.lib : gpio.obj (.const:g_ppui32GPIOIntMapBlizzard)
                  000009f4    000000c0                   : gpio.obj (.const:g_ppui32GPIOIntMapSnowflake)
                  00000ab4    00000070                   : interrupt.obj (.const)

.cinit     0    00000b28    0000003c     
                  00000b28    00000016     (.cinit..data.load) [load image, compression = rle]
                  00000b3e    00000002     --HOLE-- [fill = 0]
                  00000b40    0000000b     (.cinit..vtable.load) [load image, compression = rle]
                  00000b4b    00000001     --HOLE-- [fill = 0]
                  00000b4c    00000008     (__TI_handler_table)
                  00000b54    00000010     (__TI_cinit_table)

.init_array 
*          0    00000000    00000000     UNINITIALIZED

.vtable    0    20000000    0000026c     UNINITIALIZED
                  20000000    0000026c     driverlib.lib : interrupt.obj (.vtable)

.stack     0    2000026c    00000200     UNINITIALIZED
                  2000026c    00000200     --HOLE--

.data      0    2000046c    00000018     UNINITIALIZED
                  2000046c    0000000c     rtsv7M4_T_le_v4SPD16_eabi.lib : exit.obj (.data:$O1$$)
                  20000478    00000008                                   : _lock.obj (.data:$O1$$)
                  20000480    00000004                                   : stkdepth_vars.obj (.data)

MODULE SUMMARY

       Module                         code   ro data   rw data
       ------                         ----   -------   -------
    .\
       tm4c123gh6pm_startup_ccs.obj   12     620       0      
       interrupts.obj                 112    0         0      
    +--+------------------------------+------+---------+---------+
       Total:                         124    620       0      
                                                              
    C:/TEXASINSTRUMENTS/TivaWare_C_Series-2.1.3.156/driverlib/ccs/Debug/driverlib.lib
       gpio.obj                       588    384       0      
       interrupt.obj                  156    112       620    
       sysctl.obj                     52     0         0      
    +--+------------------------------+------+---------+---------+
       Total:                         796    496       620    
                                                              
    C:\TEXASINSTRUMENTS\ccsv6\tools\compiler\arm_15.12.3.LTS\lib\rtsv7M4_T_le_v4SPD16_eabi.lib
       memcpy_t2.obj                  156    0         0      
       memset_t2.obj                  122    0         0      
       autoinit.obj                   112    0         0      
       copy_decompress_rle.obj        112    0         0      
       exit.obj                       84     0         12     
       boot.obj                       84     0         0      
       cpy_tbl.obj                    76     0         0      
       _lock.obj                      20     0         8      
       args_main.obj                  24     0         0      
       copy_decompress_none.obj       14     0         0      
       pre_init.obj                   4      0         0      
       stkdepth_vars.obj              0      0         4      
       mpu_init.obj                   2      0         0      
       startup.obj                    2      0         0      
    +--+------------------------------+------+---------+---------+
       Total:                         812    0         24     
                                                              
       Stack:                         0      0         512    
       Linker Generated:              0      57        0      
    +--+------------------------------+------+---------+---------+
       Grand Total:                   1732   1173      1156   


LINKER GENERATED COPY TABLES

__TI_cinit_table @ 00000b54 records: 2, size/record: 8, table size: 16
	.data: load addr=00000b28, load size=00000016 bytes, run addr=2000046c, run size=00000018 bytes, compression=rle
	.vtable: load addr=00000b40, load size=0000000b bytes, run addr=20000000, run size=0000026c bytes, compression=rle


LINKER GENERATED HANDLER TABLE

__TI_handler_table @ 00000b4c records: 2, size/record: 4, table size: 8
	index: 0, handler: __TI_decompress_rle24
	index: 1, handler: __TI_decompress_none


GLOBAL SYMBOLS: SORTED ALPHABETICALLY BY Name 

address   name                           
-------   ----                           
00000715  C$$EXIT                        
0000085d  GPIODirModeSet                 
0000091d  GPIOIntClear                   
00000905  GPIOIntEnable                  
00000887  GPIOIntRegister                
00000669  GPIOIntTypeSet                 
0000026d  GPIOPadConfigSet               
000008e5  GPIOPinTypeGPIOInput           
0000089f  GPIOPinTypeGPIOOutput          
00000923  GPIOPinWrite                   
00000601  IntEnable                      
000007f5  IntRegister                    
00000911  ResetISR                       
UNDEFED   SHT$$INIT_ARRAY$$Base          
UNDEFED   SHT$$INIT_ARRAY$$Limit         
00000829  SysCtlPeripheralEnable         
2000046c  __STACK_END                    
00000200  __STACK_SIZE                   
2000046c  __STACK_TOP                    
00000b54  __TI_CINIT_Base                
00000b64  __TI_CINIT_Limit               
00000b4c  __TI_Handler_Table_Base        
00000b54  __TI_Handler_Table_Limit       
00000525  __TI_auto_init                 
2000046c  __TI_cleanup_ptr               
000008f7  __TI_decompress_none           
00000929  __TI_decompress_rle24          
20000470  __TI_dtors_ptr                 
20000474  __TI_enable_exit_profile_output
ffffffff  __TI_pprof_out_hndl            
ffffffff  __TI_prof_data_size            
ffffffff  __TI_prof_data_start           
00000000  __TI_static_base__             
0000043b  __aeabi_memclr                 
0000043b  __aeabi_memclr4                
0000043b  __aeabi_memclr8                
0000039f  __aeabi_memcpy                 
0000039f  __aeabi_memcpy4                
0000039f  __aeabi_memcpy8                
0000043d  __aeabi_memset                 
0000043d  __aeabi_memset4                
0000043d  __aeabi_memset8                
ffffffff  __binit__                      
ffffffff  __c_args__                     
000005ff  __mpu_init                     
2000026c  __stack                        
000008b9  _args_main                     
000006c1  _c_int00                       
20000478  _lock                          
000008df  _nop                           
000008d7  _register_lock                 
000008d1  _register_unlock               
000006bf  _system_post_cinit             
0000092f  _system_pre_init               
2000047c  _unlock                        
00000719  abort                          
ffffffff  binit                          
00000769  copy_in                        
00000721  exit                           
000004f9  funct                          
20000000  g_pfnRAMVectors                
00000000  g_pfnVectors                   
000004b5  main                           
20000480  main_func_sp                   
0000039f  memcpy                         
00000443  memset                         


GLOBAL SYMBOLS: SORTED BY Symbol Address 

address   name                           
-------   ----                           
00000000  __TI_static_base__             
00000000  g_pfnVectors                   
00000200  __STACK_SIZE                   
0000026d  GPIOPadConfigSet               
0000039f  __aeabi_memcpy                 
0000039f  __aeabi_memcpy4                
0000039f  __aeabi_memcpy8                
0000039f  memcpy                         
0000043b  __aeabi_memclr                 
0000043b  __aeabi_memclr4                
0000043b  __aeabi_memclr8                
0000043d  __aeabi_memset                 
0000043d  __aeabi_memset4                
0000043d  __aeabi_memset8                
00000443  memset                         
000004b5  main                           
000004f9  funct                          
00000525  __TI_auto_init                 
000005ff  __mpu_init                     
00000601  IntEnable                      
00000669  GPIOIntTypeSet                 
000006bf  _system_post_cinit             
000006c1  _c_int00                       
00000715  C$$EXIT                        
00000719  abort                          
00000721  exit                           
00000769  copy_in                        
000007f5  IntRegister                    
00000829  SysCtlPeripheralEnable         
0000085d  GPIODirModeSet                 
00000887  GPIOIntRegister                
0000089f  GPIOPinTypeGPIOOutput          
000008b9  _args_main                     
000008d1  _register_unlock               
000008d7  _register_lock                 
000008df  _nop                           
000008e5  GPIOPinTypeGPIOInput           
000008f7  __TI_decompress_none           
00000905  GPIOIntEnable                  
00000911  ResetISR                       
0000091d  GPIOIntClear                   
00000923  GPIOPinWrite                   
00000929  __TI_decompress_rle24          
0000092f  _system_pre_init               
00000b4c  __TI_Handler_Table_Base        
00000b54  __TI_CINIT_Base                
00000b54  __TI_Handler_Table_Limit       
00000b64  __TI_CINIT_Limit               
20000000  g_pfnRAMVectors                
2000026c  __stack                        
2000046c  __STACK_END                    
2000046c  __STACK_TOP                    
2000046c  __TI_cleanup_ptr               
20000470  __TI_dtors_ptr                 
20000474  __TI_enable_exit_profile_output
20000478  _lock                          
2000047c  _unlock                        
20000480  main_func_sp                   
ffffffff  __TI_pprof_out_hndl            
ffffffff  __TI_prof_data_size            
ffffffff  __TI_prof_data_start           
ffffffff  __binit__                      
ffffffff  __c_args__                     
ffffffff  binit                          
UNDEFED   SHT$$INIT_ARRAY$$Base          
UNDEFED   SHT$$INIT_ARRAY$$Limit         

[66 symbols]
