******************************************************************************
                  TI ARM Linker PC v5.2.5                      
******************************************************************************
>> Linked Thu Jan 19 02:28:24 2017

OUTPUT FILE NAME:   <I2C.out>
ENTRY POINT SYMBOL: "_c_int00"  address: 000008e9


MEMORY CONFIGURATION

         name            origin    length      used     unused   attr    fill
----------------------  --------  ---------  --------  --------  ----  --------
  FLASH                 00000000   00040000  00000c96  0003f36a  R  X
  SRAM                  20000000   00008000  00000214  00007dec  RW X


SEGMENT ALLOCATION MAP

run origin  load origin   length   init length attrs members
----------  ----------- ---------- ----------- ----- -------
00000000    00000000    00000c98   00000c98    r-x
  00000000    00000000    0000026c   0000026c    r-- .intvecs
  0000026c    0000026c    0000090e   0000090e    r-x .text
  00000b7c    00000b7c    000000fc   000000fc    r-- .const
  00000c78    00000c78    00000020   00000020    r-- .cinit
20000000    20000000    00000214   00000000    rw-
  20000000    20000000    00000200   00000000    rw- .stack
  20000200    20000200    00000014   00000000    rw- .data


SECTION ALLOCATION MAP

 output                                  attributes/
section   page    origin      length       input sections
--------  ----  ----------  ----------   ----------------
.intvecs   0    00000000    0000026c     
                  00000000    0000026c     tm4c123gh6pm_startup_ccs.obj (.intvecs)

.text      0    0000026c    0000090e     
                  0000026c    00000132     driverlib.lib : gpio.obj (.text:GPIOPadConfigSet)
                  0000039e    00000002     --HOLE-- [fill = 0]
                  000003a0    00000110                   : sysctl.obj (.text:SysCtlClockGet)
                  000004b0    00000104     main.obj (.text)
                  000005b4    000000f4     driverlib.lib : sysctl.obj (.text:SysCtlClockSet)
                  000006a8    0000009c     rtsv7M4_T_le_v4SPD16_eabi.lib : memcpy_t2.obj (.text)
                  00000744    0000007a                                   : memset_t2.obj (.text)
                  000007be    00000002     --HOLE-- [fill = 0]
                  000007c0    0000006c                                   : autoinit.obj (.text)
                  0000082c    0000006a                                   : copy_decompress_rle.obj (.text)
                  00000896    00000002     --HOLE-- [fill = 0]
                  00000898    00000050     driverlib.lib : sysctl.obj (.text:SysCtlPeripheralReset)
                  000008e8    00000050     rtsv7M4_T_le_v4SPD16_eabi.lib : boot.obj (.text)
                  00000938    0000004c     driverlib.lib : i2c.obj (.text:I2CMasterInitExpClk)
                  00000984    0000004c     rtsv7M4_T_le_v4SPD16_eabi.lib : cpy_tbl.obj (.text)
                  000009d0    00000048     driverlib.lib : gpio.obj (.text:GPIOPinConfigure)
                  00000a18    00000044     rtsv7M4_T_le_v4SPD16_eabi.lib : exit.obj (.text)
                  00000a5c    00000034     driverlib.lib : sysctl.obj (.text:SysCtlPeripheralEnable)
                  00000a90    0000002a                   : gpio.obj (.text:GPIODirModeSet)
                  00000aba    00000018                   : gpio.obj (.text:GPIOPinTypeGPIOOutput)
                  00000ad2    00000002     --HOLE-- [fill = 0]
                  00000ad4    00000018     rtsv7M4_T_le_v4SPD16_eabi.lib : args_main.obj (.text)
                  00000aec    00000014                                   : _lock.obj (.text)
                  00000b00    00000012     driverlib.lib : gpio.obj (.text:GPIOPinTypeI2C)
                  00000b12    00000012                   : gpio.obj (.text:GPIOPinTypeI2CSCL)
                  00000b24    0000000e     rtsv7M4_T_le_v4SPD16_eabi.lib : copy_decompress_none.obj (.text:decompress:none)
                  00000b32    0000000c     tm4c123gh6pm_startup_ccs.obj (.text)
                  00000b3e    0000000a     driverlib.lib : i2c.obj (.text:I2CMasterEnable)
                  00000b48    00000008                   : i2c.obj (.text:I2CMasterBusy)
                  00000b50    00000008                   : i2c.obj (.text:I2CMasterSlaveAddrSet)
                  00000b58    00000006                   : gpio.obj (.text:GPIOPinWrite)
                  00000b5e    00000006                   : sysctl.obj (.text:SysCtlDelay)
                  00000b64    00000006     rtsv7M4_T_le_v4SPD16_eabi.lib : copy_decompress_rle.obj (.text:decompress:rle24)
                  00000b6a    00000004     driverlib.lib : i2c.obj (.text:I2CMasterControl)
                  00000b6e    00000004                   : i2c.obj (.text:I2CMasterDataGet)
                  00000b72    00000004                   : i2c.obj (.text:I2CMasterDataPut)
                  00000b76    00000004     rtsv7M4_T_le_v4SPD16_eabi.lib : pre_init.obj (.text)

.const     0    00000b7c    000000fc     
                  00000b7c    00000090     driverlib.lib : gpio.obj (.const:g_pui32GPIOBaseAddrs)
                  00000c0c    0000006c                   : sysctl.obj (.const:g_pui32Xtals)

.cinit     0    00000c78    00000020     
                  00000c78    0000000f     (.cinit..data.load) [load image, compression = rle]
                  00000c87    00000001     --HOLE-- [fill = 0]
                  00000c88    00000008     (__TI_handler_table)
                  00000c90    00000008     (__TI_cinit_table)

.init_array 
*          0    00000000    00000000     UNINITIALIZED

.stack     0    20000000    00000200     UNINITIALIZED
                  20000000    00000200     --HOLE--

.data      0    20000200    00000014     UNINITIALIZED
                  20000200    00000008     rtsv7M4_T_le_v4SPD16_eabi.lib : _lock.obj (.data)
                  20000208    00000008                                   : exit.obj (.data)
                  20000210    00000004                                   : stkdepth_vars.obj (.data)

.TI.persistent 
*          0    20000200    00000000     UNINITIALIZED


LINKER GENERATED COPY TABLES

__TI_cinit_table @ 00000c90 records: 1, size/record: 8, table size: 8
	.data: load addr=00000c78, load size=0000000f bytes, run addr=20000200, run size=00000014 bytes, compression=rle


LINKER GENERATED HANDLER TABLE

__TI_handler_table @ 00000c88 records: 2, size/record: 4, table size: 8
	index: 0, handler: __TI_decompress_rle24
	index: 1, handler: __TI_decompress_none


GLOBAL SYMBOLS: SORTED ALPHABETICALLY BY Name 

address   name                    
-------   ----                    
00000a19  C$$EXIT                 
00000a91  GPIODirModeSet          
0000026d  GPIOPadConfigSet        
000009d1  GPIOPinConfigure        
00000abb  GPIOPinTypeGPIOOutput   
00000b01  GPIOPinTypeI2C          
00000b13  GPIOPinTypeI2CSCL       
00000b59  GPIOPinWrite            
00000b49  I2CMasterBusy           
00000b6b  I2CMasterControl        
00000b6f  I2CMasterDataGet        
00000b73  I2CMasterDataPut        
00000b3f  I2CMasterEnable         
00000939  I2CMasterInitExpClk     
00000b51  I2CMasterSlaveAddrSet   
00000b33  ResetISR                
UNDEFED   SHT$$INIT_ARRAY$$Base   
UNDEFED   SHT$$INIT_ARRAY$$Limit  
000003a1  SysCtlClockGet          
000005b5  SysCtlClockSet          
00000b5f  SysCtlDelay             
00000a5d  SysCtlPeripheralEnable  
00000899  SysCtlPeripheralReset   
000004b1  Tiva2Routine            
20000200  __STACK_END             
00000200  __STACK_SIZE            
20000200  __STACK_TOP             
00000c90  __TI_CINIT_Base         
00000c98  __TI_CINIT_Limit        
00000c88  __TI_Handler_Table_Base 
00000c90  __TI_Handler_Table_Limit
000007c1  __TI_auto_init          
20000208  __TI_cleanup_ptr        
00000b25  __TI_decompress_none    
00000b65  __TI_decompress_rle24   
2000020c  __TI_dtors_ptr          
00000000  __TI_static_base__      
00000745  __aeabi_memclr          
00000745  __aeabi_memclr4         
00000745  __aeabi_memclr8         
000006a9  __aeabi_memcpy          
000006a9  __aeabi_memcpy4         
000006a9  __aeabi_memcpy8         
00000747  __aeabi_memset          
00000747  __aeabi_memset4         
00000747  __aeabi_memset8         
ffffffff  __binit__               
ffffffff  __c_args__              
20000000  __stack                 
00000ad5  _args_main              
000008e9  _c_int00                
20000200  _lock                   
00000afb  _nop                    
00000af3  _register_lock          
00000aed  _register_unlock        
00000b77  _system_pre_init        
20000204  _unlock                 
00000a1d  abort                   
ffffffff  binit                   
00000985  copy_in                 
00000a25  exit                    
00000000  g_pfnVectors            
00000519  main                    
20000210  main_func_sp            
000006a9  memcpy                  
0000074d  memset                  


GLOBAL SYMBOLS: SORTED BY Symbol Address 

address   name                    
-------   ----                    
00000000  __TI_static_base__      
00000000  g_pfnVectors            
00000200  __STACK_SIZE            
0000026d  GPIOPadConfigSet        
000003a1  SysCtlClockGet          
000004b1  Tiva2Routine            
00000519  main                    
000005b5  SysCtlClockSet          
000006a9  __aeabi_memcpy          
000006a9  __aeabi_memcpy4         
000006a9  __aeabi_memcpy8         
000006a9  memcpy                  
00000745  __aeabi_memclr          
00000745  __aeabi_memclr4         
00000745  __aeabi_memclr8         
00000747  __aeabi_memset          
00000747  __aeabi_memset4         
00000747  __aeabi_memset8         
0000074d  memset                  
000007c1  __TI_auto_init          
00000899  SysCtlPeripheralReset   
000008e9  _c_int00                
00000939  I2CMasterInitExpClk     
00000985  copy_in                 
000009d1  GPIOPinConfigure        
00000a19  C$$EXIT                 
00000a1d  abort                   
00000a25  exit                    
00000a5d  SysCtlPeripheralEnable  
00000a91  GPIODirModeSet          
00000abb  GPIOPinTypeGPIOOutput   
00000ad5  _args_main              
00000aed  _register_unlock        
00000af3  _register_lock          
00000afb  _nop                    
00000b01  GPIOPinTypeI2C          
00000b13  GPIOPinTypeI2CSCL       
00000b25  __TI_decompress_none    
00000b33  ResetISR                
00000b3f  I2CMasterEnable         
00000b49  I2CMasterBusy           
00000b51  I2CMasterSlaveAddrSet   
00000b59  GPIOPinWrite            
00000b5f  SysCtlDelay             
00000b65  __TI_decompress_rle24   
00000b6b  I2CMasterControl        
00000b6f  I2CMasterDataGet        
00000b73  I2CMasterDataPut        
00000b77  _system_pre_init        
00000c88  __TI_Handler_Table_Base 
00000c90  __TI_CINIT_Base         
00000c90  __TI_Handler_Table_Limit
00000c98  __TI_CINIT_Limit        
20000000  __stack                 
20000200  __STACK_END             
20000200  __STACK_TOP             
20000200  _lock                   
20000204  _unlock                 
20000208  __TI_cleanup_ptr        
2000020c  __TI_dtors_ptr          
20000210  main_func_sp            
ffffffff  __binit__               
ffffffff  __c_args__              
ffffffff  binit                   
UNDEFED   SHT$$INIT_ARRAY$$Base   
UNDEFED   SHT$$INIT_ARRAY$$Limit  

[66 symbols]
