******************************************************************************
                  TI ARM Linker PC v15.12.3                    
******************************************************************************
>> Linked Wed Jan 11 16:30:50 2017

OUTPUT FILE NAME:   <i2cMASTER.out>
ENTRY POINT SYMBOL: "_c_int00"  address: 00001911


MEMORY CONFIGURATION

         name            origin    length      used     unused   attr    fill
----------------------  --------  ---------  --------  --------  ----  --------
  FLASH                 00000000   00040000  00001e8a  0003e176  R  X
  SRAM                  20000000   00008000  00000484  00007b7c  RW X


SEGMENT ALLOCATION MAP

run origin  load origin   length   init length attrs members
----------  ----------- ---------- ----------- ----- -------
00000000    00000000    00001e8c   00001e8c    r-x
  00000000    00000000    0000026c   0000026c    r-- .intvecs
  0000026c    0000026c    00001866   00001866    r-x .text
  00001ad4    00001ad4    0000037c   0000037c    r-- .const
  00001e50    00001e50    0000003c   0000003c    r-- .cinit
20000000    20000000    00000484   00000000    rw-
  20000000    20000000    0000026c   00000000    rw- .vtable
  2000026c    2000026c    00000200   00000000    rw- .stack
  2000046c    2000046c    00000018   00000000    rw- .data


SECTION ALLOCATION MAP

 output                                  attributes/
section   page    origin      length       input sections
--------  ----  ----------  ----------   ----------------
.intvecs   0    00000000    0000026c     
                  00000000    0000026c     tm4c123gh6pm_startup_ccs.obj (.intvecs)

.text      0    0000026c    00001866     
                  0000026c    000012d0     MASTER.obj (.text)
                  0000153c    00000110     driverlib.lib : sysctl.obj (.text:SysCtlClockGet)
                  0000164c    0000009c     rtsv7M4_T_le_v4SPD16_eabi.lib : memcpy_t2.obj (.text)
                  000016e8    0000007a                                   : memset_t2.obj (.text)
                  00001762    00000002     driverlib.lib : interrupt.obj (.text:_IntDefaultHandler)
                  00001764    00000070     rtsv7M4_T_le_v4SPD16_eabi.lib : autoinit.obj (.text)
                  000017d4    0000006a                                   : copy_decompress_rle.obj (.text)
                  0000183e    00000002                                   : mpu_init.obj (.text)
                  00001840    00000068     driverlib.lib : interrupt.obj (.text:IntDisable)
                  000018a8    00000068                   : interrupt.obj (.text:IntEnable)
                  00001910    00000054     rtsv7M4_T_le_v4SPD16_eabi.lib : boot.obj (.text)
                  00001964    00000054                                   : exit.obj (.text)
                  000019b8    0000004c                                   : cpy_tbl.obj (.text)
                  00001a04    00000034     driverlib.lib : interrupt.obj (.text:IntRegister)
                  00001a38    00000034                   : sysctl.obj (.text:SysCtlPeripheralEnable)
                  00001a6c    00000018     rtsv7M4_T_le_v4SPD16_eabi.lib : args_main.obj (.text)
                  00001a84    00000014     driverlib.lib : interrupt.obj (.text:IntUnregister)
                  00001a98    00000014     rtsv7M4_T_le_v4SPD16_eabi.lib : _lock.obj (.text)
                  00001aac    0000000e                                   : copy_decompress_none.obj (.text:decompress:none)
                  00001aba    0000000c     tm4c123gh6pm_startup_ccs.obj (.text)
                  00001ac6    00000006     rtsv7M4_T_le_v4SPD16_eabi.lib : copy_decompress_rle.obj (.text:decompress:rle24)
                  00001acc    00000004                                   : pre_init.obj (.text)
                  00001ad0    00000002                                   : startup.obj (.text)

.const     0    00001ad4    0000037c     
                  00001ad4    000000c0     MASTER.obj (.const:g_ppui32GPIOIntMapBlizzard)
                  00001b94    000000c0     MASTER.obj (.const:g_ppui32GPIOIntMapSnowflake)
                  00001c54    00000090     MASTER.obj (.const:g_pui32GPIOBaseAddrs)
                  00001ce4    00000070     driverlib.lib : interrupt.obj (.const)
                  00001d54    0000006c                   : sysctl.obj (.const:g_pui32Xtals)
                  00001dc0    00000050     MASTER.obj (.const:g_ppui32I2CIntMapSnowflake)
                  00001e10    00000030     MASTER.obj (.const:g_ppui32I2CIntMap)
                  00001e40    00000010     MASTER.obj (.const)

.cinit     0    00001e50    0000003c     
                  00001e50    00000016     (.cinit..data.load) [load image, compression = rle]
                  00001e66    00000002     --HOLE-- [fill = 0]
                  00001e68    0000000b     (.cinit..vtable.load) [load image, compression = rle]
                  00001e73    00000001     --HOLE-- [fill = 0]
                  00001e74    00000008     (__TI_handler_table)
                  00001e7c    00000010     (__TI_cinit_table)

.init_array 
*          0    00000000    00000000     UNINITIALIZED

.vtable    0    20000000    0000026c     UNINITIALIZED
                  20000000    0000026c     driverlib.lib : interrupt.obj (.vtable)

.stack     0    2000026c    00000200     UNINITIALIZED
                  2000026c    00000200     --HOLE--

.data      0    2000046c    00000018     UNINITIALIZED
                  2000046c    0000000c     rtsv7M4_T_le_v4SPD16_eabi.lib : exit.obj (.data:$O1$$)
                  20000478    00000008                                   : _lock.obj (.data:$O1$$)
                  20000480    00000004                                   : stkdepth_vars.obj (.data)

MODULE SUMMARY

       Module                         code   ro data   rw data
       ------                         ----   -------   -------
    .\
       MASTER.obj                     4816   672       0      
       tm4c123gh6pm_startup_ccs.obj   12     620       0      
    +--+------------------------------+------+---------+---------+
       Total:                         4828   1292      0      
                                                              
    C:/TEXASINSTRUMENTS/TivaWare_C_Series-2.1.3.156/driverlib/ccs/Debug/driverlib.lib
       interrupt.obj                  282    112       620    
       sysctl.obj                     324    108       0      
    +--+------------------------------+------+---------+---------+
       Total:                         606    220       620    
                                                              
    C:\TEXASINSTRUMENTS\ccsv6\tools\compiler\arm_15.12.3.LTS\lib\rtsv7M4_T_le_v4SPD16_eabi.lib
       memcpy_t2.obj                  156    0         0      
       memset_t2.obj                  122    0         0      
       autoinit.obj                   112    0         0      
       copy_decompress_rle.obj        112    0         0      
       exit.obj                       84     0         12     
       boot.obj                       84     0         0      
       cpy_tbl.obj                    76     0         0      
       _lock.obj                      20     0         8      
       args_main.obj                  24     0         0      
       copy_decompress_none.obj       14     0         0      
       pre_init.obj                   4      0         0      
       stkdepth_vars.obj              0      0         4      
       mpu_init.obj                   2      0         0      
       startup.obj                    2      0         0      
    +--+------------------------------+------+---------+---------+
       Total:                         812    0         24     
                                                              
       Stack:                         0      0         512    
       Linker Generated:              0      57        0      
    +--+------------------------------+------+---------+---------+
       Grand Total:                   6246   1569      1156   


LINKER GENERATED COPY TABLES

__TI_cinit_table @ 00001e7c records: 2, size/record: 8, table size: 16
	.data: load addr=00001e50, load size=00000016 bytes, run addr=2000046c, run size=00000018 bytes, compression=rle
	.vtable: load addr=00001e68, load size=0000000b bytes, run addr=20000000, run size=0000026c bytes, compression=rle


LINKER GENERATED HANDLER TABLE

__TI_handler_table @ 00001e74 records: 2, size/record: 4, table size: 8
	index: 0, handler: __TI_decompress_rle24
	index: 1, handler: __TI_decompress_none


GLOBAL SYMBOLS: SORTED ALPHABETICALLY BY Name 

address   name                           
-------   ----                           
00001965  C$$EXIT                        
00000d97  GPIOADCTriggerDisable          
00000d79  GPIOADCTriggerEnable           
00000d5b  GPIODMATriggerDisable          
00000d3d  GPIODMATriggerEnable           
0000032b  GPIODirModeGet                 
000002cf  GPIODirModeSet                 
0000089f  GPIOIntClear                   
00000863  GPIOIntDisable                 
00000849  GPIOIntEnable                  
000008b3  GPIOIntRegister                
0000087d  GPIOIntStatus                  
0000041b  GPIOIntTypeGet                 
00000377  GPIOIntTypeSet                 
000008d1  GPIOIntUnregister              
000006f7  GPIOPadConfigGet               
000004b9  GPIOPadConfigSet               
00000cdf  GPIOPinConfigure               
000008eb  GPIOPinRead                    
00000923  GPIOPinTypeADC                 
00000947  GPIOPinTypeCAN                 
0000096b  GPIOPinTypeComparator          
0000098f  GPIOPinTypeComparatorOutput    
000009b3  GPIOPinTypeDIVSCLK             
000009d7  GPIOPinTypeEPI                 
000009fb  GPIOPinTypeEthernetLED         
00000a1f  GPIOPinTypeEthernetMII         
00000a43  GPIOPinTypeGPIOInput           
00000a67  GPIOPinTypeGPIOOutput          
00000a8b  GPIOPinTypeGPIOOutputOD        
00000aaf  GPIOPinTypeHibernateRTCCLK     
00000ad3  GPIOPinTypeI2C                 
00000af7  GPIOPinTypeI2CSCL              
00000b1b  GPIOPinTypeLCD                 
00000b3f  GPIOPinTypeOneWire             
00000b63  GPIOPinTypePWM                 
00000b87  GPIOPinTypeQEI                 
00000bab  GPIOPinTypeSSI                 
00000bcf  GPIOPinTypeTimer               
00000bf3  GPIOPinTypeTrace               
00000c17  GPIOPinTypeUART                
00000c3b  GPIOPinTypeUSBAnalog           
00000c5f  GPIOPinTypeUSBDigital          
00000c83  GPIOPinTypeWakeHigh            
00000ca9  GPIOPinTypeWakeLow             
00000ccf  GPIOPinWakeStatus              
00000903  GPIOPinWrite                   
000013bb  I2CFIFODataGet                 
000013d5  I2CFIFODataGetNonBlocking      
00001371  I2CFIFODataPut                 
00001393  I2CFIFODataPutNonBlocking      
00001361  I2CFIFOStatus                  
00000f49  I2CIntRegister                 
00000f67  I2CIntUnregister               
00001497  I2CLoopbackEnable              
00001411  I2CMasterBurstCountGet         
000013fb  I2CMasterBurstLengthSet        
000011b9  I2CMasterBusBusy               
000011a1  I2CMasterBusy                  
000011d1  I2CMasterControl               
00001225  I2CMasterDataGet               
0000120f  I2CMasterDataPut               
00000f15  I2CMasterDisable               
00000ee1  I2CMasterEnable                
000011e3  I2CMasterErr                   
0000141f  I2CMasterGlitchFilterConfigSet 
00000e17  I2CMasterInitExpClk            
0000111b  I2CMasterIntClear              
00001139  I2CMasterIntClearEx            
00000fe5  I2CMasterIntDisable            
00000ff5  I2CMasterIntDisableEx          
00000f81  I2CMasterIntEnable             
00000f91  I2CMasterIntEnableEx           
0000103f  I2CMasterIntStatus             
00001095  I2CMasterIntStatusEx           
00001193  I2CMasterLineStateGet          
00001171  I2CMasterSlaveAddrSet          
00001233  I2CMasterTimeoutSet            
00001321  I2CRxFIFOConfigSet             
00001349  I2CRxFIFOFlush                 
00001245  I2CSlaveACKOverride            
00001277  I2CSlaveACKValueSet            
00000ea3  I2CSlaveAddressSet             
000012d1  I2CSlaveDataGet                
000012b9  I2CSlaveDataPut                
00000f2b  I2CSlaveDisable                
00000ef7  I2CSlaveEnable                 
00001485  I2CSlaveFIFODisable            
0000146d  I2CSlaveFIFOEnable             
00000e89  I2CSlaveInit                   
0000114b  I2CSlaveIntClear               
0000115d  I2CSlaveIntClearEx             
0000100d  I2CSlaveIntDisable             
00001025  I2CSlaveIntDisableEx           
00000fa9  I2CSlaveIntEnable              
00000fc5  I2CSlaveIntEnableEx            
000010b3  I2CSlaveIntStatus              
000010f9  I2CSlaveIntStatusEx            
000012a9  I2CSlaveStatus                 
000012e1  I2CTxFIFOConfigSet             
00001309  I2CTxFIFOFlush                 
00001841  IntDisable                     
000018a9  IntEnable                      
00001a05  IntRegister                    
00001a85  IntUnregister                  
00001abb  ResetISR                       
UNDEFED   SHT$$INIT_ARRAY$$Base          
UNDEFED   SHT$$INIT_ARRAY$$Limit         
0000153d  SysCtlClockGet                 
00001a39  SysCtlPeripheralEnable         
2000046c  __STACK_END                    
00000200  __STACK_SIZE                   
2000046c  __STACK_TOP                    
00001e7c  __TI_CINIT_Base                
00001e8c  __TI_CINIT_Limit               
00001e74  __TI_Handler_Table_Base        
00001e7c  __TI_Handler_Table_Limit       
00001765  __TI_auto_init                 
2000046c  __TI_cleanup_ptr               
00001aad  __TI_decompress_none           
00001ac7  __TI_decompress_rle24          
20000470  __TI_dtors_ptr                 
20000474  __TI_enable_exit_profile_output
ffffffff  __TI_pprof_out_hndl            
ffffffff  __TI_prof_data_size            
ffffffff  __TI_prof_data_start           
00000000  __TI_static_base__             
000016e9  __aeabi_memclr                 
000016e9  __aeabi_memclr4                
000016e9  __aeabi_memclr8                
0000164d  __aeabi_memcpy                 
0000164d  __aeabi_memcpy4                
0000164d  __aeabi_memcpy8                
000016eb  __aeabi_memset                 
000016eb  __aeabi_memset4                
000016eb  __aeabi_memset8                
ffffffff  __binit__                      
ffffffff  __c_args__                     
0000183f  __mpu_init                     
2000026c  __stack                        
00001a6d  _args_main                     
00001911  _c_int00                       
20000478  _lock                          
00001aa7  _nop                           
00001a9f  _register_lock                 
00001a99  _register_unlock               
00001ad1  _system_post_cinit             
00001acd  _system_pre_init               
2000047c  _unlock                        
00001969  abort                          
ffffffff  binit                          
000019b9  copy_in                        
00001971  exit                           
20000000  g_pfnRAMVectors                
00000000  g_pfnVectors                   
000014ad  main                           
20000480  main_func_sp                   
0000164d  memcpy                         
000016f1  memset                         


GLOBAL SYMBOLS: SORTED BY Symbol Address 

address   name                           
-------   ----                           
00000000  __TI_static_base__             
00000000  g_pfnVectors                   
00000200  __STACK_SIZE                   
000002cf  GPIODirModeSet                 
0000032b  GPIODirModeGet                 
00000377  GPIOIntTypeSet                 
0000041b  GPIOIntTypeGet                 
000004b9  GPIOPadConfigSet               
000006f7  GPIOPadConfigGet               
00000849  GPIOIntEnable                  
00000863  GPIOIntDisable                 
0000087d  GPIOIntStatus                  
0000089f  GPIOIntClear                   
000008b3  GPIOIntRegister                
000008d1  GPIOIntUnregister              
000008eb  GPIOPinRead                    
00000903  GPIOPinWrite                   
00000923  GPIOPinTypeADC                 
00000947  GPIOPinTypeCAN                 
0000096b  GPIOPinTypeComparator          
0000098f  GPIOPinTypeComparatorOutput    
000009b3  GPIOPinTypeDIVSCLK             
000009d7  GPIOPinTypeEPI                 
000009fb  GPIOPinTypeEthernetLED         
00000a1f  GPIOPinTypeEthernetMII         
00000a43  GPIOPinTypeGPIOInput           
00000a67  GPIOPinTypeGPIOOutput          
00000a8b  GPIOPinTypeGPIOOutputOD        
00000aaf  GPIOPinTypeHibernateRTCCLK     
00000ad3  GPIOPinTypeI2C                 
00000af7  GPIOPinTypeI2CSCL              
00000b1b  GPIOPinTypeLCD                 
00000b3f  GPIOPinTypeOneWire             
00000b63  GPIOPinTypePWM                 
00000b87  GPIOPinTypeQEI                 
00000bab  GPIOPinTypeSSI                 
00000bcf  GPIOPinTypeTimer               
00000bf3  GPIOPinTypeTrace               
00000c17  GPIOPinTypeUART                
00000c3b  GPIOPinTypeUSBAnalog           
00000c5f  GPIOPinTypeUSBDigital          
00000c83  GPIOPinTypeWakeHigh            
00000ca9  GPIOPinTypeWakeLow             
00000ccf  GPIOPinWakeStatus              
00000cdf  GPIOPinConfigure               
00000d3d  GPIODMATriggerEnable           
00000d5b  GPIODMATriggerDisable          
00000d79  GPIOADCTriggerEnable           
00000d97  GPIOADCTriggerDisable          
00000e17  I2CMasterInitExpClk            
00000e89  I2CSlaveInit                   
00000ea3  I2CSlaveAddressSet             
00000ee1  I2CMasterEnable                
00000ef7  I2CSlaveEnable                 
00000f15  I2CMasterDisable               
00000f2b  I2CSlaveDisable                
00000f49  I2CIntRegister                 
00000f67  I2CIntUnregister               
00000f81  I2CMasterIntEnable             
00000f91  I2CMasterIntEnableEx           
00000fa9  I2CSlaveIntEnable              
00000fc5  I2CSlaveIntEnableEx            
00000fe5  I2CMasterIntDisable            
00000ff5  I2CMasterIntDisableEx          
0000100d  I2CSlaveIntDisable             
00001025  I2CSlaveIntDisableEx           
0000103f  I2CMasterIntStatus             
00001095  I2CMasterIntStatusEx           
000010b3  I2CSlaveIntStatus              
000010f9  I2CSlaveIntStatusEx            
0000111b  I2CMasterIntClear              
00001139  I2CMasterIntClearEx            
0000114b  I2CSlaveIntClear               
0000115d  I2CSlaveIntClearEx             
00001171  I2CMasterSlaveAddrSet          
00001193  I2CMasterLineStateGet          
000011a1  I2CMasterBusy                  
000011b9  I2CMasterBusBusy               
000011d1  I2CMasterControl               
000011e3  I2CMasterErr                   
0000120f  I2CMasterDataPut               
00001225  I2CMasterDataGet               
00001233  I2CMasterTimeoutSet            
00001245  I2CSlaveACKOverride            
00001277  I2CSlaveACKValueSet            
000012a9  I2CSlaveStatus                 
000012b9  I2CSlaveDataPut                
000012d1  I2CSlaveDataGet                
000012e1  I2CTxFIFOConfigSet             
00001309  I2CTxFIFOFlush                 
00001321  I2CRxFIFOConfigSet             
00001349  I2CRxFIFOFlush                 
00001361  I2CFIFOStatus                  
00001371  I2CFIFODataPut                 
00001393  I2CFIFODataPutNonBlocking      
000013bb  I2CFIFODataGet                 
000013d5  I2CFIFODataGetNonBlocking      
000013fb  I2CMasterBurstLengthSet        
00001411  I2CMasterBurstCountGet         
0000141f  I2CMasterGlitchFilterConfigSet 
0000146d  I2CSlaveFIFOEnable             
00001485  I2CSlaveFIFODisable            
00001497  I2CLoopbackEnable              
000014ad  main                           
0000153d  SysCtlClockGet                 
0000164d  __aeabi_memcpy                 
0000164d  __aeabi_memcpy4                
0000164d  __aeabi_memcpy8                
0000164d  memcpy                         
000016e9  __aeabi_memclr                 
000016e9  __aeabi_memclr4                
000016e9  __aeabi_memclr8                
000016eb  __aeabi_memset                 
000016eb  __aeabi_memset4                
000016eb  __aeabi_memset8                
000016f1  memset                         
00001765  __TI_auto_init                 
0000183f  __mpu_init                     
00001841  IntDisable                     
000018a9  IntEnable                      
00001911  _c_int00                       
00001965  C$$EXIT                        
00001969  abort                          
00001971  exit                           
000019b9  copy_in                        
00001a05  IntRegister                    
00001a39  SysCtlPeripheralEnable         
00001a6d  _args_main                     
00001a85  IntUnregister                  
00001a99  _register_unlock               
00001a9f  _register_lock                 
00001aa7  _nop                           
00001aad  __TI_decompress_none           
00001abb  ResetISR                       
00001ac7  __TI_decompress_rle24          
00001acd  _system_pre_init               
00001ad1  _system_post_cinit             
00001e74  __TI_Handler_Table_Base        
00001e7c  __TI_CINIT_Base                
00001e7c  __TI_Handler_Table_Limit       
00001e8c  __TI_CINIT_Limit               
20000000  g_pfnRAMVectors                
2000026c  __stack                        
2000046c  __STACK_END                    
2000046c  __STACK_TOP                    
2000046c  __TI_cleanup_ptr               
20000470  __TI_dtors_ptr                 
20000474  __TI_enable_exit_profile_output
20000478  _lock                          
2000047c  _unlock                        
20000480  main_func_sp                   
ffffffff  __TI_pprof_out_hndl            
ffffffff  __TI_prof_data_size            
ffffffff  __TI_prof_data_start           
ffffffff  __binit__                      
ffffffff  __c_args__                     
ffffffff  binit                          
UNDEFED   SHT$$INIT_ARRAY$$Base          
UNDEFED   SHT$$INIT_ARRAY$$Limit         

[159 symbols]
