******************************************************************************
                  TI ARM Linker PC v5.2.5                      
******************************************************************************
>> Linked Fri May 20 00:04:20 2016

OUTPUT FILE NAME:   <testTimers.out>
ENTRY POINT SYMBOL: "_c_int00"  address: 00000901


MEMORY CONFIGURATION

         name            origin    length      used     unused   attr    fill
----------------------  --------  ---------  --------  --------  ----  --------
  FLASH                 00000000   00040000  00000c0a  0003f3f6  R  X
  SRAM                  20000000   00008000  00000214  00007dec  RW X


SEGMENT ALLOCATION MAP

run origin  load origin   length   init length attrs members
----------  ----------- ---------- ----------- ----- -------
00000000    00000000    00000c10   00000c10    r-x
  00000000    00000000    0000026c   0000026c    r-- .intvecs
  00000270    00000270    000008a2   000008a2    r-x .text
  00000b14    00000b14    000000dc   000000dc    r-- .const
  00000bf0    00000bf0    00000020   00000020    r-- .cinit
20000000    20000000    00000214   00000000    rw-
  20000000    20000000    00000200   00000000    rw- .stack
  20000200    20000200    00000014   00000000    rw- .data


SECTION ALLOCATION MAP

 output                                  attributes/
section   page    origin      length       input sections
--------  ----  ----------  ----------   ----------------
.intvecs   0    00000000    0000026c     
                  00000000    0000026c     tm4c123gh6pm_startup_ccs.obj (.intvecs)

.text      0    00000270    000008a2     
                  00000270    00000132     driverlib.lib : gpio.obj (.text:GPIOPadConfigSet)
                  000003a2    00000002     --HOLE-- [fill = 0]
                  000003a4    00000110                   : sysctl.obj (.text:SysCtlClockGet)
                  000004b4    000000f4                   : sysctl.obj (.text:SysCtlClockSet)
                  000005a8    000000a0     main.obj (.text)
                  00000648    0000009c     rtsv7M4_T_le_v4SPD16_eabi.lib : memcpy_t2.obj (.text)
                  000006e4    0000007a                                   : memset_t2.obj (.text)
                  0000075e    00000002     --HOLE-- [fill = 0]
                  00000760    0000006c                                   : autoinit.obj (.text)
                  000007cc    0000006a                                   : copy_decompress_rle.obj (.text)
                  00000836    00000002     --HOLE-- [fill = 0]
                  00000838    00000068     driverlib.lib : interrupt.obj (.text:IntEnable)
                  000008a0    00000060                   : timer.obj (.text:TimerConfigure)
                  00000900    00000050     rtsv7M4_T_le_v4SPD16_eabi.lib : boot.obj (.text)
                  00000950    0000004c                                   : cpy_tbl.obj (.text)
                  0000099c    00000044                                   : exit.obj (.text)
                  000009e0    00000034     driverlib.lib : sysctl.obj (.text:SysCtlPeripheralEnable)
                  00000a14    0000002a                   : gpio.obj (.text:GPIODirModeSet)
                  00000a3e    00000002     --HOLE-- [fill = 0]
                  00000a40    0000001a     tm4c123gh6pm_startup_ccs.obj (.text)
                  00000a5a    00000018     driverlib.lib : gpio.obj (.text:GPIOPinTypeGPIOOutput)
                  00000a72    00000002     --HOLE-- [fill = 0]
                  00000a74    00000018     rtsv7M4_T_le_v4SPD16_eabi.lib : args_main.obj (.text)
                  00000a8c    00000014                                   : _lock.obj (.text)
                  00000aa0    00000012     driverlib.lib : timer.obj (.text:TimerLoadSet)
                  00000ab2    00000010                   : interrupt.obj (.text:IntMasterEnable)
                  00000ac2    0000000e                   : timer.obj (.text:TimerEnable)
                  00000ad0    0000000e     rtsv7M4_T_le_v4SPD16_eabi.lib : copy_decompress_none.obj (.text:decompress:none)
                  00000ade    0000000c     driverlib.lib : cpu.obj (.text:CPUcpsie)
                  00000aea    00000008                   : timer.obj (.text:TimerIntEnable)
                  00000af2    00000006                   : gpio.obj (.text:GPIOPinRead)
                  00000af8    00000006                   : gpio.obj (.text:GPIOPinWrite)
                  00000afe    00000006                   : sysctl.obj (.text:SysCtlDelay)
                  00000b04    00000006     rtsv7M4_T_le_v4SPD16_eabi.lib : copy_decompress_rle.obj (.text:decompress:rle24)
                  00000b0a    00000004     driverlib.lib : timer.obj (.text:TimerIntClear)
                  00000b0e    00000004     rtsv7M4_T_le_v4SPD16_eabi.lib : pre_init.obj (.text)

.const     0    00000b14    000000dc     
                  00000b14    00000070     driverlib.lib : interrupt.obj (.const)
                  00000b84    0000006c                   : sysctl.obj (.const:g_pui32Xtals)

.cinit     0    00000bf0    00000020     
                  00000bf0    0000000f     (.cinit..data.load) [load image, compression = rle]
                  00000bff    00000001     --HOLE-- [fill = 0]
                  00000c00    00000008     (__TI_handler_table)
                  00000c08    00000008     (__TI_cinit_table)

.init_array 
*          0    00000000    00000000     UNINITIALIZED

.stack     0    20000000    00000200     UNINITIALIZED
                  20000000    00000200     --HOLE--

.data      0    20000200    00000014     UNINITIALIZED
                  20000200    00000008     rtsv7M4_T_le_v4SPD16_eabi.lib : _lock.obj (.data)
                  20000208    00000008                                   : exit.obj (.data)
                  20000210    00000004                                   : stkdepth_vars.obj (.data)

.TI.persistent 
*          0    20000200    00000000     UNINITIALIZED


LINKER GENERATED COPY TABLES

__TI_cinit_table @ 00000c08 records: 1, size/record: 8, table size: 8
	.data: load addr=00000bf0, load size=0000000f bytes, run addr=20000200, run size=00000014 bytes, compression=rle


LINKER GENERATED HANDLER TABLE

__TI_handler_table @ 00000c00 records: 2, size/record: 4, table size: 8
	index: 0, handler: __TI_decompress_rle24
	index: 1, handler: __TI_decompress_none


GLOBAL SYMBOLS: SORTED ALPHABETICALLY BY Name 

address   name                    
-------   ----                    
0000099d  C$$EXIT                 
00000adf  CPUcpsie                
00000a15  GPIODirModeSet          
00000271  GPIOPadConfigSet        
00000af3  GPIOPinRead             
00000a5b  GPIOPinTypeGPIOOutput   
00000af9  GPIOPinWrite            
00000839  IntEnable               
00000ab3  IntMasterEnable         
00000a41  ResetISR                
UNDEFED   SHT$$INIT_ARRAY$$Base   
UNDEFED   SHT$$INIT_ARRAY$$Limit  
000003a5  SysCtlClockGet          
000004b5  SysCtlClockSet          
00000aff  SysCtlDelay             
000009e1  SysCtlPeripheralEnable  
00000609  Timer0IntHandler        
000008a1  TimerConfigure          
00000ac3  TimerEnable             
00000b0b  TimerIntClear           
00000aeb  TimerIntEnable          
00000aa1  TimerLoadSet            
20000200  __STACK_END             
00000200  __STACK_SIZE            
20000200  __STACK_TOP             
00000c08  __TI_CINIT_Base         
00000c10  __TI_CINIT_Limit        
00000c00  __TI_Handler_Table_Base 
00000c08  __TI_Handler_Table_Limit
00000761  __TI_auto_init          
20000208  __TI_cleanup_ptr        
00000ad1  __TI_decompress_none    
00000b05  __TI_decompress_rle24   
2000020c  __TI_dtors_ptr          
00000000  __TI_static_base__      
000006e5  __aeabi_memclr          
000006e5  __aeabi_memclr4         
000006e5  __aeabi_memclr8         
00000649  __aeabi_memcpy          
00000649  __aeabi_memcpy4         
00000649  __aeabi_memcpy8         
000006e7  __aeabi_memset          
000006e7  __aeabi_memset4         
000006e7  __aeabi_memset8         
ffffffff  __binit__               
ffffffff  __c_args__              
20000000  __stack                 
00000a75  _args_main              
00000901  _c_int00                
20000200  _lock                   
00000a9b  _nop                    
00000a93  _register_lock          
00000a8d  _register_unlock        
00000b0f  _system_pre_init        
20000204  _unlock                 
000009a1  abort                   
ffffffff  binit                   
00000951  copy_in                 
000009a9  exit                    
00000000  g_pfnVectors            
000005a9  main                    
20000210  main_func_sp            
00000649  memcpy                  
000006ed  memset                  


GLOBAL SYMBOLS: SORTED BY Symbol Address 

address   name                    
-------   ----                    
00000000  __TI_static_base__      
00000000  g_pfnVectors            
00000200  __STACK_SIZE            
00000271  GPIOPadConfigSet        
000003a5  SysCtlClockGet          
000004b5  SysCtlClockSet          
000005a9  main                    
00000609  Timer0IntHandler        
00000649  __aeabi_memcpy          
00000649  __aeabi_memcpy4         
00000649  __aeabi_memcpy8         
00000649  memcpy                  
000006e5  __aeabi_memclr          
000006e5  __aeabi_memclr4         
000006e5  __aeabi_memclr8         
000006e7  __aeabi_memset          
000006e7  __aeabi_memset4         
000006e7  __aeabi_memset8         
000006ed  memset                  
00000761  __TI_auto_init          
00000839  IntEnable               
000008a1  TimerConfigure          
00000901  _c_int00                
00000951  copy_in                 
0000099d  C$$EXIT                 
000009a1  abort                   
000009a9  exit                    
000009e1  SysCtlPeripheralEnable  
00000a15  GPIODirModeSet          
00000a41  ResetISR                
00000a5b  GPIOPinTypeGPIOOutput   
00000a75  _args_main              
00000a8d  _register_unlock        
00000a93  _register_lock          
00000a9b  _nop                    
00000aa1  TimerLoadSet            
00000ab3  IntMasterEnable         
00000ac3  TimerEnable             
00000ad1  __TI_decompress_none    
00000adf  CPUcpsie                
00000aeb  TimerIntEnable          
00000af3  GPIOPinRead             
00000af9  GPIOPinWrite            
00000aff  SysCtlDelay             
00000b05  __TI_decompress_rle24   
00000b0b  TimerIntClear           
00000b0f  _system_pre_init        
00000c00  __TI_Handler_Table_Base 
00000c08  __TI_CINIT_Base         
00000c08  __TI_Handler_Table_Limit
00000c10  __TI_CINIT_Limit        
20000000  __stack                 
20000200  __STACK_END             
20000200  __STACK_TOP             
20000200  _lock                   
20000204  _unlock                 
20000208  __TI_cleanup_ptr        
2000020c  __TI_dtors_ptr          
20000210  main_func_sp            
ffffffff  __binit__               
ffffffff  __c_args__              
ffffffff  binit                   
UNDEFED   SHT$$INIT_ARRAY$$Base   
UNDEFED   SHT$$INIT_ARRAY$$Limit  

[64 symbols]
