******************************************************************************
                  TI ARM Linker PC v5.2.5                      
******************************************************************************
>> Linked Sat Apr 22 00:36:05 2017

OUTPUT FILE NAME:   <testblink.out>
ENTRY POINT SYMBOL: "_c_int00"  address: 000005dd


MEMORY CONFIGURATION

         name            origin    length      used     unused   attr    fill
----------------------  --------  ---------  --------  --------  ----  --------
  FLASH                 00000000   00040000  000007b0  0003f850  R  X
  SRAM                  20000000   00008000  00000214  00007dec  RW X


SEGMENT ALLOCATION MAP

run origin  load origin   length   init length attrs members
----------  ----------- ---------- ----------- ----- -------
00000000    00000000    000007b0   000007b0    r-x
  00000000    00000000    0000026c   0000026c    r-- .intvecs
  0000026c    0000026c    00000524   00000524    r-x .text
  00000790    00000790    00000020   00000020    r-- .cinit
20000000    20000000    00000214   00000000    rw-
  20000000    20000000    00000200   00000000    rw- .stack
  20000200    20000200    00000014   00000000    rw- .data


SECTION ALLOCATION MAP

 output                                  attributes/
section   page    origin      length       input sections
--------  ----  ----------  ----------   ----------------
.intvecs   0    00000000    0000026c     
                  00000000    0000026c     tm4c123gh6pm_startup_ccs.obj (.intvecs)

.text      0    0000026c    00000524     
                  0000026c    00000132     driverlib.lib : gpio.obj (.text:GPIOPadConfigSet)
                  0000039e    0000009c     rtsv7M4_T_le_v4SPD16_eabi.lib : memcpy_t2.obj (.text)
                  0000043a    0000007a                                   : memset_t2.obj (.text)
                  000004b4    0000006c                                   : autoinit.obj (.text)
                  00000520    0000006a                                   : copy_decompress_rle.obj (.text)
                  0000058a    00000002     --HOLE-- [fill = 0]
                  0000058c    00000050     main.obj (.text)
                  000005dc    00000050     rtsv7M4_T_le_v4SPD16_eabi.lib : boot.obj (.text)
                  0000062c    0000004c                                   : cpy_tbl.obj (.text)
                  00000678    00000044                                   : exit.obj (.text)
                  000006bc    00000034     driverlib.lib : sysctl.obj (.text:SysCtlPeripheralEnable)
                  000006f0    0000002a                   : gpio.obj (.text:GPIODirModeSet)
                  0000071a    00000018                   : gpio.obj (.text:GPIOPinTypeGPIOOutput)
                  00000732    00000002     --HOLE-- [fill = 0]
                  00000734    00000018     rtsv7M4_T_le_v4SPD16_eabi.lib : args_main.obj (.text)
                  0000074c    00000014                                   : _lock.obj (.text)
                  00000760    0000000e                                   : copy_decompress_none.obj (.text:decompress:none)
                  0000076e    0000000c     tm4c123gh6pm_startup_ccs.obj (.text)
                  0000077a    00000006     driverlib.lib : gpio.obj (.text:GPIOPinWrite)
                  00000780    00000006                   : sysctl.obj (.text:SysCtlDelay)
                  00000786    00000006     rtsv7M4_T_le_v4SPD16_eabi.lib : copy_decompress_rle.obj (.text:decompress:rle24)
                  0000078c    00000004                                   : pre_init.obj (.text)

.cinit     0    00000790    00000020     
                  00000790    0000000f     (.cinit..data.load) [load image, compression = rle]
                  0000079f    00000001     --HOLE-- [fill = 0]
                  000007a0    00000008     (__TI_handler_table)
                  000007a8    00000008     (__TI_cinit_table)

.init_array 
*          0    00000000    00000000     UNINITIALIZED

.stack     0    20000000    00000200     UNINITIALIZED
                  20000000    00000200     --HOLE--

.data      0    20000200    00000014     UNINITIALIZED
                  20000200    00000008     rtsv7M4_T_le_v4SPD16_eabi.lib : _lock.obj (.data)
                  20000208    00000008                                   : exit.obj (.data)
                  20000210    00000004                                   : stkdepth_vars.obj (.data)

.TI.persistent 
*          0    20000200    00000000     UNINITIALIZED


LINKER GENERATED COPY TABLES

__TI_cinit_table @ 000007a8 records: 1, size/record: 8, table size: 8
	.data: load addr=00000790, load size=0000000f bytes, run addr=20000200, run size=00000014 bytes, compression=rle


LINKER GENERATED HANDLER TABLE

__TI_handler_table @ 000007a0 records: 2, size/record: 4, table size: 8
	index: 0, handler: __TI_decompress_rle24
	index: 1, handler: __TI_decompress_none


GLOBAL SYMBOLS: SORTED ALPHABETICALLY BY Name 

address   name                    
-------   ----                    
00000679  C$$EXIT                 
000006f1  GPIODirModeSet          
0000026d  GPIOPadConfigSet        
0000071b  GPIOPinTypeGPIOOutput   
0000077b  GPIOPinWrite            
0000076f  ResetISR                
UNDEFED   SHT$$INIT_ARRAY$$Base   
UNDEFED   SHT$$INIT_ARRAY$$Limit  
00000781  SysCtlDelay             
000006bd  SysCtlPeripheralEnable  
20000200  __STACK_END             
00000200  __STACK_SIZE            
20000200  __STACK_TOP             
000007a8  __TI_CINIT_Base         
000007b0  __TI_CINIT_Limit        
000007a0  __TI_Handler_Table_Base 
000007a8  __TI_Handler_Table_Limit
000004b5  __TI_auto_init          
20000208  __TI_cleanup_ptr        
00000761  __TI_decompress_none    
00000787  __TI_decompress_rle24   
2000020c  __TI_dtors_ptr          
00000000  __TI_static_base__      
0000043b  __aeabi_memclr          
0000043b  __aeabi_memclr4         
0000043b  __aeabi_memclr8         
0000039f  __aeabi_memcpy          
0000039f  __aeabi_memcpy4         
0000039f  __aeabi_memcpy8         
0000043d  __aeabi_memset          
0000043d  __aeabi_memset4         
0000043d  __aeabi_memset8         
ffffffff  __binit__               
ffffffff  __c_args__              
20000000  __stack                 
00000735  _args_main              
000005dd  _c_int00                
20000200  _lock                   
0000075b  _nop                    
00000753  _register_lock          
0000074d  _register_unlock        
0000078d  _system_pre_init        
20000204  _unlock                 
0000067d  abort                   
ffffffff  binit                   
0000062d  copy_in                 
00000685  exit                    
00000000  g_pfnVectors            
0000058d  main                    
20000210  main_func_sp            
0000039f  memcpy                  
00000443  memset                  


GLOBAL SYMBOLS: SORTED BY Symbol Address 

address   name                    
-------   ----                    
00000000  __TI_static_base__      
00000000  g_pfnVectors            
00000200  __STACK_SIZE            
0000026d  GPIOPadConfigSet        
0000039f  __aeabi_memcpy          
0000039f  __aeabi_memcpy4         
0000039f  __aeabi_memcpy8         
0000039f  memcpy                  
0000043b  __aeabi_memclr          
0000043b  __aeabi_memclr4         
0000043b  __aeabi_memclr8         
0000043d  __aeabi_memset          
0000043d  __aeabi_memset4         
0000043d  __aeabi_memset8         
00000443  memset                  
000004b5  __TI_auto_init          
0000058d  main                    
000005dd  _c_int00                
0000062d  copy_in                 
00000679  C$$EXIT                 
0000067d  abort                   
00000685  exit                    
000006bd  SysCtlPeripheralEnable  
000006f1  GPIODirModeSet          
0000071b  GPIOPinTypeGPIOOutput   
00000735  _args_main              
0000074d  _register_unlock        
00000753  _register_lock          
0000075b  _nop                    
00000761  __TI_decompress_none    
0000076f  ResetISR                
0000077b  GPIOPinWrite            
00000781  SysCtlDelay             
00000787  __TI_decompress_rle24   
0000078d  _system_pre_init        
000007a0  __TI_Handler_Table_Base 
000007a8  __TI_CINIT_Base         
000007a8  __TI_Handler_Table_Limit
000007b0  __TI_CINIT_Limit        
20000000  __stack                 
20000200  __STACK_END             
20000200  __STACK_TOP             
20000200  _lock                   
20000204  _unlock                 
20000208  __TI_cleanup_ptr        
2000020c  __TI_dtors_ptr          
20000210  main_func_sp            
ffffffff  __binit__               
ffffffff  __c_args__              
ffffffff  binit                   
UNDEFED   SHT$$INIT_ARRAY$$Base   
UNDEFED   SHT$$INIT_ARRAY$$Limit  

[52 symbols]
