******************************************************************************
                  TI ARM Linker PC v15.12.3                    
******************************************************************************
>> Linked Fri Dec 23 05:58:33 2016

OUTPUT FILE NAME:   <ADCC.out>
ENTRY POINT SYMBOL: "_c_int00"  address: 000006c1


MEMORY CONFIGURATION

         name            origin    length      used     unused   attr    fill
----------------------  --------  ---------  --------  --------  ----  --------
  FLASH                 00000000   00040000  000008e0  0003f720  R  X
  SRAM                  20000000   00008000  00000218  00007de8  RW X


SEGMENT ALLOCATION MAP

run origin  load origin   length   init length attrs members
----------  ----------- ---------- ----------- ----- -------
00000000    00000000    000008e0   000008e0    r-x
  00000000    00000000    0000026c   0000026c    r-- .intvecs
  0000026c    0000026c    0000064c   0000064c    r-x .text
  000008b8    000008b8    00000028   00000028    r-- .cinit
20000000    20000000    00000218   00000000    rw-
  20000000    20000000    00000200   00000000    rw- .stack
  20000200    20000200    00000018   00000000    rw- .data


SECTION ALLOCATION MAP

 output                                  attributes/
section   page    origin      length       input sections
--------  ----  ----------  ----------   ----------------
.intvecs   0    00000000    0000026c     
                  00000000    0000026c     tm4c123gh6pm_startup_ccs.obj (.intvecs)

.text      0    0000026c    0000064c     
                  0000026c    00000132     driverlib.lib : gpio.obj (.text:GPIOPadConfigSet)
                  0000039e    0000009c     rtsv7M4_T_le_v4SPD16_eabi.lib : memcpy_t2.obj (.text)
                  0000043a    0000007a     driverlib.lib : adc.obj (.text:ADCSequenceStepConfigure)
                  000004b4    0000007a     rtsv7M4_T_le_v4SPD16_eabi.lib : memset_t2.obj (.text)
                  0000052e    00000002                                   : mpu_init.obj (.text)
                  00000530    00000070                                   : autoinit.obj (.text)
                  000005a0    0000006a                                   : copy_decompress_rle.obj (.text)
                  0000060a    00000002                                   : startup.obj (.text)
                  0000060c    0000005c     adc.obj (.text)
                  00000668    00000058     driverlib.lib : adc.obj (.text:ADCSequenceConfigure)
                  000006c0    00000054     rtsv7M4_T_le_v4SPD16_eabi.lib : boot.obj (.text)
                  00000714    00000054                                   : exit.obj (.text)
                  00000768    0000004c                                   : cpy_tbl.obj (.text)
                  000007b4    00000034     driverlib.lib : sysctl.obj (.text:SysCtlPeripheralEnable)
                  000007e8    0000002a                   : gpio.obj (.text:GPIODirModeSet)
                  00000812    0000001e                   : adc.obj (.text:ADCSequenceDataGet)
                  00000830    00000018                   : adc.obj (.text:ADCClockConfigSet)
                  00000848    00000018     rtsv7M4_T_le_v4SPD16_eabi.lib : args_main.obj (.text)
                  00000860    00000014                                   : _lock.obj (.text)
                  00000874    00000012     driverlib.lib : gpio.obj (.text:GPIOPinTypeADC)
                  00000886    0000000e                   : adc.obj (.text:ADCSequenceEnable)
                  00000894    0000000e     rtsv7M4_T_le_v4SPD16_eabi.lib : copy_decompress_none.obj (.text:decompress:none)
                  000008a2    0000000c     tm4c123gh6pm_startup_ccs.obj (.text)
                  000008ae    00000006     rtsv7M4_T_le_v4SPD16_eabi.lib : copy_decompress_rle.obj (.text:decompress:rle24)
                  000008b4    00000004                                   : pre_init.obj (.text)

.cinit     0    000008b8    00000028     
                  000008b8    00000016     (.cinit..data.load) [load image, compression = rle]
                  000008ce    00000002     --HOLE-- [fill = 0]
                  000008d0    00000008     (__TI_handler_table)
                  000008d8    00000008     (__TI_cinit_table)

.init_array 
*          0    00000000    00000000     UNINITIALIZED

.stack     0    20000000    00000200     UNINITIALIZED
                  20000000    00000200     --HOLE--

.data      0    20000200    00000018     UNINITIALIZED
                  20000200    0000000c     rtsv7M4_T_le_v4SPD16_eabi.lib : exit.obj (.data:$O1$$)
                  2000020c    00000008                                   : _lock.obj (.data:$O1$$)
                  20000214    00000004                                   : stkdepth_vars.obj (.data)

MODULE SUMMARY

       Module                         code   ro data   rw data
       ------                         ----   -------   -------
    .\
       tm4c123gh6pm_startup_ccs.obj   12     620       0      
       adc.obj                        92     0         0      
    +--+------------------------------+------+---------+---------+
       Total:                         104    620       0      
                                                              
    C:/TEXASINSTRUMENTS/TivaWare_C_Series-2.1.3.156/driverlib/ccs/Debug/driverlib.lib
       gpio.obj                       366    0         0      
       adc.obj                        278    0         0      
       sysctl.obj                     52     0         0      
    +--+------------------------------+------+---------+---------+
       Total:                         696    0         0      
                                                              
    C:\TEXASINSTRUMENTS\ccsv6\tools\compiler\arm_15.12.3.LTS\lib\rtsv7M4_T_le_v4SPD16_eabi.lib
       memcpy_t2.obj                  156    0         0      
       memset_t2.obj                  122    0         0      
       autoinit.obj                   112    0         0      
       copy_decompress_rle.obj        112    0         0      
       exit.obj                       84     0         12     
       boot.obj                       84     0         0      
       cpy_tbl.obj                    76     0         0      
       _lock.obj                      20     0         8      
       args_main.obj                  24     0         0      
       copy_decompress_none.obj       14     0         0      
       pre_init.obj                   4      0         0      
       stkdepth_vars.obj              0      0         4      
       mpu_init.obj                   2      0         0      
       startup.obj                    2      0         0      
    +--+------------------------------+------+---------+---------+
       Total:                         812    0         24     
                                                              
       Stack:                         0      0         512    
       Linker Generated:              0      38        0      
    +--+------------------------------+------+---------+---------+
       Grand Total:                   1612   658       536    


LINKER GENERATED COPY TABLES

__TI_cinit_table @ 000008d8 records: 1, size/record: 8, table size: 8
	.data: load addr=000008b8, load size=00000016 bytes, run addr=20000200, run size=00000018 bytes, compression=rle


LINKER GENERATED HANDLER TABLE

__TI_handler_table @ 000008d0 records: 2, size/record: 4, table size: 8
	index: 0, handler: __TI_decompress_rle24
	index: 1, handler: __TI_decompress_none


GLOBAL SYMBOLS: SORTED ALPHABETICALLY BY Name 

address   name                           
-------   ----                           
00000831  ADCClockConfigSet              
00000669  ADCSequenceConfigure           
00000813  ADCSequenceDataGet             
00000887  ADCSequenceEnable              
0000043b  ADCSequenceStepConfigure       
00000715  C$$EXIT                        
000007e9  GPIODirModeSet                 
0000026d  GPIOPadConfigSet               
00000875  GPIOPinTypeADC                 
000008a3  ResetISR                       
UNDEFED   SHT$$INIT_ARRAY$$Base          
UNDEFED   SHT$$INIT_ARRAY$$Limit         
000007b5  SysCtlPeripheralEnable         
20000200  __STACK_END                    
00000200  __STACK_SIZE                   
20000200  __STACK_TOP                    
000008d8  __TI_CINIT_Base                
000008e0  __TI_CINIT_Limit               
000008d0  __TI_Handler_Table_Base        
000008d8  __TI_Handler_Table_Limit       
00000531  __TI_auto_init                 
20000200  __TI_cleanup_ptr               
00000895  __TI_decompress_none           
000008af  __TI_decompress_rle24          
20000204  __TI_dtors_ptr                 
20000208  __TI_enable_exit_profile_output
ffffffff  __TI_pprof_out_hndl            
ffffffff  __TI_prof_data_size            
ffffffff  __TI_prof_data_start           
00000000  __TI_static_base__             
000004b5  __aeabi_memclr                 
000004b5  __aeabi_memclr4                
000004b5  __aeabi_memclr8                
0000039f  __aeabi_memcpy                 
0000039f  __aeabi_memcpy4                
0000039f  __aeabi_memcpy8                
000004b7  __aeabi_memset                 
000004b7  __aeabi_memset4                
000004b7  __aeabi_memset8                
ffffffff  __binit__                      
ffffffff  __c_args__                     
0000052f  __mpu_init                     
20000000  __stack                        
00000849  _args_main                     
000006c1  _c_int00                       
2000020c  _lock                          
0000086f  _nop                           
00000867  _register_lock                 
00000861  _register_unlock               
0000060b  _system_post_cinit             
000008b5  _system_pre_init               
20000210  _unlock                        
00000719  abort                          
ffffffff  binit                          
00000769  copy_in                        
00000721  exit                           
00000000  g_pfnVectors                   
0000060d  main                           
20000214  main_func_sp                   
0000039f  memcpy                         
000004bd  memset                         


GLOBAL SYMBOLS: SORTED BY Symbol Address 

address   name                           
-------   ----                           
00000000  __TI_static_base__             
00000000  g_pfnVectors                   
00000200  __STACK_SIZE                   
0000026d  GPIOPadConfigSet               
0000039f  __aeabi_memcpy                 
0000039f  __aeabi_memcpy4                
0000039f  __aeabi_memcpy8                
0000039f  memcpy                         
0000043b  ADCSequenceStepConfigure       
000004b5  __aeabi_memclr                 
000004b5  __aeabi_memclr4                
000004b5  __aeabi_memclr8                
000004b7  __aeabi_memset                 
000004b7  __aeabi_memset4                
000004b7  __aeabi_memset8                
000004bd  memset                         
0000052f  __mpu_init                     
00000531  __TI_auto_init                 
0000060b  _system_post_cinit             
0000060d  main                           
00000669  ADCSequenceConfigure           
000006c1  _c_int00                       
00000715  C$$EXIT                        
00000719  abort                          
00000721  exit                           
00000769  copy_in                        
000007b5  SysCtlPeripheralEnable         
000007e9  GPIODirModeSet                 
00000813  ADCSequenceDataGet             
00000831  ADCClockConfigSet              
00000849  _args_main                     
00000861  _register_unlock               
00000867  _register_lock                 
0000086f  _nop                           
00000875  GPIOPinTypeADC                 
00000887  ADCSequenceEnable              
00000895  __TI_decompress_none           
000008a3  ResetISR                       
000008af  __TI_decompress_rle24          
000008b5  _system_pre_init               
000008d0  __TI_Handler_Table_Base        
000008d8  __TI_CINIT_Base                
000008d8  __TI_Handler_Table_Limit       
000008e0  __TI_CINIT_Limit               
20000000  __stack                        
20000200  __STACK_END                    
20000200  __STACK_TOP                    
20000200  __TI_cleanup_ptr               
20000204  __TI_dtors_ptr                 
20000208  __TI_enable_exit_profile_output
2000020c  _lock                          
20000210  _unlock                        
20000214  main_func_sp                   
ffffffff  __TI_pprof_out_hndl            
ffffffff  __TI_prof_data_size            
ffffffff  __TI_prof_data_start           
ffffffff  __binit__                      
ffffffff  __c_args__                     
ffffffff  binit                          
UNDEFED   SHT$$INIT_ARRAY$$Base          
UNDEFED   SHT$$INIT_ARRAY$$Limit         

[61 symbols]
