******************************************************************************
                  TI ARM Linker PC v5.2.5                      
******************************************************************************
>> Linked Thu Jan 19 02:33:52 2017

OUTPUT FILE NAME:   <SSI LED.out>
ENTRY POINT SYMBOL: "_c_int00"  address: 0000089d


MEMORY CONFIGURATION

         name            origin    length      used     unused   attr    fill
----------------------  --------  ---------  --------  --------  ----  --------
  FLASH                 00000000   00040000  00000c08  0003f3f8  R  X
  SRAM                  20000000   00008000  00000214  00007dec  RW X


SEGMENT ALLOCATION MAP

run origin  load origin   length   init length attrs members
----------  ----------- ---------- ----------- ----- -------
00000000    00000000    00000c08   00000c08    r-x
  00000000    00000000    0000026c   0000026c    r-- .intvecs
  0000026c    0000026c    00000878   00000878    r-x .text
  00000ae4    00000ae4    00000104   00000104    r-- .const
  00000be8    00000be8    00000020   00000020    r-- .cinit
20000000    20000000    00000214   00000000    rw-
  20000000    20000000    00000200   00000000    rw- .stack
  20000200    20000200    00000014   00000000    rw- .data


SECTION ALLOCATION MAP

 output                                  attributes/
section   page    origin      length       input sections
--------  ----  ----------  ----------   ----------------
.intvecs   0    00000000    0000026c     
                  00000000    0000026c     tm4c123gh6pm_startup_ccs.obj (.intvecs)

.text      0    0000026c    00000878     
                  0000026c    00000132     driverlib.lib : gpio.obj (.text:GPIOPadConfigSet)
                  0000039e    00000002     --HOLE-- [fill = 0]
                  000003a0    00000110                   : sysctl.obj (.text:SysCtlClockGet)
                  000004b0    00000108     main.obj (.text)
                  000005b8    000000f4     driverlib.lib : sysctl.obj (.text:SysCtlClockSet)
                  000006ac    0000009c     rtsv7M4_T_le_v4SPD16_eabi.lib : memcpy_t2.obj (.text)
                  00000748    0000007a                                   : memset_t2.obj (.text)
                  000007c2    00000002     --HOLE-- [fill = 0]
                  000007c4    0000006c                                   : autoinit.obj (.text)
                  00000830    0000006a                                   : copy_decompress_rle.obj (.text)
                  0000089a    00000002     --HOLE-- [fill = 0]
                  0000089c    00000050                                   : boot.obj (.text)
                  000008ec    0000004c                                   : cpy_tbl.obj (.text)
                  00000938    00000048     driverlib.lib : gpio.obj (.text:GPIOPinConfigure)
                  00000980    00000044     rtsv7M4_T_le_v4SPD16_eabi.lib : exit.obj (.text)
                  000009c4    0000003c     driverlib.lib : ssi.obj (.text:SSIConfigSetExpClk)
                  00000a00    00000034                   : sysctl.obj (.text:SysCtlPeripheralEnable)
                  00000a34    0000002a                   : gpio.obj (.text:GPIODirModeSet)
                  00000a5e    00000002     --HOLE-- [fill = 0]
                  00000a60    00000018     rtsv7M4_T_le_v4SPD16_eabi.lib : args_main.obj (.text)
                  00000a78    00000014                                   : _lock.obj (.text)
                  00000a8c    00000012     driverlib.lib : gpio.obj (.text:GPIOPinTypeSSI)
                  00000a9e    0000000e     rtsv7M4_T_le_v4SPD16_eabi.lib : copy_decompress_none.obj (.text:decompress:none)
                  00000aac    0000000c     tm4c123gh6pm_startup_ccs.obj (.text)
                  00000ab8    0000000a     driverlib.lib : ssi.obj (.text:SSIDataPut)
                  00000ac2    0000000a                   : ssi.obj (.text:SSIEnable)
                  00000acc    00000008                   : ssi.obj (.text:SSIBusy)
                  00000ad4    00000006                   : sysctl.obj (.text:SysCtlDelay)
                  00000ada    00000006     rtsv7M4_T_le_v4SPD16_eabi.lib : copy_decompress_rle.obj (.text:decompress:rle24)
                  00000ae0    00000004                                   : pre_init.obj (.text)

.const     0    00000ae4    00000104     
                  00000ae4    00000090     driverlib.lib : gpio.obj (.const:g_pui32GPIOBaseAddrs)
                  00000b74    0000006c                   : sysctl.obj (.const:g_pui32Xtals)
                  00000be0    00000008     main.obj (.const:.string)

.cinit     0    00000be8    00000020     
                  00000be8    0000000f     (.cinit..data.load) [load image, compression = rle]
                  00000bf7    00000001     --HOLE-- [fill = 0]
                  00000bf8    00000008     (__TI_handler_table)
                  00000c00    00000008     (__TI_cinit_table)

.init_array 
*          0    00000000    00000000     UNINITIALIZED

.stack     0    20000000    00000200     UNINITIALIZED
                  20000000    00000200     --HOLE--

.data      0    20000200    00000014     UNINITIALIZED
                  20000200    00000008     rtsv7M4_T_le_v4SPD16_eabi.lib : _lock.obj (.data)
                  20000208    00000008                                   : exit.obj (.data)
                  20000210    00000004                                   : stkdepth_vars.obj (.data)

.TI.persistent 
*          0    20000200    00000000     UNINITIALIZED


LINKER GENERATED COPY TABLES

__TI_cinit_table @ 00000c00 records: 1, size/record: 8, table size: 8
	.data: load addr=00000be8, load size=0000000f bytes, run addr=20000200, run size=00000014 bytes, compression=rle


LINKER GENERATED HANDLER TABLE

__TI_handler_table @ 00000bf8 records: 2, size/record: 4, table size: 8
	index: 0, handler: __TI_decompress_rle24
	index: 1, handler: __TI_decompress_none


GLOBAL SYMBOLS: SORTED ALPHABETICALLY BY Name 

address   name                    
-------   ----                    
00000981  C$$EXIT                 
00000a35  GPIODirModeSet          
0000026d  GPIOPadConfigSet        
00000939  GPIOPinConfigure        
00000a8d  GPIOPinTypeSSI          
00000aad  ResetISR                
000004b1  Reverse                 
UNDEFED   SHT$$INIT_ARRAY$$Base   
UNDEFED   SHT$$INIT_ARRAY$$Limit  
00000acd  SSIBusy                 
000009c5  SSIConfigSetExpClk      
00000ab9  SSIDataPut              
00000ac3  SSIEnable               
000003a1  SysCtlClockGet          
000005b9  SysCtlClockSet          
00000ad5  SysCtlDelay             
00000a01  SysCtlPeripheralEnable  
20000200  __STACK_END             
00000200  __STACK_SIZE            
20000200  __STACK_TOP             
00000c00  __TI_CINIT_Base         
00000c08  __TI_CINIT_Limit        
00000bf8  __TI_Handler_Table_Base 
00000c00  __TI_Handler_Table_Limit
000007c5  __TI_auto_init          
20000208  __TI_cleanup_ptr        
00000a9f  __TI_decompress_none    
00000adb  __TI_decompress_rle24   
2000020c  __TI_dtors_ptr          
00000000  __TI_static_base__      
00000749  __aeabi_memclr          
00000749  __aeabi_memclr4         
00000749  __aeabi_memclr8         
000006ad  __aeabi_memcpy          
000006ad  __aeabi_memcpy4         
000006ad  __aeabi_memcpy8         
0000074b  __aeabi_memset          
0000074b  __aeabi_memset4         
0000074b  __aeabi_memset8         
ffffffff  __binit__               
ffffffff  __c_args__              
20000000  __stack                 
00000a61  _args_main              
0000089d  _c_int00                
20000200  _lock                   
00000a87  _nop                    
00000a7f  _register_lock          
00000a79  _register_unlock        
00000ae1  _system_pre_init        
20000204  _unlock                 
00000985  abort                   
ffffffff  binit                   
000008ed  copy_in                 
0000098d  exit                    
00000000  g_pfnVectors            
0000050b  main                    
20000210  main_func_sp            
000006ad  memcpy                  
00000751  memset                  
00000be0  pui8DataTx              


GLOBAL SYMBOLS: SORTED BY Symbol Address 

address   name                    
-------   ----                    
00000000  __TI_static_base__      
00000000  g_pfnVectors            
00000200  __STACK_SIZE            
0000026d  GPIOPadConfigSet        
000003a1  SysCtlClockGet          
000004b1  Reverse                 
0000050b  main                    
000005b9  SysCtlClockSet          
000006ad  __aeabi_memcpy          
000006ad  __aeabi_memcpy4         
000006ad  __aeabi_memcpy8         
000006ad  memcpy                  
00000749  __aeabi_memclr          
00000749  __aeabi_memclr4         
00000749  __aeabi_memclr8         
0000074b  __aeabi_memset          
0000074b  __aeabi_memset4         
0000074b  __aeabi_memset8         
00000751  memset                  
000007c5  __TI_auto_init          
0000089d  _c_int00                
000008ed  copy_in                 
00000939  GPIOPinConfigure        
00000981  C$$EXIT                 
00000985  abort                   
0000098d  exit                    
000009c5  SSIConfigSetExpClk      
00000a01  SysCtlPeripheralEnable  
00000a35  GPIODirModeSet          
00000a61  _args_main              
00000a79  _register_unlock        
00000a7f  _register_lock          
00000a87  _nop                    
00000a8d  GPIOPinTypeSSI          
00000a9f  __TI_decompress_none    
00000aad  ResetISR                
00000ab9  SSIDataPut              
00000ac3  SSIEnable               
00000acd  SSIBusy                 
00000ad5  SysCtlDelay             
00000adb  __TI_decompress_rle24   
00000ae1  _system_pre_init        
00000be0  pui8DataTx              
00000bf8  __TI_Handler_Table_Base 
00000c00  __TI_CINIT_Base         
00000c00  __TI_Handler_Table_Limit
00000c08  __TI_CINIT_Limit        
20000000  __stack                 
20000200  __STACK_END             
20000200  __STACK_TOP             
20000200  _lock                   
20000204  _unlock                 
20000208  __TI_cleanup_ptr        
2000020c  __TI_dtors_ptr          
20000210  main_func_sp            
ffffffff  __binit__               
ffffffff  __c_args__              
ffffffff  binit                   
UNDEFED   SHT$$INIT_ARRAY$$Base   
UNDEFED   SHT$$INIT_ARRAY$$Limit  

[60 symbols]
