******************************************************************************
                  TI ARM Linker PC v5.2.5                      
******************************************************************************
>> Linked Thu May 26 16:16:24 2016

OUTPUT FILE NAME:   <UART Read.out>
ENTRY POINT SYMBOL: "_c_int00"  address: 00000d89


MEMORY CONFIGURATION

         name            origin    length      used     unused   attr    fill
----------------------  --------  ---------  --------  --------  ----  --------
  FLASH                 00000000   00040000  00001298  0003ed68  R  X
  SRAM                  20000000   00008000  0000021c  00007de4  RW X


SEGMENT ALLOCATION MAP

run origin  load origin   length   init length attrs members
----------  ----------- ---------- ----------- ----- -------
00000000    00000000    000012a0   000012a0    r-x
  00000000    00000000    0000026c   0000026c    r-- .intvecs
  0000026c    0000026c    00000e72   00000e72    r-x .text
  000010e0    000010e0    0000019a   0000019a    r-- .const
  00001280    00001280    00000020   00000020    r-- .cinit
20000000    20000000    0000021c   00000000    rw-
  20000000    20000000    00000200   00000000    rw- .stack
  20000200    20000200    0000001c   00000000    rw- .data


SECTION ALLOCATION MAP

 output                                  attributes/
section   page    origin      length       input sections
--------  ----  ----------  ----------   ----------------
.intvecs   0    00000000    0000026c     
                  00000000    0000026c     tm4c123gh6pm_startup_ccs.obj (.intvecs)

.text      0    0000026c    00000e72     
                  0000026c    0000049c     uartstdio.obj (.text)
                  00000708    00000132     driverlib.lib : gpio.obj (.text:GPIOPadConfigSet)
                  0000083a    00000002     rtsv7M4_T_le_v4SPD16_eabi.lib : i_div0.obj (.text)
                  0000083c    00000110     driverlib.lib : sysctl.obj (.text:SysCtlClockGet)
                  0000094c    000000f4                   : sysctl.obj (.text:SysCtlClockSet)
                  00000a40    000000f0     main.obj (.text)
                  00000b30    0000009c     rtsv7M4_T_le_v4SPD16_eabi.lib : memcpy_t2.obj (.text)
                  00000bcc    0000007a                                   : memset_t2.obj (.text)
                  00000c46    00000002     --HOLE-- [fill = 0]
                  00000c48    0000006c                                   : autoinit.obj (.text)
                  00000cb4    0000006a                                   : copy_decompress_rle.obj (.text)
                  00000d1e    00000002     --HOLE-- [fill = 0]
                  00000d20    00000068     driverlib.lib : interrupt.obj (.text:IntEnable)
                  00000d88    00000050     rtsv7M4_T_le_v4SPD16_eabi.lib : boot.obj (.text)
                  00000dd8    0000004c                                   : cpy_tbl.obj (.text)
                  00000e24    00000048     driverlib.lib : gpio.obj (.text:GPIOPinConfigure)
                  00000e6c    00000046                   : uart.obj (.text:UARTConfigSetExpClk)
                  00000eb2    00000002     --HOLE-- [fill = 0]
                  00000eb4    00000044     rtsv7M4_T_le_v4SPD16_eabi.lib : exit.obj (.text)
                  00000ef8    00000040                                   : u_divt2.obj (.text)
                  00000f38    00000038     driverlib.lib : sysctl.obj (.text:SysCtlPeripheralPresent)
                  00000f70    00000034                   : sysctl.obj (.text:SysCtlPeripheralEnable)
                  00000fa4    0000002a                   : gpio.obj (.text:GPIODirModeSet)
                  00000fce    00000002     --HOLE-- [fill = 0]
                  00000fd0    00000020                   : uart.obj (.text:UARTDisable)
                  00000ff0    00000018                   : gpio.obj (.text:GPIOPinTypeGPIOOutput)
                  00001008    00000018     rtsv7M4_T_le_v4SPD16_eabi.lib : args_main.obj (.text)
                  00001020    00000014     driverlib.lib : uart.obj (.text:UARTEnable)
                  00001034    00000014     rtsv7M4_T_le_v4SPD16_eabi.lib : _lock.obj (.text)
                  00001048    00000012     driverlib.lib : gpio.obj (.text:GPIOPinTypeUART)
                  0000105a    00000010                   : interrupt.obj (.text:IntMasterEnable)
                  0000106a    0000000e                   : uart.obj (.text:UARTCharsAvail)
                  00001078    0000000e     rtsv7M4_T_le_v4SPD16_eabi.lib : copy_decompress_none.obj (.text:decompress:none)
                  00001086    0000000c     driverlib.lib : cpu.obj (.text:CPUcpsie)
                  00001092    0000000c     tm4c123gh6pm_startup_ccs.obj (.text)
                  0000109e    0000000a     driverlib.lib : uart.obj (.text:UARTCharGet)
                  000010a8    0000000a                   : uart.obj (.text:UARTCharPut)
                  000010b2    0000000a                   : uart.obj (.text:UARTIntStatus)
                  000010bc    00000008                   : uart.obj (.text:UARTIntEnable)
                  000010c4    00000006                   : gpio.obj (.text:GPIOPinWrite)
                  000010ca    00000006                   : sysctl.obj (.text:SysCtlDelay)
                  000010d0    00000006     rtsv7M4_T_le_v4SPD16_eabi.lib : copy_decompress_rle.obj (.text:decompress:rle24)
                  000010d6    00000004     driverlib.lib : uart.obj (.text:UARTIntClear)
                  000010da    00000004     rtsv7M4_T_le_v4SPD16_eabi.lib : pre_init.obj (.text)

.const     0    000010e0    0000019a     
                  000010e0    00000090     driverlib.lib : gpio.obj (.const:g_pui32GPIOBaseAddrs)
                  00001170    00000070                   : interrupt.obj (.const)
                  000011e0    0000006c                   : sysctl.obj (.const:g_pui32Xtals)
                  0000124c    0000001c     uartstdio.obj (.const)
                  00001268    00000012     uartstdio.obj (.const:.string)

.cinit     0    00001280    00000020     
                  00001280    0000000f     (.cinit..data.load) [load image, compression = rle]
                  0000128f    00000001     --HOLE-- [fill = 0]
                  00001290    00000008     (__TI_handler_table)
                  00001298    00000008     (__TI_cinit_table)

.init_array 
*          0    00000000    00000000     UNINITIALIZED

.stack     0    20000000    00000200     UNINITIALIZED
                  20000000    00000200     --HOLE--

.data      0    20000200    0000001c     UNINITIALIZED
                  20000200    00000008     rtsv7M4_T_le_v4SPD16_eabi.lib : _lock.obj (.data)
                  20000208    00000008                                   : exit.obj (.data)
                  20000210    00000005     uartstdio.obj (.data)
                  20000215    00000003     --HOLE--
                  20000218    00000004     rtsv7M4_T_le_v4SPD16_eabi.lib : stkdepth_vars.obj (.data)

.TI.persistent 
*          0    20000200    00000000     UNINITIALIZED


LINKER GENERATED COPY TABLES

__TI_cinit_table @ 00001298 records: 1, size/record: 8, table size: 8
	.data: load addr=00001280, load size=0000000f bytes, run addr=20000200, run size=0000001c bytes, compression=rle


LINKER GENERATED HANDLER TABLE

__TI_handler_table @ 00001290 records: 2, size/record: 4, table size: 8
	index: 0, handler: __TI_decompress_rle24
	index: 1, handler: __TI_decompress_none


GLOBAL SYMBOLS: SORTED ALPHABETICALLY BY Name 

address   name                    
-------   ----                    
00000eb5  C$$EXIT                 
00001087  CPUcpsie                
00000fa5  GPIODirModeSet          
00000709  GPIOPadConfigSet        
00000e25  GPIOPinConfigure        
00000ff1  GPIOPinTypeGPIOOutput   
00001049  GPIOPinTypeUART         
000010c5  GPIOPinWrite            
00000d21  IntEnable               
0000105b  IntMasterEnable         
00001093  ResetISR                
UNDEFED   SHT$$INIT_ARRAY$$Base   
UNDEFED   SHT$$INIT_ARRAY$$Limit  
0000083d  SysCtlClockGet          
0000094d  SysCtlClockSet          
000010cb  SysCtlDelay             
00000f71  SysCtlPeripheralEnable  
00000f39  SysCtlPeripheralPresent 
0000109f  UARTCharGet             
000010a9  UARTCharPut             
0000106b  UARTCharsAvail          
00000e6d  UARTConfigSetExpClk     
00000fd1  UARTDisable             
00001021  UARTEnable              
000010d7  UARTIntClear            
000010bd  UARTIntEnable           
00000a41  UARTIntHandler          
000010b3  UARTIntStatus           
0000026d  UARTStdioConfig         
000003b3  UARTgetc                
000002f9  UARTgets                
000006d3  UARTprintf              
000003d9  UARTvprintf             
000002b3  UARTwrite               
20000200  __STACK_END             
00000200  __STACK_SIZE            
20000200  __STACK_TOP             
00001298  __TI_CINIT_Base         
000012a0  __TI_CINIT_Limit        
00001290  __TI_Handler_Table_Base 
00001298  __TI_Handler_Table_Limit
00000c49  __TI_auto_init          
20000208  __TI_cleanup_ptr        
00001079  __TI_decompress_none    
000010d1  __TI_decompress_rle24   
2000020c  __TI_dtors_ptr          
00000000  __TI_static_base__      
0000083b  __aeabi_idiv0           
00000bcd  __aeabi_memclr          
00000bcd  __aeabi_memclr4         
00000bcd  __aeabi_memclr8         
00000b31  __aeabi_memcpy          
00000b31  __aeabi_memcpy4         
00000b31  __aeabi_memcpy8         
00000bcf  __aeabi_memset          
00000bcf  __aeabi_memset4         
00000bcf  __aeabi_memset8         
00000ef9  __aeabi_uidiv           
00000ef9  __aeabi_uidivmod        
ffffffff  __binit__               
ffffffff  __c_args__              
20000000  __stack                 
00001009  _args_main              
00000d89  _c_int00                
20000200  _lock                   
00001043  _nop                    
0000103b  _register_lock          
00001035  _register_unlock        
000010db  _system_pre_init        
20000204  _unlock                 
00000eb9  abort                   
ffffffff  binit                   
00000dd9  copy_in                 
00000ec1  exit                    
00000000  g_pfnVectors            
00000a87  main                    
20000218  main_func_sp            
00000b31  memcpy                  
00000bd5  memset                  


GLOBAL SYMBOLS: SORTED BY Symbol Address 

address   name                    
-------   ----                    
00000000  __TI_static_base__      
00000000  g_pfnVectors            
00000200  __STACK_SIZE            
0000026d  UARTStdioConfig         
000002b3  UARTwrite               
000002f9  UARTgets                
000003b3  UARTgetc                
000003d9  UARTvprintf             
000006d3  UARTprintf              
00000709  GPIOPadConfigSet        
0000083b  __aeabi_idiv0           
0000083d  SysCtlClockGet          
0000094d  SysCtlClockSet          
00000a41  UARTIntHandler          
00000a87  main                    
00000b31  __aeabi_memcpy          
00000b31  __aeabi_memcpy4         
00000b31  __aeabi_memcpy8         
00000b31  memcpy                  
00000bcd  __aeabi_memclr          
00000bcd  __aeabi_memclr4         
00000bcd  __aeabi_memclr8         
00000bcf  __aeabi_memset          
00000bcf  __aeabi_memset4         
00000bcf  __aeabi_memset8         
00000bd5  memset                  
00000c49  __TI_auto_init          
00000d21  IntEnable               
00000d89  _c_int00                
00000dd9  copy_in                 
00000e25  GPIOPinConfigure        
00000e6d  UARTConfigSetExpClk     
00000eb5  C$$EXIT                 
00000eb9  abort                   
00000ec1  exit                    
00000ef9  __aeabi_uidiv           
00000ef9  __aeabi_uidivmod        
00000f39  SysCtlPeripheralPresent 
00000f71  SysCtlPeripheralEnable  
00000fa5  GPIODirModeSet          
00000fd1  UARTDisable             
00000ff1  GPIOPinTypeGPIOOutput   
00001009  _args_main              
00001021  UARTEnable              
00001035  _register_unlock        
0000103b  _register_lock          
00001043  _nop                    
00001049  GPIOPinTypeUART         
0000105b  IntMasterEnable         
0000106b  UARTCharsAvail          
00001079  __TI_decompress_none    
00001087  CPUcpsie                
00001093  ResetISR                
0000109f  UARTCharGet             
000010a9  UARTCharPut             
000010b3  UARTIntStatus           
000010bd  UARTIntEnable           
000010c5  GPIOPinWrite            
000010cb  SysCtlDelay             
000010d1  __TI_decompress_rle24   
000010d7  UARTIntClear            
000010db  _system_pre_init        
00001290  __TI_Handler_Table_Base 
00001298  __TI_CINIT_Base         
00001298  __TI_Handler_Table_Limit
000012a0  __TI_CINIT_Limit        
20000000  __stack                 
20000200  __STACK_END             
20000200  __STACK_TOP             
20000200  _lock                   
20000204  _unlock                 
20000208  __TI_cleanup_ptr        
2000020c  __TI_dtors_ptr          
20000218  main_func_sp            
ffffffff  __binit__               
ffffffff  __c_args__              
ffffffff  binit                   
UNDEFED   SHT$$INIT_ARRAY$$Base   
UNDEFED   SHT$$INIT_ARRAY$$Limit  

[79 symbols]
