******************************************************************************
                  TI ARM Linker PC v5.2.5                      
******************************************************************************
>> Linked Thu Dec 22 05:51:25 2016

OUTPUT FILE NAME:   <buttongpio.out>
ENTRY POINT SYMBOL: "_c_int00"  address: 0000061d


MEMORY CONFIGURATION

         name            origin    length      used     unused   attr    fill
----------------------  --------  ---------  --------  --------  ----  --------
  FLASH                 00000000   00040000  00000802  0003f7fe  R  X
  SRAM                  20000000   00008000  00000214  00007dec  RW X


SEGMENT ALLOCATION MAP

run origin  load origin   length   init length attrs members
----------  ----------- ---------- ----------- ----- -------
00000000    00000000    00000808   00000808    r-x
  00000000    00000000    0000026c   0000026c    r-- .intvecs
  0000026c    0000026c    00000576   00000576    r-x .text
  000007e8    000007e8    00000020   00000020    r-- .cinit
20000000    20000000    00000214   00000000    rw-
  20000000    20000000    00000200   00000000    rw- .stack
  20000200    20000200    00000014   00000000    rw- .data


SECTION ALLOCATION MAP

 output                                  attributes/
section   page    origin      length       input sections
--------  ----  ----------  ----------   ----------------
.intvecs   0    00000000    0000026c     
                  00000000    0000026c     tm4c123gh6pm_startup_ccs.obj (.intvecs)

.text      0    0000026c    00000576     
                  0000026c    00000132     driverlib.lib : gpio.obj (.text:GPIOPadConfigSet)
                  0000039e    0000009c     rtsv7M4_T_le_v4SPD16_eabi.lib : memcpy_t2.obj (.text)
                  0000043a    00000002     --HOLE-- [fill = 0]
                  0000043c    0000008c     main.obj (.text)
                  000004c8    0000007a     rtsv7M4_T_le_v4SPD16_eabi.lib : memset_t2.obj (.text)
                  00000542    00000002     --HOLE-- [fill = 0]
                  00000544    0000006c                                   : autoinit.obj (.text)
                  000005b0    0000006a                                   : copy_decompress_rle.obj (.text)
                  0000061a    00000002     --HOLE-- [fill = 0]
                  0000061c    00000050                                   : boot.obj (.text)
                  0000066c    0000004c                                   : cpy_tbl.obj (.text)
                  000006b8    00000044                                   : exit.obj (.text)
                  000006fc    00000034     driverlib.lib : sysctl.obj (.text:SysCtlPeripheralEnable)
                  00000730    0000002a                   : gpio.obj (.text:GPIODirModeSet)
                  0000075a    00000018                   : gpio.obj (.text:GPIOPinTypeGPIOOutput)
                  00000772    00000002     --HOLE-- [fill = 0]
                  00000774    00000018     rtsv7M4_T_le_v4SPD16_eabi.lib : args_main.obj (.text)
                  0000078c    00000014                                   : _lock.obj (.text)
                  000007a0    00000012     driverlib.lib : gpio.obj (.text:GPIOPinTypeGPIOInput)
                  000007b2    0000000e     rtsv7M4_T_le_v4SPD16_eabi.lib : copy_decompress_none.obj (.text:decompress:none)
                  000007c0    0000000c     tm4c123gh6pm_startup_ccs.obj (.text)
                  000007cc    00000006     driverlib.lib : gpio.obj (.text:GPIOPinRead)
                  000007d2    00000006                   : gpio.obj (.text:GPIOPinWrite)
                  000007d8    00000006     rtsv7M4_T_le_v4SPD16_eabi.lib : copy_decompress_rle.obj (.text:decompress:rle24)
                  000007de    00000004                                   : pre_init.obj (.text)

.cinit     0    000007e8    00000020     
                  000007e8    0000000f     (.cinit..data.load) [load image, compression = rle]
                  000007f7    00000001     --HOLE-- [fill = 0]
                  000007f8    00000008     (__TI_handler_table)
                  00000800    00000008     (__TI_cinit_table)

.init_array 
*          0    00000000    00000000     UNINITIALIZED

.stack     0    20000000    00000200     UNINITIALIZED
                  20000000    00000200     --HOLE--

.data      0    20000200    00000014     UNINITIALIZED
                  20000200    00000008     rtsv7M4_T_le_v4SPD16_eabi.lib : _lock.obj (.data)
                  20000208    00000008                                   : exit.obj (.data)
                  20000210    00000004                                   : stkdepth_vars.obj (.data)

.TI.persistent 
*          0    20000200    00000000     UNINITIALIZED


LINKER GENERATED COPY TABLES

__TI_cinit_table @ 00000800 records: 1, size/record: 8, table size: 8
	.data: load addr=000007e8, load size=0000000f bytes, run addr=20000200, run size=00000014 bytes, compression=rle


LINKER GENERATED HANDLER TABLE

__TI_handler_table @ 000007f8 records: 2, size/record: 4, table size: 8
	index: 0, handler: __TI_decompress_rle24
	index: 1, handler: __TI_decompress_none


GLOBAL SYMBOLS: SORTED ALPHABETICALLY BY Name 

address   name                    
-------   ----                    
000006b9  C$$EXIT                 
00000731  GPIODirModeSet          
0000026d  GPIOPadConfigSet        
000007cd  GPIOPinRead             
000007a1  GPIOPinTypeGPIOInput    
0000075b  GPIOPinTypeGPIOOutput   
000007d3  GPIOPinWrite            
000007c1  ResetISR                
UNDEFED   SHT$$INIT_ARRAY$$Base   
UNDEFED   SHT$$INIT_ARRAY$$Limit  
000006fd  SysCtlPeripheralEnable  
20000200  __STACK_END             
00000200  __STACK_SIZE            
20000200  __STACK_TOP             
00000800  __TI_CINIT_Base         
00000808  __TI_CINIT_Limit        
000007f8  __TI_Handler_Table_Base 
00000800  __TI_Handler_Table_Limit
00000545  __TI_auto_init          
20000208  __TI_cleanup_ptr        
000007b3  __TI_decompress_none    
000007d9  __TI_decompress_rle24   
2000020c  __TI_dtors_ptr          
00000000  __TI_static_base__      
000004c9  __aeabi_memclr          
000004c9  __aeabi_memclr4         
000004c9  __aeabi_memclr8         
0000039f  __aeabi_memcpy          
0000039f  __aeabi_memcpy4         
0000039f  __aeabi_memcpy8         
000004cb  __aeabi_memset          
000004cb  __aeabi_memset4         
000004cb  __aeabi_memset8         
ffffffff  __binit__               
ffffffff  __c_args__              
20000000  __stack                 
00000775  _args_main              
0000061d  _c_int00                
20000200  _lock                   
0000079b  _nop                    
00000793  _register_lock          
0000078d  _register_unlock        
000007df  _system_pre_init        
20000204  _unlock                 
000006bd  abort                   
ffffffff  binit                   
0000066d  copy_in                 
000006c5  exit                    
00000000  g_pfnVectors            
0000043d  main                    
20000210  main_func_sp            
0000039f  memcpy                  
000004d1  memset                  


GLOBAL SYMBOLS: SORTED BY Symbol Address 

address   name                    
-------   ----                    
00000000  __TI_static_base__      
00000000  g_pfnVectors            
00000200  __STACK_SIZE            
0000026d  GPIOPadConfigSet        
0000039f  __aeabi_memcpy          
0000039f  __aeabi_memcpy4         
0000039f  __aeabi_memcpy8         
0000039f  memcpy                  
0000043d  main                    
000004c9  __aeabi_memclr          
000004c9  __aeabi_memclr4         
000004c9  __aeabi_memclr8         
000004cb  __aeabi_memset          
000004cb  __aeabi_memset4         
000004cb  __aeabi_memset8         
000004d1  memset                  
00000545  __TI_auto_init          
0000061d  _c_int00                
0000066d  copy_in                 
000006b9  C$$EXIT                 
000006bd  abort                   
000006c5  exit                    
000006fd  SysCtlPeripheralEnable  
00000731  GPIODirModeSet          
0000075b  GPIOPinTypeGPIOOutput   
00000775  _args_main              
0000078d  _register_unlock        
00000793  _register_lock          
0000079b  _nop                    
000007a1  GPIOPinTypeGPIOInput    
000007b3  __TI_decompress_none    
000007c1  ResetISR                
000007cd  GPIOPinRead             
000007d3  GPIOPinWrite            
000007d9  __TI_decompress_rle24   
000007df  _system_pre_init        
000007f8  __TI_Handler_Table_Base 
00000800  __TI_CINIT_Base         
00000800  __TI_Handler_Table_Limit
00000808  __TI_CINIT_Limit        
20000000  __stack                 
20000200  __STACK_END             
20000200  __STACK_TOP             
20000200  _lock                   
20000204  _unlock                 
20000208  __TI_cleanup_ptr        
2000020c  __TI_dtors_ptr          
20000210  main_func_sp            
ffffffff  __binit__               
ffffffff  __c_args__              
ffffffff  binit                   
UNDEFED   SHT$$INIT_ARRAY$$Base   
UNDEFED   SHT$$INIT_ARRAY$$Limit  

[53 symbols]
