******************************************************************************
                  TI ARM Linker PC v15.12.3                    
******************************************************************************
>> Linked Fri Dec 23 05:48:57 2016

OUTPUT FILE NAME:   <timers.out>
ENTRY POINT SYMBOL: "_c_int00"  address: 00000719


MEMORY CONFIGURATION

         name            origin    length      used     unused   attr    fill
----------------------  --------  ---------  --------  --------  ----  --------
  FLASH                 00000000   00040000  00000b24  0003f4dc  R  X
  SRAM                  20000000   00008000  0000048c  00007b74  RW X


SEGMENT ALLOCATION MAP

run origin  load origin   length   init length attrs members
----------  ----------- ---------- ----------- ----- -------
00000000    00000000    00000b24   00000b24    r-x
  00000000    00000000    0000026c   0000026c    r-- .intvecs
  0000026c    0000026c    00000754   00000754    r-x .text
  000009c0    000009c0    00000110   00000110    r-- .const
  00000ad0    00000ad0    00000054   00000054    r-- .cinit
20000000    20000000    0000048c   00000000    rw-
  20000000    20000000    0000026c   00000000    rw- .vtable
  2000026c    2000026c    00000200   00000000    rw- .stack
  2000046c    2000046c    0000001c   00000000    rw- .data
  20000488    20000488    00000004   00000000    rw- .bss


SECTION ALLOCATION MAP

 output                                  attributes/
section   page    origin      length       input sections
--------  ----  ----------  ----------   ----------------
.intvecs   0    00000000    0000026c     
                  00000000    0000026c     tm4c123gh6pm_startup_ccs.obj (.intvecs)

.text      0    0000026c    00000754     
                  0000026c    00000132     driverlib.lib : gpio.obj (.text:GPIOPadConfigSet)
                  0000039e    00000002     rtsv7M4_T_le_v4SPD16_eabi.lib : mpu_init.obj (.text)
                  000003a0    000000bc     main.obj (.text)
                  0000045c    0000009c     rtsv7M4_T_le_v4SPD16_eabi.lib : memcpy_t2.obj (.text)
                  000004f8    0000007a                                   : memset_t2.obj (.text)
                  00000572    00000002                                   : startup.obj (.text)
                  00000574    00000070                                   : autoinit.obj (.text)
                  000005e4    0000006a                                   : copy_decompress_rle.obj (.text)
                  0000064e    00000002     --HOLE-- [fill = 0]
                  00000650    00000068     driverlib.lib : interrupt.obj (.text:IntEnable)
                  000006b8    00000060                   : timer.obj (.text:TimerConfigure)
                  00000718    00000054     rtsv7M4_T_le_v4SPD16_eabi.lib : boot.obj (.text)
                  0000076c    00000054                                   : exit.obj (.text)
                  000007c0    0000004c     driverlib.lib : timer.obj (.text:_TimerIntNumberGet)
                  0000080c    0000004c     rtsv7M4_T_le_v4SPD16_eabi.lib : cpy_tbl.obj (.text)
                  00000858    00000034     driverlib.lib : interrupt.obj (.text:IntRegister)
                  0000088c    00000034                   : sysctl.obj (.text:SysCtlPeripheralEnable)
                  000008c0    0000002a                   : gpio.obj (.text:GPIODirModeSet)
                  000008ea    00000018                   : gpio.obj (.text:GPIOPinTypeGPIOOutput)
                  00000902    00000018                   : timer.obj (.text:TimerIntRegister)
                  0000091a    00000002     --HOLE-- [fill = 0]
                  0000091c    00000018     rtsv7M4_T_le_v4SPD16_eabi.lib : args_main.obj (.text)
                  00000934    00000014                                   : _lock.obj (.text)
                  00000948    00000012     driverlib.lib : timer.obj (.text:TimerLoadSet)
                  0000095a    00000010                   : interrupt.obj (.text:IntMasterEnable)
                  0000096a    0000000e                   : timer.obj (.text:TimerEnable)
                  00000978    0000000e     rtsv7M4_T_le_v4SPD16_eabi.lib : copy_decompress_none.obj (.text:decompress:none)
                  00000986    0000000c     driverlib.lib : cpu.obj (.text:CPUcpsie)
                  00000992    0000000c     tm4c123gh6pm_startup_ccs.obj (.text)
                  0000099e    00000008     driverlib.lib : timer.obj (.text:TimerIntEnable)
                  000009a6    00000006                   : gpio.obj (.text:GPIOPinRead)
                  000009ac    00000006                   : gpio.obj (.text:GPIOPinWrite)
                  000009b2    00000006     rtsv7M4_T_le_v4SPD16_eabi.lib : copy_decompress_rle.obj (.text:decompress:rle24)
                  000009b8    00000004     driverlib.lib : timer.obj (.text:TimerIntClear)
                  000009bc    00000004     rtsv7M4_T_le_v4SPD16_eabi.lib : pre_init.obj (.text)

.const     0    000009c0    00000110     
                  000009c0    00000070     driverlib.lib : interrupt.obj (.const)
                  00000a30    00000060                   : timer.obj (.const:g_ppui32TimerIntMap)
                  00000a90    00000040                   : timer.obj (.const:g_ppui32TimerIntMapSnowflake)

.cinit     0    00000ad0    00000054     
                  00000ad0    00000016     (.cinit..data.load) [load image, compression = rle]
                  00000ae6    00000002     --HOLE-- [fill = 0]
                  00000ae8    0000000b     (.cinit..vtable.load) [load image, compression = rle]
                  00000af3    00000005     --HOLE-- [fill = 0]
                  00000af8    00000009     (.cinit..bss.load) [load image, compression = rle]
                  00000b01    00000003     --HOLE-- [fill = 0]
                  00000b04    00000008     (__TI_handler_table)
                  00000b0c    00000018     (__TI_cinit_table)

.init_array 
*          0    00000000    00000000     UNINITIALIZED

.vtable    0    20000000    0000026c     UNINITIALIZED
                  20000000    0000026c     driverlib.lib : interrupt.obj (.vtable)

.stack     0    2000026c    00000200     UNINITIALIZED
                  2000026c    00000200     --HOLE--

.data      0    2000046c    0000001c     UNINITIALIZED
                  2000046c    0000000c     rtsv7M4_T_le_v4SPD16_eabi.lib : exit.obj (.data:$O1$$)
                  20000478    00000008                                   : _lock.obj (.data:$O1$$)
                  20000480    00000004     main.obj (.data)
                  20000484    00000004     rtsv7M4_T_le_v4SPD16_eabi.lib : stkdepth_vars.obj (.data)

.bss       0    20000488    00000004     UNINITIALIZED
                  20000488    00000004     (.common:status)

MODULE SUMMARY

       Module                         code   ro data   rw data
       ------                         ----   -------   -------
    .\
       tm4c123gh6pm_startup_ccs.obj   12     620       0      
       main.obj                       188    0         8      
    +--+------------------------------+------+---------+---------+
       Total:                         200    620       8      
                                                              
    C:/TEXASINSTRUMENTS/driverlib/ccs/Debug/driverlib.lib
       interrupt.obj                  172    112       620    
       timer.obj                      240    160       0      
       gpio.obj                       384    0         0      
       sysctl.obj                     52     0         0      
       cpu.obj                        12     0         0      
    +--+------------------------------+------+---------+---------+
       Total:                         860    272       620    
                                                              
    C:\TEXASINSTRUMENTS\ccsv6\tools\compiler\arm_15.12.3.LTS\lib\rtsv7M4_T_le_v4SPD16_eabi.lib
       memcpy_t2.obj                  156    0         0      
       memset_t2.obj                  122    0         0      
       autoinit.obj                   112    0         0      
       copy_decompress_rle.obj        112    0         0      
       exit.obj                       84     0         12     
       boot.obj                       84     0         0      
       cpy_tbl.obj                    76     0         0      
       _lock.obj                      20     0         8      
       args_main.obj                  24     0         0      
       copy_decompress_none.obj       14     0         0      
       pre_init.obj                   4      0         0      
       stkdepth_vars.obj              0      0         4      
       mpu_init.obj                   2      0         0      
       startup.obj                    2      0         0      
    +--+------------------------------+------+---------+---------+
       Total:                         812    0         24     
                                                              
       Stack:                         0      0         512    
       Linker Generated:              0      74        0      
    +--+------------------------------+------+---------+---------+
       Grand Total:                   1872   966       1164   


LINKER GENERATED COPY TABLES

__TI_cinit_table @ 00000b0c records: 3, size/record: 8, table size: 24
	.data: load addr=00000ad0, load size=00000016 bytes, run addr=2000046c, run size=0000001c bytes, compression=rle
	.vtable: load addr=00000ae8, load size=0000000b bytes, run addr=20000000, run size=0000026c bytes, compression=rle
	.bss: load addr=00000af8, load size=00000009 bytes, run addr=20000488, run size=00000004 bytes, compression=rle


LINKER GENERATED HANDLER TABLE

__TI_handler_table @ 00000b04 records: 2, size/record: 4, table size: 8
	index: 0, handler: __TI_decompress_rle24
	index: 1, handler: __TI_decompress_none


GLOBAL SYMBOLS: SORTED ALPHABETICALLY BY Name 

address   name                           
-------   ----                           
0000076d  C$$EXIT                        
00000987  CPUcpsie                       
000008c1  GPIODirModeSet                 
0000026d  GPIOPadConfigSet               
000009a7  GPIOPinRead                    
000008eb  GPIOPinTypeGPIOOutput          
000009ad  GPIOPinWrite                   
00000651  IntEnable                      
0000095b  IntMasterEnable                
00000859  IntRegister                    
00000993  ResetISR                       
UNDEFED   SHT$$INIT_ARRAY$$Base          
UNDEFED   SHT$$INIT_ARRAY$$Limit         
0000088d  SysCtlPeripheralEnable         
000006b9  TimerConfigure                 
0000096b  TimerEnable                    
000009b9  TimerIntClear                  
0000099f  TimerIntEnable                 
00000903  TimerIntRegister               
00000949  TimerLoadSet                   
2000046c  __STACK_END                    
00000200  __STACK_SIZE                   
2000046c  __STACK_TOP                    
00000b0c  __TI_CINIT_Base                
00000b24  __TI_CINIT_Limit               
00000b04  __TI_Handler_Table_Base        
00000b0c  __TI_Handler_Table_Limit       
00000575  __TI_auto_init                 
2000046c  __TI_cleanup_ptr               
00000979  __TI_decompress_none           
000009b3  __TI_decompress_rle24          
20000470  __TI_dtors_ptr                 
20000474  __TI_enable_exit_profile_output
ffffffff  __TI_pprof_out_hndl            
ffffffff  __TI_prof_data_size            
ffffffff  __TI_prof_data_start           
00000000  __TI_static_base__             
000004f9  __aeabi_memclr                 
000004f9  __aeabi_memclr4                
000004f9  __aeabi_memclr8                
0000045d  __aeabi_memcpy                 
0000045d  __aeabi_memcpy4                
0000045d  __aeabi_memcpy8                
000004fb  __aeabi_memset                 
000004fb  __aeabi_memset4                
000004fb  __aeabi_memset8                
ffffffff  __binit__                      
ffffffff  __c_args__                     
0000039f  __mpu_init                     
2000026c  __stack                        
0000091d  _args_main                     
00000719  _c_int00                       
20000478  _lock                          
00000943  _nop                           
0000093b  _register_lock                 
00000935  _register_unlock               
00000573  _system_post_cinit             
000009bd  _system_pre_init               
2000047c  _unlock                        
00000771  abort                          
ffffffff  binit                          
0000080d  copy_in                        
00000779  exit                           
000003f5  func                           
20000000  g_pfnRAMVectors                
00000000  g_pfnVectors                   
20000480  i                              
000003a1  main                           
20000484  main_func_sp                   
0000045d  memcpy                         
00000501  memset                         
20000488  status                         


GLOBAL SYMBOLS: SORTED BY Symbol Address 

address   name                           
-------   ----                           
00000000  __TI_static_base__             
00000000  g_pfnVectors                   
00000200  __STACK_SIZE                   
0000026d  GPIOPadConfigSet               
0000039f  __mpu_init                     
000003a1  main                           
000003f5  func                           
0000045d  __aeabi_memcpy                 
0000045d  __aeabi_memcpy4                
0000045d  __aeabi_memcpy8                
0000045d  memcpy                         
000004f9  __aeabi_memclr                 
000004f9  __aeabi_memclr4                
000004f9  __aeabi_memclr8                
000004fb  __aeabi_memset                 
000004fb  __aeabi_memset4                
000004fb  __aeabi_memset8                
00000501  memset                         
00000573  _system_post_cinit             
00000575  __TI_auto_init                 
00000651  IntEnable                      
000006b9  TimerConfigure                 
00000719  _c_int00                       
0000076d  C$$EXIT                        
00000771  abort                          
00000779  exit                           
0000080d  copy_in                        
00000859  IntRegister                    
0000088d  SysCtlPeripheralEnable         
000008c1  GPIODirModeSet                 
000008eb  GPIOPinTypeGPIOOutput          
00000903  TimerIntRegister               
0000091d  _args_main                     
00000935  _register_unlock               
0000093b  _register_lock                 
00000943  _nop                           
00000949  TimerLoadSet                   
0000095b  IntMasterEnable                
0000096b  TimerEnable                    
00000979  __TI_decompress_none           
00000987  CPUcpsie                       
00000993  ResetISR                       
0000099f  TimerIntEnable                 
000009a7  GPIOPinRead                    
000009ad  GPIOPinWrite                   
000009b3  __TI_decompress_rle24          
000009b9  TimerIntClear                  
000009bd  _system_pre_init               
00000b04  __TI_Handler_Table_Base        
00000b0c  __TI_CINIT_Base                
00000b0c  __TI_Handler_Table_Limit       
00000b24  __TI_CINIT_Limit               
20000000  g_pfnRAMVectors                
2000026c  __stack                        
2000046c  __STACK_END                    
2000046c  __STACK_TOP                    
2000046c  __TI_cleanup_ptr               
20000470  __TI_dtors_ptr                 
20000474  __TI_enable_exit_profile_output
20000478  _lock                          
2000047c  _unlock                        
20000480  i                              
20000484  main_func_sp                   
20000488  status                         
ffffffff  __TI_pprof_out_hndl            
ffffffff  __TI_prof_data_size            
ffffffff  __TI_prof_data_start           
ffffffff  __binit__                      
ffffffff  __c_args__                     
ffffffff  binit                          
UNDEFED   SHT$$INIT_ARRAY$$Base          
UNDEFED   SHT$$INIT_ARRAY$$Limit         

[72 symbols]
