******************************************************************************
                  TI ARM Linker PC v5.2.5                      
******************************************************************************
>> Linked Thu Jan 05 13:34:44 2017

OUTPUT FILE NAME:   <UART Write.out>
ENTRY POINT SYMBOL: "_c_int00"  address: 00000bdd


MEMORY CONFIGURATION

         name            origin    length      used     unused   attr    fill
----------------------  --------  ---------  --------  --------  ----  --------
  FLASH                 00000000   00040000  00000fd0  0003f030  R  X
  SRAM                  20000000   00008000  0000021c  00007de4  RW X


SEGMENT ALLOCATION MAP

run origin  load origin   length   init length attrs members
----------  ----------- ---------- ----------- ----- -------
00000000    00000000    00000fd8   00000fd8    r-x
  00000000    00000000    0000026c   0000026c    r-- .intvecs
  0000026c    0000026c    00000c86   00000c86    r-x .text
  00000ef4    00000ef4    000000be   000000be    r-- .const
  00000fb8    00000fb8    00000020   00000020    r-- .cinit
20000000    20000000    0000021c   00000000    rw-
  20000000    20000000    00000200   00000000    rw- .stack
  20000200    20000200    0000001c   00000000    rw- .data


SECTION ALLOCATION MAP

 output                                  attributes/
section   page    origin      length       input sections
--------  ----  ----------  ----------   ----------------
.intvecs   0    00000000    0000026c     
                  00000000    0000026c     tm4c123gh6pm_startup_ccs.obj (.intvecs)

.text      0    0000026c    00000c86     
                  0000026c    0000049c     uartstdio.obj (.text)
                  00000708    00000132     driverlib.lib : gpio.obj (.text:GPIOPadConfigSet)
                  0000083a    00000002     rtsv7M4_T_le_v4SPD16_eabi.lib : i_div0.obj (.text)
                  0000083c    000000f4     driverlib.lib : sysctl.obj (.text:SysCtlClockSet)
                  00000930    000000bc     main.obj (.text)
                  000009ec    0000009c     rtsv7M4_T_le_v4SPD16_eabi.lib : memcpy_t2.obj (.text)
                  00000a88    0000007a                                   : memset_t2.obj (.text)
                  00000b02    00000002     --HOLE-- [fill = 0]
                  00000b04    0000006c                                   : autoinit.obj (.text)
                  00000b70    0000006a                                   : copy_decompress_rle.obj (.text)
                  00000bda    00000002     --HOLE-- [fill = 0]
                  00000bdc    00000050                                   : boot.obj (.text)
                  00000c2c    0000004c                                   : cpy_tbl.obj (.text)
                  00000c78    00000048     driverlib.lib : gpio.obj (.text:GPIOPinConfigure)
                  00000cc0    00000046                   : uart.obj (.text:UARTConfigSetExpClk)
                  00000d06    00000002     --HOLE-- [fill = 0]
                  00000d08    00000044     rtsv7M4_T_le_v4SPD16_eabi.lib : exit.obj (.text)
                  00000d4c    00000040                                   : u_divt2.obj (.text)
                  00000d8c    00000038     driverlib.lib : sysctl.obj (.text:SysCtlPeripheralPresent)
                  00000dc4    00000034                   : sysctl.obj (.text:SysCtlPeripheralEnable)
                  00000df8    0000002a                   : gpio.obj (.text:GPIODirModeSet)
                  00000e22    00000002     --HOLE-- [fill = 0]
                  00000e24    00000020                   : uart.obj (.text:UARTDisable)
                  00000e44    00000018                   : gpio.obj (.text:GPIOPinTypeGPIOOutput)
                  00000e5c    00000018     rtsv7M4_T_le_v4SPD16_eabi.lib : args_main.obj (.text)
                  00000e74    00000014     driverlib.lib : uart.obj (.text:UARTEnable)
                  00000e88    00000014     rtsv7M4_T_le_v4SPD16_eabi.lib : _lock.obj (.text)
                  00000e9c    00000012     driverlib.lib : gpio.obj (.text:GPIOPinTypeUART)
                  00000eae    0000000e     rtsv7M4_T_le_v4SPD16_eabi.lib : copy_decompress_none.obj (.text:decompress:none)
                  00000ebc    0000000c     tm4c123gh6pm_startup_ccs.obj (.text)
                  00000ec8    0000000a     driverlib.lib : uart.obj (.text:UARTCharGet)
                  00000ed2    0000000a                   : uart.obj (.text:UARTCharPut)
                  00000edc    00000006                   : gpio.obj (.text:GPIOPinWrite)
                  00000ee2    00000006                   : sysctl.obj (.text:SysCtlDelay)
                  00000ee8    00000006     rtsv7M4_T_le_v4SPD16_eabi.lib : copy_decompress_rle.obj (.text:decompress:rle24)
                  00000eee    00000004                                   : pre_init.obj (.text)

.const     0    00000ef4    000000be     
                  00000ef4    00000090     driverlib.lib : gpio.obj (.const:g_pui32GPIOBaseAddrs)
                  00000f84    0000001c     uartstdio.obj (.const)
                  00000fa0    00000012     uartstdio.obj (.const:.string)

.cinit     0    00000fb8    00000020     
                  00000fb8    0000000f     (.cinit..data.load) [load image, compression = rle]
                  00000fc7    00000001     --HOLE-- [fill = 0]
                  00000fc8    00000008     (__TI_handler_table)
                  00000fd0    00000008     (__TI_cinit_table)

.init_array 
*          0    00000000    00000000     UNINITIALIZED

.stack     0    20000000    00000200     UNINITIALIZED
                  20000000    00000200     --HOLE--

.data      0    20000200    0000001c     UNINITIALIZED
                  20000200    00000008     rtsv7M4_T_le_v4SPD16_eabi.lib : _lock.obj (.data)
                  20000208    00000008                                   : exit.obj (.data)
                  20000210    00000005     uartstdio.obj (.data)
                  20000215    00000003     --HOLE--
                  20000218    00000004     rtsv7M4_T_le_v4SPD16_eabi.lib : stkdepth_vars.obj (.data)

.TI.persistent 
*          0    20000200    00000000     UNINITIALIZED


LINKER GENERATED COPY TABLES

__TI_cinit_table @ 00000fd0 records: 1, size/record: 8, table size: 8
	.data: load addr=00000fb8, load size=0000000f bytes, run addr=20000200, run size=0000001c bytes, compression=rle


LINKER GENERATED HANDLER TABLE

__TI_handler_table @ 00000fc8 records: 2, size/record: 4, table size: 8
	index: 0, handler: __TI_decompress_rle24
	index: 1, handler: __TI_decompress_none


GLOBAL SYMBOLS: SORTED ALPHABETICALLY BY Name 

address   name                    
-------   ----                    
00000d09  C$$EXIT                 
00000df9  GPIODirModeSet          
00000709  GPIOPadConfigSet        
00000c79  GPIOPinConfigure        
00000e45  GPIOPinTypeGPIOOutput   
00000e9d  GPIOPinTypeUART         
00000edd  GPIOPinWrite            
00000ebd  ResetISR                
UNDEFED   SHT$$INIT_ARRAY$$Base   
UNDEFED   SHT$$INIT_ARRAY$$Limit  
0000083d  SysCtlClockSet          
00000ee3  SysCtlDelay             
00000dc5  SysCtlPeripheralEnable  
00000d8d  SysCtlPeripheralPresent 
00000ec9  UARTCharGet             
00000ed3  UARTCharPut             
00000cc1  UARTConfigSetExpClk     
00000e25  UARTDisable             
00000e75  UARTEnable              
0000026d  UARTStdioConfig         
000003b3  UARTgetc                
000002f9  UARTgets                
000006d3  UARTprintf              
000003d9  UARTvprintf             
000002b3  UARTwrite               
20000200  __STACK_END             
00000200  __STACK_SIZE            
20000200  __STACK_TOP             
00000fd0  __TI_CINIT_Base         
00000fd8  __TI_CINIT_Limit        
00000fc8  __TI_Handler_Table_Base 
00000fd0  __TI_Handler_Table_Limit
00000b05  __TI_auto_init          
20000208  __TI_cleanup_ptr        
00000eaf  __TI_decompress_none    
00000ee9  __TI_decompress_rle24   
2000020c  __TI_dtors_ptr          
00000000  __TI_static_base__      
0000083b  __aeabi_idiv0           
00000a89  __aeabi_memclr          
00000a89  __aeabi_memclr4         
00000a89  __aeabi_memclr8         
000009ed  __aeabi_memcpy          
000009ed  __aeabi_memcpy4         
000009ed  __aeabi_memcpy8         
00000a8b  __aeabi_memset          
00000a8b  __aeabi_memset4         
00000a8b  __aeabi_memset8         
00000d4d  __aeabi_uidiv           
00000d4d  __aeabi_uidivmod        
ffffffff  __binit__               
ffffffff  __c_args__              
20000000  __stack                 
00000e5d  _args_main              
00000bdd  _c_int00                
20000200  _lock                   
00000e97  _nop                    
00000e8f  _register_lock          
00000e89  _register_unlock        
00000eef  _system_pre_init        
20000204  _unlock                 
00000d0d  abort                   
ffffffff  binit                   
00000c2d  copy_in                 
00000d15  exit                    
00000000  g_pfnVectors            
00000931  main                    
20000218  main_func_sp            
000009ed  memcpy                  
00000a91  memset                  


GLOBAL SYMBOLS: SORTED BY Symbol Address 

address   name                    
-------   ----                    
00000000  __TI_static_base__      
00000000  g_pfnVectors            
00000200  __STACK_SIZE            
0000026d  UARTStdioConfig         
000002b3  UARTwrite               
000002f9  UARTgets                
000003b3  UARTgetc                
000003d9  UARTvprintf             
000006d3  UARTprintf              
00000709  GPIOPadConfigSet        
0000083b  __aeabi_idiv0           
0000083d  SysCtlClockSet          
00000931  main                    
000009ed  __aeabi_memcpy          
000009ed  __aeabi_memcpy4         
000009ed  __aeabi_memcpy8         
000009ed  memcpy                  
00000a89  __aeabi_memclr          
00000a89  __aeabi_memclr4         
00000a89  __aeabi_memclr8         
00000a8b  __aeabi_memset          
00000a8b  __aeabi_memset4         
00000a8b  __aeabi_memset8         
00000a91  memset                  
00000b05  __TI_auto_init          
00000bdd  _c_int00                
00000c2d  copy_in                 
00000c79  GPIOPinConfigure        
00000cc1  UARTConfigSetExpClk     
00000d09  C$$EXIT                 
00000d0d  abort                   
00000d15  exit                    
00000d4d  __aeabi_uidiv           
00000d4d  __aeabi_uidivmod        
00000d8d  SysCtlPeripheralPresent 
00000dc5  SysCtlPeripheralEnable  
00000df9  GPIODirModeSet          
00000e25  UARTDisable             
00000e45  GPIOPinTypeGPIOOutput   
00000e5d  _args_main              
00000e75  UARTEnable              
00000e89  _register_unlock        
00000e8f  _register_lock          
00000e97  _nop                    
00000e9d  GPIOPinTypeUART         
00000eaf  __TI_decompress_none    
00000ebd  ResetISR                
00000ec9  UARTCharGet             
00000ed3  UARTCharPut             
00000edd  GPIOPinWrite            
00000ee3  SysCtlDelay             
00000ee9  __TI_decompress_rle24   
00000eef  _system_pre_init        
00000fc8  __TI_Handler_Table_Base 
00000fd0  __TI_CINIT_Base         
00000fd0  __TI_Handler_Table_Limit
00000fd8  __TI_CINIT_Limit        
20000000  __stack                 
20000200  __STACK_END             
20000200  __STACK_TOP             
20000200  _lock                   
20000204  _unlock                 
20000208  __TI_cleanup_ptr        
2000020c  __TI_dtors_ptr          
20000218  main_func_sp            
ffffffff  __binit__               
ffffffff  __c_args__              
ffffffff  binit                   
UNDEFED   SHT$$INIT_ARRAY$$Base   
UNDEFED   SHT$$INIT_ARRAY$$Limit  

[70 symbols]
