******************************************************************************
                  TI ARM Linker PC v15.12.3                    
******************************************************************************
>> Linked Fri Dec 16 06:06:15 2016

OUTPUT FILE NAME:   <ledpattern_buttoncontrolled.out>
ENTRY POINT SYMBOL: "_c_int00"  address: 00000739


MEMORY CONFIGURATION

         name            origin    length      used     unused   attr    fill
----------------------  --------  ---------  --------  --------  ----  --------
  FLASH                 00000000   00040000  00000940  0003f6c0  R  X
  SRAM                  20000000   00008000  00000218  00007de8  RW X


SEGMENT ALLOCATION MAP

run origin  load origin   length   init length attrs members
----------  ----------- ---------- ----------- ----- -------
00000000    00000000    00000940   00000940    r-x
  00000000    00000000    0000026c   0000026c    r-- .intvecs
  0000026c    0000026c    000006ac   000006ac    r-x .text
  00000918    00000918    00000028   00000028    r-- .cinit
20000000    20000000    00000218   00000000    rw-
  20000000    20000000    00000200   00000000    rw- .stack
  20000200    20000200    00000018   00000000    rw- .data


SECTION ALLOCATION MAP

 output                                  attributes/
section   page    origin      length       input sections
--------  ----  ----------  ----------   ----------------
.intvecs   0    00000000    0000026c     
                  00000000    0000026c     tm4c123gh6pm_startup_ccs.obj (.intvecs)

.text      0    0000026c    000006ac     
                  0000026c    000001a8     ledbuttonpatern.obj (.text)
                  00000414    00000132     driverlib.lib : gpio.obj (.text:GPIOPadConfigSet)
                  00000546    0000009c     rtsv7M4_T_le_v4SPD16_eabi.lib : memcpy_t2.obj (.text)
                  000005e2    0000007a                                   : memset_t2.obj (.text)
                  0000065c    00000070                                   : autoinit.obj (.text)
                  000006cc    0000006a                                   : copy_decompress_rle.obj (.text)
                  00000736    00000002                                   : mpu_init.obj (.text)
                  00000738    00000054                                   : boot.obj (.text)
                  0000078c    00000054                                   : exit.obj (.text)
                  000007e0    0000004c                                   : cpy_tbl.obj (.text)
                  0000082c    00000034     driverlib.lib : sysctl.obj (.text:SysCtlPeripheralEnable)
                  00000860    0000002a                   : gpio.obj (.text:GPIODirModeSet)
                  0000088a    00000018                   : gpio.obj (.text:GPIOPinTypeGPIOOutput)
                  000008a2    00000002     rtsv7M4_T_le_v4SPD16_eabi.lib : startup.obj (.text)
                  000008a4    00000018                                   : args_main.obj (.text)
                  000008bc    00000014                                   : _lock.obj (.text)
                  000008d0    00000012     driverlib.lib : gpio.obj (.text:GPIOPinTypeGPIOInput)
                  000008e2    0000000e     rtsv7M4_T_le_v4SPD16_eabi.lib : copy_decompress_none.obj (.text:decompress:none)
                  000008f0    0000000c     tm4c123gh6pm_startup_ccs.obj (.text)
                  000008fc    00000006     driverlib.lib : gpio.obj (.text:GPIOPinRead)
                  00000902    00000006                   : gpio.obj (.text:GPIOPinWrite)
                  00000908    00000006                   : sysctl.obj (.text:SysCtlDelay)
                  0000090e    00000006     rtsv7M4_T_le_v4SPD16_eabi.lib : copy_decompress_rle.obj (.text:decompress:rle24)
                  00000914    00000004                                   : pre_init.obj (.text)

.cinit     0    00000918    00000028     
                  00000918    00000016     (.cinit..data.load) [load image, compression = rle]
                  0000092e    00000002     --HOLE-- [fill = 0]
                  00000930    00000008     (__TI_handler_table)
                  00000938    00000008     (__TI_cinit_table)

.init_array 
*          0    00000000    00000000     UNINITIALIZED

.stack     0    20000000    00000200     UNINITIALIZED
                  20000000    00000200     --HOLE--

.data      0    20000200    00000018     UNINITIALIZED
                  20000200    0000000c     rtsv7M4_T_le_v4SPD16_eabi.lib : exit.obj (.data:$O1$$)
                  2000020c    00000008                                   : _lock.obj (.data:$O1$$)
                  20000214    00000004                                   : stkdepth_vars.obj (.data)

MODULE SUMMARY

       Module                         code   ro data   rw data
       ------                         ----   -------   -------
    .\
       tm4c123gh6pm_startup_ccs.obj   12     620       0      
       ledbuttonpatern.obj            424    0         0      
    +--+------------------------------+------+---------+---------+
       Total:                         436    620       0      
                                                              
    C:/TEXASINSTRUMENTS/TivaWare_C_Series-2.1.3.156/driverlib/ccs/Debug/driverlib.lib
       gpio.obj                       402    0         0      
       sysctl.obj                     58     0         0      
    +--+------------------------------+------+---------+---------+
       Total:                         460    0         0      
                                                              
    C:\TEXASINSTRUMENTS\ccsv6\tools\compiler\arm_15.12.3.LTS\lib\rtsv7M4_T_le_v4SPD16_eabi.lib
       memcpy_t2.obj                  156    0         0      
       memset_t2.obj                  122    0         0      
       autoinit.obj                   112    0         0      
       copy_decompress_rle.obj        112    0         0      
       exit.obj                       84     0         12     
       boot.obj                       84     0         0      
       cpy_tbl.obj                    76     0         0      
       _lock.obj                      20     0         8      
       args_main.obj                  24     0         0      
       copy_decompress_none.obj       14     0         0      
       pre_init.obj                   4      0         0      
       stkdepth_vars.obj              0      0         4      
       mpu_init.obj                   2      0         0      
       startup.obj                    2      0         0      
    +--+------------------------------+------+---------+---------+
       Total:                         812    0         24     
                                                              
       Stack:                         0      0         512    
       Linker Generated:              0      38        0      
    +--+------------------------------+------+---------+---------+
       Grand Total:                   1708   658       536    


LINKER GENERATED COPY TABLES

__TI_cinit_table @ 00000938 records: 1, size/record: 8, table size: 8
	.data: load addr=00000918, load size=00000016 bytes, run addr=20000200, run size=00000018 bytes, compression=rle


LINKER GENERATED HANDLER TABLE

__TI_handler_table @ 00000930 records: 2, size/record: 4, table size: 8
	index: 0, handler: __TI_decompress_rle24
	index: 1, handler: __TI_decompress_none


GLOBAL SYMBOLS: SORTED ALPHABETICALLY BY Name 

address   name                           
-------   ----                           
0000078d  C$$EXIT                        
00000861  GPIODirModeSet                 
00000415  GPIOPadConfigSet               
000008fd  GPIOPinRead                    
000008d1  GPIOPinTypeGPIOInput           
0000088b  GPIOPinTypeGPIOOutput          
00000903  GPIOPinWrite                   
000008f1  ResetISR                       
UNDEFED   SHT$$INIT_ARRAY$$Base          
UNDEFED   SHT$$INIT_ARRAY$$Limit         
00000909  SysCtlDelay                    
0000082d  SysCtlPeripheralEnable         
20000200  __STACK_END                    
00000200  __STACK_SIZE                   
20000200  __STACK_TOP                    
00000938  __TI_CINIT_Base                
00000940  __TI_CINIT_Limit               
00000930  __TI_Handler_Table_Base        
00000938  __TI_Handler_Table_Limit       
0000065d  __TI_auto_init                 
20000200  __TI_cleanup_ptr               
000008e3  __TI_decompress_none           
0000090f  __TI_decompress_rle24          
20000204  __TI_dtors_ptr                 
20000208  __TI_enable_exit_profile_output
ffffffff  __TI_pprof_out_hndl            
ffffffff  __TI_prof_data_size            
ffffffff  __TI_prof_data_start           
00000000  __TI_static_base__             
000005e3  __aeabi_memclr                 
000005e3  __aeabi_memclr4                
000005e3  __aeabi_memclr8                
00000547  __aeabi_memcpy                 
00000547  __aeabi_memcpy4                
00000547  __aeabi_memcpy8                
000005e5  __aeabi_memset                 
000005e5  __aeabi_memset4                
000005e5  __aeabi_memset8                
ffffffff  __binit__                      
ffffffff  __c_args__                     
00000737  __mpu_init                     
20000000  __stack                        
000008a5  _args_main                     
00000739  _c_int00                       
2000020c  _lock                          
000008cb  _nop                           
000008c3  _register_lock                 
000008bd  _register_unlock               
000008a3  _system_post_cinit             
00000915  _system_pre_init               
20000210  _unlock                        
00000791  abort                          
ffffffff  binit                          
000007e1  copy_in                        
00000799  exit                           
00000000  g_pfnVectors                   
0000026d  main                           
20000214  main_func_sp                   
00000547  memcpy                         
000005eb  memset                         
00000317  pattern1                       
0000033b  pattern2                       
0000036f  pattern3                       
000003b3  pattern4                       


GLOBAL SYMBOLS: SORTED BY Symbol Address 

address   name                           
-------   ----                           
00000000  __TI_static_base__             
00000000  g_pfnVectors                   
00000200  __STACK_SIZE                   
0000026d  main                           
00000317  pattern1                       
0000033b  pattern2                       
0000036f  pattern3                       
000003b3  pattern4                       
00000415  GPIOPadConfigSet               
00000547  __aeabi_memcpy                 
00000547  __aeabi_memcpy4                
00000547  __aeabi_memcpy8                
00000547  memcpy                         
000005e3  __aeabi_memclr                 
000005e3  __aeabi_memclr4                
000005e3  __aeabi_memclr8                
000005e5  __aeabi_memset                 
000005e5  __aeabi_memset4                
000005e5  __aeabi_memset8                
000005eb  memset                         
0000065d  __TI_auto_init                 
00000737  __mpu_init                     
00000739  _c_int00                       
0000078d  C$$EXIT                        
00000791  abort                          
00000799  exit                           
000007e1  copy_in                        
0000082d  SysCtlPeripheralEnable         
00000861  GPIODirModeSet                 
0000088b  GPIOPinTypeGPIOOutput          
000008a3  _system_post_cinit             
000008a5  _args_main                     
000008bd  _register_unlock               
000008c3  _register_lock                 
000008cb  _nop                           
000008d1  GPIOPinTypeGPIOInput           
000008e3  __TI_decompress_none           
000008f1  ResetISR                       
000008fd  GPIOPinRead                    
00000903  GPIOPinWrite                   
00000909  SysCtlDelay                    
0000090f  __TI_decompress_rle24          
00000915  _system_pre_init               
00000930  __TI_Handler_Table_Base        
00000938  __TI_CINIT_Base                
00000938  __TI_Handler_Table_Limit       
00000940  __TI_CINIT_Limit               
20000000  __stack                        
20000200  __STACK_END                    
20000200  __STACK_TOP                    
20000200  __TI_cleanup_ptr               
20000204  __TI_dtors_ptr                 
20000208  __TI_enable_exit_profile_output
2000020c  _lock                          
20000210  _unlock                        
20000214  main_func_sp                   
ffffffff  __TI_pprof_out_hndl            
ffffffff  __TI_prof_data_size            
ffffffff  __TI_prof_data_start           
ffffffff  __binit__                      
ffffffff  __c_args__                     
ffffffff  binit                          
UNDEFED   SHT$$INIT_ARRAY$$Base          
UNDEFED   SHT$$INIT_ARRAY$$Limit         

[64 symbols]
