******************************************************************************
                  TI ARM Linker PC v5.2.5                      
******************************************************************************
>> Linked Sat May 21 02:05:28 2016

OUTPUT FILE NAME:   <UART Int.out>
ENTRY POINT SYMBOL: "_c_int00"  address: 00000941


MEMORY CONFIGURATION

         name            origin    length      used     unused   attr    fill
----------------------  --------  ---------  --------  --------  ----  --------
  FLASH                 00000000   00040000  00000dc6  0003f23a  R  X
  SRAM                  20000000   00008000  00000214  00007dec  RW X


SEGMENT ALLOCATION MAP

run origin  load origin   length   init length attrs members
----------  ----------- ---------- ----------- ----- -------
00000000    00000000    00000dc8   00000dc8    r-x
  00000000    00000000    0000026c   0000026c    r-- .intvecs
  0000026c    0000026c    000009ce   000009ce    r-x .text
  00000c3c    00000c3c    0000016c   0000016c    r-- .const
  00000da8    00000da8    00000020   00000020    r-- .cinit
20000000    20000000    00000214   00000000    rw-
  20000000    20000000    00000200   00000000    rw- .stack
  20000200    20000200    00000014   00000000    rw- .data


SECTION ALLOCATION MAP

 output                                  attributes/
section   page    origin      length       input sections
--------  ----  ----------  ----------   ----------------
.intvecs   0    00000000    0000026c     
                  00000000    0000026c     tm4c123gh6pm_startup_ccs.obj (.intvecs)

.text      0    0000026c    000009ce     
                  0000026c    00000144     main.obj (.text)
                  000003b0    00000132     driverlib.lib : gpio.obj (.text:GPIOPadConfigSet)
                  000004e2    00000002     --HOLE-- [fill = 0]
                  000004e4    00000110                   : sysctl.obj (.text:SysCtlClockGet)
                  000005f4    000000f4                   : sysctl.obj (.text:SysCtlClockSet)
                  000006e8    0000009c     rtsv7M4_T_le_v4SPD16_eabi.lib : memcpy_t2.obj (.text)
                  00000784    0000007a                                   : memset_t2.obj (.text)
                  000007fe    00000002     --HOLE-- [fill = 0]
                  00000800    0000006c                                   : autoinit.obj (.text)
                  0000086c    0000006a                                   : copy_decompress_rle.obj (.text)
                  000008d6    00000002     --HOLE-- [fill = 0]
                  000008d8    00000068     driverlib.lib : interrupt.obj (.text:IntEnable)
                  00000940    00000050     rtsv7M4_T_le_v4SPD16_eabi.lib : boot.obj (.text)
                  00000990    0000004c                                   : cpy_tbl.obj (.text)
                  000009dc    00000048     driverlib.lib : gpio.obj (.text:GPIOPinConfigure)
                  00000a24    00000046                   : uart.obj (.text:UARTConfigSetExpClk)
                  00000a6a    00000002     --HOLE-- [fill = 0]
                  00000a6c    00000044     rtsv7M4_T_le_v4SPD16_eabi.lib : exit.obj (.text)
                  00000ab0    00000034     driverlib.lib : sysctl.obj (.text:SysCtlPeripheralEnable)
                  00000ae4    0000002a                   : gpio.obj (.text:GPIODirModeSet)
                  00000b0e    00000002     --HOLE-- [fill = 0]
                  00000b10    00000020                   : uart.obj (.text:UARTDisable)
                  00000b30    00000018                   : gpio.obj (.text:GPIOPinTypeGPIOOutput)
                  00000b48    00000018     rtsv7M4_T_le_v4SPD16_eabi.lib : args_main.obj (.text)
                  00000b60    00000014     driverlib.lib : uart.obj (.text:UARTEnable)
                  00000b74    00000014     rtsv7M4_T_le_v4SPD16_eabi.lib : _lock.obj (.text)
                  00000b88    00000012     driverlib.lib : gpio.obj (.text:GPIOPinTypeUART)
                  00000b9a    00000010                   : interrupt.obj (.text:IntMasterEnable)
                  00000baa    0000000e                   : uart.obj (.text:UARTCharGetNonBlocking)
                  00000bb8    0000000e                   : uart.obj (.text:UARTCharPutNonBlocking)
                  00000bc6    0000000e                   : uart.obj (.text:UARTCharsAvail)
                  00000bd4    0000000e     rtsv7M4_T_le_v4SPD16_eabi.lib : copy_decompress_none.obj (.text:decompress:none)
                  00000be2    0000000c     driverlib.lib : cpu.obj (.text:CPUcpsie)
                  00000bee    0000000c     tm4c123gh6pm_startup_ccs.obj (.text)
                  00000bfa    0000000a     driverlib.lib : uart.obj (.text:UARTCharGet)
                  00000c04    0000000a                   : uart.obj (.text:UARTCharPut)
                  00000c0e    0000000a                   : uart.obj (.text:UARTIntStatus)
                  00000c18    00000008                   : uart.obj (.text:UARTIntEnable)
                  00000c20    00000006                   : gpio.obj (.text:GPIOPinWrite)
                  00000c26    00000006                   : sysctl.obj (.text:SysCtlDelay)
                  00000c2c    00000006     rtsv7M4_T_le_v4SPD16_eabi.lib : copy_decompress_rle.obj (.text:decompress:rle24)
                  00000c32    00000004     driverlib.lib : uart.obj (.text:UARTIntClear)
                  00000c36    00000004     rtsv7M4_T_le_v4SPD16_eabi.lib : pre_init.obj (.text)

.const     0    00000c3c    0000016c     
                  00000c3c    00000090     driverlib.lib : gpio.obj (.const:g_pui32GPIOBaseAddrs)
                  00000ccc    00000070                   : interrupt.obj (.const)
                  00000d3c    0000006c                   : sysctl.obj (.const:g_pui32Xtals)

.cinit     0    00000da8    00000020     
                  00000da8    0000000f     (.cinit..data.load) [load image, compression = rle]
                  00000db7    00000001     --HOLE-- [fill = 0]
                  00000db8    00000008     (__TI_handler_table)
                  00000dc0    00000008     (__TI_cinit_table)

.init_array 
*          0    00000000    00000000     UNINITIALIZED

.stack     0    20000000    00000200     UNINITIALIZED
                  20000000    00000200     --HOLE--

.data      0    20000200    00000014     UNINITIALIZED
                  20000200    00000008     rtsv7M4_T_le_v4SPD16_eabi.lib : _lock.obj (.data)
                  20000208    00000008                                   : exit.obj (.data)
                  20000210    00000004                                   : stkdepth_vars.obj (.data)

.TI.persistent 
*          0    20000200    00000000     UNINITIALIZED


LINKER GENERATED COPY TABLES

__TI_cinit_table @ 00000dc0 records: 1, size/record: 8, table size: 8
	.data: load addr=00000da8, load size=0000000f bytes, run addr=20000200, run size=00000014 bytes, compression=rle


LINKER GENERATED HANDLER TABLE

__TI_handler_table @ 00000db8 records: 2, size/record: 4, table size: 8
	index: 0, handler: __TI_decompress_rle24
	index: 1, handler: __TI_decompress_none


GLOBAL SYMBOLS: SORTED ALPHABETICALLY BY Name 

address   name                    
-------   ----                    
00000a6d  C$$EXIT                 
00000be3  CPUcpsie                
00000ae5  GPIODirModeSet          
000003b1  GPIOPadConfigSet        
000009dd  GPIOPinConfigure        
00000b31  GPIOPinTypeGPIOOutput   
00000b89  GPIOPinTypeUART         
00000c21  GPIOPinWrite            
000008d9  IntEnable               
00000b9b  IntMasterEnable         
00000bef  ResetISR                
UNDEFED   SHT$$INIT_ARRAY$$Base   
UNDEFED   SHT$$INIT_ARRAY$$Limit  
000004e5  SysCtlClockGet          
000005f5  SysCtlClockSet          
00000c27  SysCtlDelay             
00000ab1  SysCtlPeripheralEnable  
00000bfb  UARTCharGet             
00000bab  UARTCharGetNonBlocking  
00000c05  UARTCharPut             
00000bb9  UARTCharPutNonBlocking  
00000bc7  UARTCharsAvail          
00000a25  UARTConfigSetExpClk     
00000b11  UARTDisable             
00000b61  UARTEnable              
00000c33  UARTIntClear            
00000c19  UARTIntEnable           
0000026d  UARTIntHandler          
00000c0f  UARTIntStatus           
20000200  __STACK_END             
00000200  __STACK_SIZE            
20000200  __STACK_TOP             
00000dc0  __TI_CINIT_Base         
00000dc8  __TI_CINIT_Limit        
00000db8  __TI_Handler_Table_Base 
00000dc0  __TI_Handler_Table_Limit
00000801  __TI_auto_init          
20000208  __TI_cleanup_ptr        
00000bd5  __TI_decompress_none    
00000c2d  __TI_decompress_rle24   
2000020c  __TI_dtors_ptr          
00000000  __TI_static_base__      
00000785  __aeabi_memclr          
00000785  __aeabi_memclr4         
00000785  __aeabi_memclr8         
000006e9  __aeabi_memcpy          
000006e9  __aeabi_memcpy4         
000006e9  __aeabi_memcpy8         
00000787  __aeabi_memset          
00000787  __aeabi_memset4         
00000787  __aeabi_memset8         
ffffffff  __binit__               
ffffffff  __c_args__              
20000000  __stack                 
00000b49  _args_main              
00000941  _c_int00                
20000200  _lock                   
00000b83  _nop                    
00000b7b  _register_lock          
00000b75  _register_unlock        
00000c37  _system_pre_init        
20000204  _unlock                 
00000a71  abort                   
ffffffff  binit                   
00000991  copy_in                 
00000a79  exit                    
00000000  g_pfnVectors            
000002c1  main                    
20000210  main_func_sp            
000006e9  memcpy                  
0000078d  memset                  


GLOBAL SYMBOLS: SORTED BY Symbol Address 

address   name                    
-------   ----                    
00000000  __TI_static_base__      
00000000  g_pfnVectors            
00000200  __STACK_SIZE            
0000026d  UARTIntHandler          
000002c1  main                    
000003b1  GPIOPadConfigSet        
000004e5  SysCtlClockGet          
000005f5  SysCtlClockSet          
000006e9  __aeabi_memcpy          
000006e9  __aeabi_memcpy4         
000006e9  __aeabi_memcpy8         
000006e9  memcpy                  
00000785  __aeabi_memclr          
00000785  __aeabi_memclr4         
00000785  __aeabi_memclr8         
00000787  __aeabi_memset          
00000787  __aeabi_memset4         
00000787  __aeabi_memset8         
0000078d  memset                  
00000801  __TI_auto_init          
000008d9  IntEnable               
00000941  _c_int00                
00000991  copy_in                 
000009dd  GPIOPinConfigure        
00000a25  UARTConfigSetExpClk     
00000a6d  C$$EXIT                 
00000a71  abort                   
00000a79  exit                    
00000ab1  SysCtlPeripheralEnable  
00000ae5  GPIODirModeSet          
00000b11  UARTDisable             
00000b31  GPIOPinTypeGPIOOutput   
00000b49  _args_main              
00000b61  UARTEnable              
00000b75  _register_unlock        
00000b7b  _register_lock          
00000b83  _nop                    
00000b89  GPIOPinTypeUART         
00000b9b  IntMasterEnable         
00000bab  UARTCharGetNonBlocking  
00000bb9  UARTCharPutNonBlocking  
00000bc7  UARTCharsAvail          
00000bd5  __TI_decompress_none    
00000be3  CPUcpsie                
00000bef  ResetISR                
00000bfb  UARTCharGet             
00000c05  UARTCharPut             
00000c0f  UARTIntStatus           
00000c19  UARTIntEnable           
00000c21  GPIOPinWrite            
00000c27  SysCtlDelay             
00000c2d  __TI_decompress_rle24   
00000c33  UARTIntClear            
00000c37  _system_pre_init        
00000db8  __TI_Handler_Table_Base 
00000dc0  __TI_CINIT_Base         
00000dc0  __TI_Handler_Table_Limit
00000dc8  __TI_CINIT_Limit        
20000000  __stack                 
20000200  __STACK_END             
20000200  __STACK_TOP             
20000200  _lock                   
20000204  _unlock                 
20000208  __TI_cleanup_ptr        
2000020c  __TI_dtors_ptr          
20000210  main_func_sp            
ffffffff  __binit__               
ffffffff  __c_args__              
ffffffff  binit                   
UNDEFED   SHT$$INIT_ARRAY$$Base   
UNDEFED   SHT$$INIT_ARRAY$$Limit  

[71 symbols]
