******************************************************************************
                  TI ARM Linker PC v5.2.5                      
******************************************************************************
>> Linked Fri Dec 23 15:51:06 2016

OUTPUT FILE NAME:   <testTimers.out>
ENTRY POINT SYMBOL: "_c_int00"  address: 000007e1


MEMORY CONFIGURATION

         name            origin    length      used     unused   attr    fill
----------------------  --------  ---------  --------  --------  ----  --------
  FLASH                 00000000   00040000  00000a72  0003f58e  R  X
  SRAM                  20000000   00008000  00000214  00007dec  RW X


SEGMENT ALLOCATION MAP

run origin  load origin   length   init length attrs members
----------  ----------- ---------- ----------- ----- -------
00000000    00000000    00000a78   00000a78    r-x
  00000000    00000000    0000026c   0000026c    r-- .intvecs
  0000026c    0000026c    00000776   00000776    r-x .text
  000009e4    000009e4    00000070   00000070    r-- .const
  00000a58    00000a58    00000020   00000020    r-- .cinit
20000000    20000000    00000214   00000000    rw-
  20000000    20000000    00000200   00000000    rw- .stack
  20000200    20000200    00000014   00000000    rw- .data


SECTION ALLOCATION MAP

 output                                  attributes/
section   page    origin      length       input sections
--------  ----  ----------  ----------   ----------------
.intvecs   0    00000000    0000026c     
                  00000000    0000026c     tm4c123gh6pm_startup_ccs.obj (.intvecs)

.text      0    0000026c    00000776     
                  0000026c    00000132     driverlib.lib : gpio.obj (.text:GPIOPadConfigSet)
                  0000039e    00000002     --HOLE-- [fill = 0]
                  000003a0    000000f4                   : sysctl.obj (.text:SysCtlClockSet)
                  00000494    0000009c     rtsv7M4_T_le_v4SPD16_eabi.lib : memcpy_t2.obj (.text)
                  00000530    00000094     main.obj (.text)
                  000005c4    0000007a     rtsv7M4_T_le_v4SPD16_eabi.lib : memset_t2.obj (.text)
                  0000063e    00000002     --HOLE-- [fill = 0]
                  00000640    0000006c                                   : autoinit.obj (.text)
                  000006ac    0000006a                                   : copy_decompress_rle.obj (.text)
                  00000716    00000002     --HOLE-- [fill = 0]
                  00000718    00000068     driverlib.lib : interrupt.obj (.text:IntEnable)
                  00000780    00000060                   : timer.obj (.text:TimerConfigure)
                  000007e0    00000050     rtsv7M4_T_le_v4SPD16_eabi.lib : boot.obj (.text)
                  00000830    0000004c                                   : cpy_tbl.obj (.text)
                  0000087c    00000044                                   : exit.obj (.text)
                  000008c0    00000034     driverlib.lib : sysctl.obj (.text:SysCtlPeripheralEnable)
                  000008f4    0000002a                   : gpio.obj (.text:GPIODirModeSet)
                  0000091e    00000018                   : gpio.obj (.text:GPIOPinTypeGPIOOutput)
                  00000936    00000002     --HOLE-- [fill = 0]
                  00000938    00000018     rtsv7M4_T_le_v4SPD16_eabi.lib : args_main.obj (.text)
                  00000950    00000014                                   : _lock.obj (.text)
                  00000964    00000012     driverlib.lib : timer.obj (.text:TimerLoadSet)
                  00000976    00000010                   : interrupt.obj (.text:IntMasterEnable)
                  00000986    0000000e                   : timer.obj (.text:TimerEnable)
                  00000994    0000000e     rtsv7M4_T_le_v4SPD16_eabi.lib : copy_decompress_none.obj (.text:decompress:none)
                  000009a2    0000000c     driverlib.lib : cpu.obj (.text:CPUcpsie)
                  000009ae    0000000c     tm4c123gh6pm_startup_ccs.obj (.text)
                  000009ba    00000008     driverlib.lib : timer.obj (.text:TimerIntEnable)
                  000009c2    00000006                   : gpio.obj (.text:GPIOPinRead)
                  000009c8    00000006                   : gpio.obj (.text:GPIOPinWrite)
                  000009ce    00000006                   : sysctl.obj (.text:SysCtlDelay)
                  000009d4    00000006     rtsv7M4_T_le_v4SPD16_eabi.lib : copy_decompress_rle.obj (.text:decompress:rle24)
                  000009da    00000004     driverlib.lib : timer.obj (.text:TimerIntClear)
                  000009de    00000004     rtsv7M4_T_le_v4SPD16_eabi.lib : pre_init.obj (.text)

.const     0    000009e4    00000070     
                  000009e4    00000070     driverlib.lib : interrupt.obj (.const)

.cinit     0    00000a58    00000020     
                  00000a58    0000000f     (.cinit..data.load) [load image, compression = rle]
                  00000a67    00000001     --HOLE-- [fill = 0]
                  00000a68    00000008     (__TI_handler_table)
                  00000a70    00000008     (__TI_cinit_table)

.init_array 
*          0    00000000    00000000     UNINITIALIZED

.stack     0    20000000    00000200     UNINITIALIZED
                  20000000    00000200     --HOLE--

.data      0    20000200    00000014     UNINITIALIZED
                  20000200    00000008     rtsv7M4_T_le_v4SPD16_eabi.lib : _lock.obj (.data)
                  20000208    00000008                                   : exit.obj (.data)
                  20000210    00000004                                   : stkdepth_vars.obj (.data)

.TI.persistent 
*          0    20000200    00000000     UNINITIALIZED


LINKER GENERATED COPY TABLES

__TI_cinit_table @ 00000a70 records: 1, size/record: 8, table size: 8
	.data: load addr=00000a58, load size=0000000f bytes, run addr=20000200, run size=00000014 bytes, compression=rle


LINKER GENERATED HANDLER TABLE

__TI_handler_table @ 00000a68 records: 2, size/record: 4, table size: 8
	index: 0, handler: __TI_decompress_rle24
	index: 1, handler: __TI_decompress_none


GLOBAL SYMBOLS: SORTED ALPHABETICALLY BY Name 

address   name                    
-------   ----                    
0000087d  C$$EXIT                 
000009a3  CPUcpsie                
000008f5  GPIODirModeSet          
0000026d  GPIOPadConfigSet        
000009c3  GPIOPinRead             
0000091f  GPIOPinTypeGPIOOutput   
000009c9  GPIOPinWrite            
00000719  IntEnable               
00000977  IntMasterEnable         
000009af  ResetISR                
UNDEFED   SHT$$INIT_ARRAY$$Base   
UNDEFED   SHT$$INIT_ARRAY$$Limit  
000003a1  SysCtlClockSet          
000009cf  SysCtlDelay             
000008c1  SysCtlPeripheralEnable  
0000057f  Timer0IntHandler        
00000781  TimerConfigure          
00000987  TimerEnable             
000009db  TimerIntClear           
000009bb  TimerIntEnable          
00000965  TimerLoadSet            
20000200  __STACK_END             
00000200  __STACK_SIZE            
20000200  __STACK_TOP             
00000a70  __TI_CINIT_Base         
00000a78  __TI_CINIT_Limit        
00000a68  __TI_Handler_Table_Base 
00000a70  __TI_Handler_Table_Limit
00000641  __TI_auto_init          
20000208  __TI_cleanup_ptr        
00000995  __TI_decompress_none    
000009d5  __TI_decompress_rle24   
2000020c  __TI_dtors_ptr          
00000000  __TI_static_base__      
000005c5  __aeabi_memclr          
000005c5  __aeabi_memclr4         
000005c5  __aeabi_memclr8         
00000495  __aeabi_memcpy          
00000495  __aeabi_memcpy4         
00000495  __aeabi_memcpy8         
000005c7  __aeabi_memset          
000005c7  __aeabi_memset4         
000005c7  __aeabi_memset8         
ffffffff  __binit__               
ffffffff  __c_args__              
20000000  __stack                 
00000939  _args_main              
000007e1  _c_int00                
20000200  _lock                   
0000095f  _nop                    
00000957  _register_lock          
00000951  _register_unlock        
000009df  _system_pre_init        
20000204  _unlock                 
00000881  abort                   
ffffffff  binit                   
00000831  copy_in                 
00000889  exit                    
00000000  g_pfnVectors            
00000531  main                    
20000210  main_func_sp            
00000495  memcpy                  
000005cd  memset                  


GLOBAL SYMBOLS: SORTED BY Symbol Address 

address   name                    
-------   ----                    
00000000  __TI_static_base__      
00000000  g_pfnVectors            
00000200  __STACK_SIZE            
0000026d  GPIOPadConfigSet        
000003a1  SysCtlClockSet          
00000495  __aeabi_memcpy          
00000495  __aeabi_memcpy4         
00000495  __aeabi_memcpy8         
00000495  memcpy                  
00000531  main                    
0000057f  Timer0IntHandler        
000005c5  __aeabi_memclr          
000005c5  __aeabi_memclr4         
000005c5  __aeabi_memclr8         
000005c7  __aeabi_memset          
000005c7  __aeabi_memset4         
000005c7  __aeabi_memset8         
000005cd  memset                  
00000641  __TI_auto_init          
00000719  IntEnable               
00000781  TimerConfigure          
000007e1  _c_int00                
00000831  copy_in                 
0000087d  C$$EXIT                 
00000881  abort                   
00000889  exit                    
000008c1  SysCtlPeripheralEnable  
000008f5  GPIODirModeSet          
0000091f  GPIOPinTypeGPIOOutput   
00000939  _args_main              
00000951  _register_unlock        
00000957  _register_lock          
0000095f  _nop                    
00000965  TimerLoadSet            
00000977  IntMasterEnable         
00000987  TimerEnable             
00000995  __TI_decompress_none    
000009a3  CPUcpsie                
000009af  ResetISR                
000009bb  TimerIntEnable          
000009c3  GPIOPinRead             
000009c9  GPIOPinWrite            
000009cf  SysCtlDelay             
000009d5  __TI_decompress_rle24   
000009db  TimerIntClear           
000009df  _system_pre_init        
00000a68  __TI_Handler_Table_Base 
00000a70  __TI_CINIT_Base         
00000a70  __TI_Handler_Table_Limit
00000a78  __TI_CINIT_Limit        
20000000  __stack                 
20000200  __STACK_END             
20000200  __STACK_TOP             
20000200  _lock                   
20000204  _unlock                 
20000208  __TI_cleanup_ptr        
2000020c  __TI_dtors_ptr          
20000210  main_func_sp            
ffffffff  __binit__               
ffffffff  __c_args__              
ffffffff  binit                   
UNDEFED   SHT$$INIT_ARRAY$$Base   
UNDEFED   SHT$$INIT_ARRAY$$Limit  

[63 symbols]
